Archive member included to satisfy reference by file (symbol)

d:/mounriver/mounriver_studio/toolchain/risc-v embedded gcc/bin/../lib/gcc/riscv-none-embed/8.2.0/rv32imac/ilp32\libgcc.a(eqdf2.o)
                              ./User/cJSON.o (__eqdf2)
d:/mounriver/mounriver_studio/toolchain/risc-v embedded gcc/bin/../lib/gcc/riscv-none-embed/8.2.0/rv32imac/ilp32\libgcc.a(gedf2.o)
                              ./User/cJSON.o (__gedf2)
d:/mounriver/mounriver_studio/toolchain/risc-v embedded gcc/bin/../lib/gcc/riscv-none-embed/8.2.0/rv32imac/ilp32\libgcc.a(ledf2.o)
                              ./User/cJSON.o (__ledf2)
d:/mounriver/mounriver_studio/toolchain/risc-v embedded gcc/bin/../lib/gcc/riscv-none-embed/8.2.0/rv32imac/ilp32\libgcc.a(muldf3.o)
                              ./User/cJSON.o (__muldf3)
d:/mounriver/mounriver_studio/toolchain/risc-v embedded gcc/bin/../lib/gcc/riscv-none-embed/8.2.0/rv32imac/ilp32\libgcc.a(subdf3.o)
                              ./User/cJSON.o (__subdf3)
d:/mounriver/mounriver_studio/toolchain/risc-v embedded gcc/bin/../lib/gcc/riscv-none-embed/8.2.0/rv32imac/ilp32\libgcc.a(unorddf2.o)
                              ./User/cJSON.o (__unorddf2)
d:/mounriver/mounriver_studio/toolchain/risc-v embedded gcc/bin/../lib/gcc/riscv-none-embed/8.2.0/rv32imac/ilp32\libgcc.a(fixdfsi.o)
                              ./User/cJSON.o (__fixdfsi)
d:/mounriver/mounriver_studio/toolchain/risc-v embedded gcc/bin/../lib/gcc/riscv-none-embed/8.2.0/rv32imac/ilp32\libgcc.a(floatsidf.o)
                              ./User/cJSON.o (__floatsidf)
d:/mounriver/mounriver_studio/toolchain/risc-v embedded gcc/bin/../lib/gcc/riscv-none-embed/8.2.0/rv32imac/ilp32\libgcc.a(extendsfdf2.o)
                              ./User/L610.o (__extendsfdf2)
d:/mounriver/mounriver_studio/toolchain/risc-v embedded gcc/bin/../lib/gcc/riscv-none-embed/8.2.0/rv32imac/ilp32\libgcc.a(_clzsi2.o)
                              d:/mounriver/mounriver_studio/toolchain/risc-v embedded gcc/bin/../lib/gcc/riscv-none-embed/8.2.0/rv32imac/ilp32\libgcc.a(muldf3.o) (__clzsi2)
d:/mounriver/mounriver_studio/toolchain/risc-v embedded gcc/bin/../lib/gcc/riscv-none-embed/8.2.0/rv32imac/ilp32\libgcc.a(_clz.o)
                              d:/mounriver/mounriver_studio/toolchain/risc-v embedded gcc/bin/../lib/gcc/riscv-none-embed/8.2.0/rv32imac/ilp32\libgcc.a(_clzsi2.o) (__clz_tab)
d:/mounriver/mounriver_studio/toolchain/risc-v embedded gcc/bin/../lib/gcc/riscv-none-embed/8.2.0/../../../../riscv-none-embed/lib/rv32imac/ilp32\libg_nano.a(lib_a-locale.o)
                              ./User/cJSON.o (__locale_ctype_ptr)
d:/mounriver/mounriver_studio/toolchain/risc-v embedded gcc/bin/../lib/gcc/riscv-none-embed/8.2.0/../../../../riscv-none-embed/lib/rv32imac/ilp32\libg_nano.a(lib_a-malloc.o)
                              ./User/cJSON.o (malloc)
d:/mounriver/mounriver_studio/toolchain/risc-v embedded gcc/bin/../lib/gcc/riscv-none-embed/8.2.0/../../../../riscv-none-embed/lib/rv32imac/ilp32\libg_nano.a(lib_a-mbtowc_r.o)
                              d:/mounriver/mounriver_studio/toolchain/risc-v embedded gcc/bin/../lib/gcc/riscv-none-embed/8.2.0/../../../../riscv-none-embed/lib/rv32imac/ilp32\libg_nano.a(lib_a-locale.o) (__ascii_mbtowc)
d:/mounriver/mounriver_studio/toolchain/risc-v embedded gcc/bin/../lib/gcc/riscv-none-embed/8.2.0/../../../../riscv-none-embed/lib/rv32imac/ilp32\libg_nano.a(lib_a-memcpy.o)
                              ./User/cJSON.o (memcpy)
d:/mounriver/mounriver_studio/toolchain/risc-v embedded gcc/bin/../lib/gcc/riscv-none-embed/8.2.0/../../../../riscv-none-embed/lib/rv32imac/ilp32\libg_nano.a(lib_a-memset.o)
                              ./User/L610.o (memset)
d:/mounriver/mounriver_studio/toolchain/risc-v embedded gcc/bin/../lib/gcc/riscv-none-embed/8.2.0/../../../../riscv-none-embed/lib/rv32imac/ilp32\libg_nano.a(lib_a-nano-freer.o)
                              d:/mounriver/mounriver_studio/toolchain/risc-v embedded gcc/bin/../lib/gcc/riscv-none-embed/8.2.0/../../../../riscv-none-embed/lib/rv32imac/ilp32\libg_nano.a(lib_a-malloc.o) (_free_r)
d:/mounriver/mounriver_studio/toolchain/risc-v embedded gcc/bin/../lib/gcc/riscv-none-embed/8.2.0/../../../../riscv-none-embed/lib/rv32imac/ilp32\libg_nano.a(lib_a-nano-mallocr.o)
                              d:/mounriver/mounriver_studio/toolchain/risc-v embedded gcc/bin/../lib/gcc/riscv-none-embed/8.2.0/../../../../riscv-none-embed/lib/rv32imac/ilp32\libg_nano.a(lib_a-malloc.o) (_malloc_r)
d:/mounriver/mounriver_studio/toolchain/risc-v embedded gcc/bin/../lib/gcc/riscv-none-embed/8.2.0/../../../../riscv-none-embed/lib/rv32imac/ilp32\libg_nano.a(lib_a-printf.o)
                              ./User/L610.o (printf)
d:/mounriver/mounriver_studio/toolchain/risc-v embedded gcc/bin/../lib/gcc/riscv-none-embed/8.2.0/../../../../riscv-none-embed/lib/rv32imac/ilp32\libg_nano.a(lib_a-puts.o)
                              ./User/L610.o (puts)
[...]
Memory Configuration

Name             Origin             Length             Attributes
FLASH            0x0000000000000000 0x0000000000048000 xr
RAM              0x0000000020000000 0x0000000000008000 xrw
*default*        0x0000000000000000 0xffffffffffffffff

Linker script and memory map

LOAD ./User/L610.o
LOAD ./User/cJSON.o
LOAD ./User/ch32v30x_it.o
LOAD ./User/main.o
LOAD ./User/system_ch32v30x.o
LOAD ./Startup/startup_ch32v30x_D8C.o
LOAD ./Peripheral/src/ch32v30x_adc.o
LOAD ./Peripheral/src/ch32v30x_bkp.o
LOAD ./Peripheral/src/ch32v30x_can.o
LOAD ./Peripheral/src/ch32v30x_crc.o
LOAD ./Peripheral/src/ch32v30x_dac.o
LOAD ./Peripheral/src/ch32v30x_dbgmcu.o
LOAD ./Peripheral/src/ch32v30x_dma.o
LOAD ./Peripheral/src/ch32v30x_dvp.o
LOAD ./Peripheral/src/ch32v30x_eth.o
LOAD ./Peripheral/src/ch32v30x_exti.o
LOAD ./Peripheral/src/ch32v30x_flash.o
LOAD ./Peripheral/src/ch32v30x_fsmc.o
LOAD ./Peripheral/src/ch32v30x_gpio.o
LOAD ./Peripheral/src/ch32v30x_i2c.o
LOAD ./Peripheral/src/ch32v30x_iwdg.o
LOAD ./Peripheral/src/ch32v30x_misc.o
LOAD ./Peripheral/src/ch32v30x_opa.o
LOAD ./Peripheral/src/ch32v30x_pwr.o
LOAD ./Peripheral/src/ch32v30x_rcc.o
LOAD ./Peripheral/src/ch32v30x_rng.o
LOAD ./Peripheral/src/ch32v30x_rtc.o
LOAD ./Peripheral/src/ch32v30x_sdio.o
LOAD ./Peripheral/src/ch32v30x_spi.o
LOAD ./Peripheral/src/ch32v30x_tim.o
LOAD ./Peripheral/src/ch32v30x_usart.o
LOAD ./Peripheral/src/ch32v30x_wwdg.o
LOAD ./Hardware/usart.o
LOAD ./Debug/debug.o
LOAD ./Core/core_riscv.o
LOAD d:/mounriver/mounriver_studio/toolchain/risc-v embedded gcc/bin/../lib/gcc/riscv-none-embed/8.2.0/rv32imac/ilp32\libgcc.a
LOAD d:/mounriver/mounriver_studio/toolchain/risc-v embedded gcc/bin/../lib/gcc/riscv-none-embed/8.2.0/../../../../riscv-none-embed/lib/rv32imac/ilp32\libg_nano.a
LOAD d:/mounriver/mounriver_studio/toolchain/risc-v embedded gcc/bin/../lib/gcc/riscv-none-embed/8.2.0/../../../../riscv-none-embed/lib/rv32imac/ilp32\libc_nano.a
LOAD d:/mounriver/mounriver_studio/toolchain/risc-v embedded gcc/bin/../lib/gcc/riscv-none-embed/8.2.0/rv32imac/ilp32\libgcc.a
START GROUP
LOAD d:/mounriver/mounriver_studio/toolchain/risc-v embedded gcc/bin/../lib/gcc/riscv-none-embed/8.2.0/rv32imac/ilp32\libgcc.a
LOAD d:/mounriver/mounriver_studio/toolchain/risc-v embedded gcc/bin/../lib/gcc/riscv-none-embed/8.2.0/../../../../riscv-none-embed/lib/rv32imac/ilp32\libc_nano.a
LOAD d:/mounriver/mounriver_studio/toolchain/risc-v embedded gcc/bin/../lib/gcc/riscv-none-embed/8.2.0/../../../../riscv-none-embed/lib/rv32imac/ilp32\libnosys.a
END GROUP
START GROUP
LOAD d:/mounriver/mounriver_studio/toolchain/risc-v embedded gcc/bin/../lib/gcc/riscv-none-embed/8.2.0/rv32imac/ilp32\libgcc.a
LOAD d:/mounriver/mounriver_studio/toolchain/risc-v embedded gcc/bin/../lib/gcc/riscv-none-embed/8.2.0/../../../../riscv-none-embed/lib/rv32imac/ilp32\libc_nano.a
LOAD d:/mounriver/mounriver_studio/toolchain/risc-v embedded gcc/bin/../lib/gcc/riscv-none-embed/8.2.0/../../../../riscv-none-embed/lib/rv32imac/ilp32\libnosys.a
END GROUP
                0x0000000000000800                __stack_size = 0x800
                [!provide]                        PROVIDE (_stack_size = __stack_size)

.init           0x0000000000000000       0x38
                0x0000000000000000                _sinit = .
                0x0000000000000000                . = ALIGN (0x4)
 *(SORT_NONE(.init))
 .init          0x0000000000000000       0x38 ./Startup/startup_ch32v30x_D8C.o
                0x0000000000000000                _start
                0x0000000000000038                . = ALIGN (0x4)
                0x0000000000000038                _einit = .

.vector         0x0000000000000038      0x1c8
 *(.vector)
 .vector        0x0000000000000038      0x1a0 ./Startup/startup_ch32v30x_D8C.o
                0x0000000000000200                . = ALIGN (0x40)
 *fill*         0x00000000000001d8       0x28 

.text           0x0000000000000200     0x6c94
                0x0000000000000200                . = ALIGN (0x4)
 *(.text)
 .text          0x0000000000000200       0xa8 d:/mounriver/mounriver_studio/toolchain/risc-v embedded gcc/bin/../lib/gcc/riscv-none-embed/8.2.0/../../../../riscv-none-embed/lib/rv32imac/ilp32\libg_nano.a(lib_a-memset.o)
                0x0000000000000200                memset
 *(.text.*)
 .text.L610_Init
                0x00000000000002a8       0x32 ./User/L610.o
                0x00000000000002a8                L610_Init
 .text.L610_Lookup
                0x00000000000002da      0x11c ./User/L610.o
                0x00000000000002da                L610_Lookup
 .text.L610_RequestIP
                0x00000000000003f6       0xa4 ./User/L610.o
                0x00000000000003f6                L610_RequestIP
 .text.L610_SetAndConnect
                0x000000000000049a      0x164 ./User/L610.o
                0x000000000000049a                L610_SetAndConnect
 .text.L610_Sub
                0x00000000000005fe       0xa0 ./User/L610.o
                0x00000000000005fe                L610_Sub
 .text.L610_Pub
                0x000000000000069e       0xa2 ./User/L610.o
                0x000000000000069e                L610_Pub
 .text.L610_Recive
                0x0000000000000740      0x2c8 ./User/L610.o
                0x0000000000000740                L610_Recive
 .text.NMI_Handler
                0x0000000000000a08        0x4 ./User/ch32v30x_it.o
                0x0000000000000a08                NMI_Handler
 .text.HardFault_Handler
                0x0000000000000a0c        0x2 ./User/ch32v30x_it.o
                0x0000000000000a0c                HardFault_Handler
 .text.startup.main
                0x0000000000000a0e       0x90 ./User/main.o
                0x0000000000000a0e                main
 .text.SystemInit
                0x0000000000000a9e       0xfa ./User/system_ch32v30x.o
                0x0000000000000a9e                SystemInit
 .text.vector_handler
                0x0000000000000b98       0xbe ./Startup/startup_ch32v30x_D8C.o
                0x0000000000000b9c                Ecall_M_Mode_Handler
                0x0000000000000b9e                Ecall_U_Mode_Handler
                0x0000000000000ba0                Break_Point_Handler
                0x0000000000000ba2                SysTick_Handler
                0x0000000000000ba4                SW_Handler
                0x0000000000000ba6                WWDG_IRQHandler
                0x0000000000000ba8                PVD_IRQHandler
                0x0000000000000baa                TAMPER_IRQHandler
                0x0000000000000bac                RTC_IRQHandler
                0x0000000000000bae                FLASH_IRQHandler
                0x0000000000000bb0                RCC_IRQHandler
                0x0000000000000bb2                EXTI0_IRQHandler
                0x0000000000000bb4                EXTI1_IRQHandler
                0x0000000000000bb6                EXTI2_IRQHandler
                0x0000000000000bb8                EXTI3_IRQHandler
                0x0000000000000bba                EXTI4_IRQHandler
                0x0000000000000bbc                DMA1_Channel1_IRQHandler
                0x0000000000000bbe                DMA1_Channel2_IRQHandler
                0x0000000000000bc0                DMA1_Channel3_IRQHandler
                0x0000000000000bc2                DMA1_Channel4_IRQHandler
                0x0000000000000bc4                DMA1_Channel5_IRQHandler
                0x0000000000000bc6                DMA1_Channel6_IRQHandler
                0x0000000000000bc8                DMA1_Channel7_IRQHandler
                0x0000000000000bca                ADC1_2_IRQHandler
                0x0000000000000bcc                USB_HP_CAN1_TX_IRQHandler
                0x0000000000000bce                USB_LP_CAN1_RX0_IRQHandler
                0x0000000000000bd0                CAN1_RX1_IRQHandler
                0x0000000000000bd2                CAN1_SCE_IRQHandler
                0x0000000000000bd4                EXTI9_5_IRQHandler
                0x0000000000000bd6                TIM1_BRK_IRQHandler
                0x0000000000000bd8                TIM1_UP_IRQHandler
                0x0000000000000bda                TIM1_TRG_COM_IRQHandler
                0x0000000000000bdc                TIM1_CC_IRQHandler
                0x0000000000000bde                TIM2_IRQHandler
                0x0000000000000be0                TIM3_IRQHandler
                0x0000000000000be2                TIM4_IRQHandler
                0x0000000000000be4                I2C1_EV_IRQHandler
                0x0000000000000be6                I2C1_ER_IRQHandler
                0x0000000000000be8                I2C2_EV_IRQHandler
                0x0000000000000bea                I2C2_ER_IRQHandler
                0x0000000000000bec                SPI1_IRQHandler
                0x0000000000000bee                SPI2_IRQHandler
                0x0000000000000bf0                USART1_IRQHandler
                0x0000000000000bf4                USART3_IRQHandler
                0x0000000000000bf6                EXTI15_10_IRQHandler
                0x0000000000000bf8                RTCAlarm_IRQHandler
                0x0000000000000bfa                USBWakeUp_IRQHandler
                0x0000000000000bfc                TIM8_BRK_IRQHandler
                0x0000000000000bfe                TIM8_UP_IRQHandler
                0x0000000000000c00                TIM8_TRG_COM_IRQHandler
                0x0000000000000c02                TIM8_CC_IRQHandler
                0x0000000000000c04                RNG_IRQHandler
                0x0000000000000c06                FSMC_IRQHandler
                0x0000000000000c08                SDIO_IRQHandler
                0x0000000000000c0a                TIM5_IRQHandler
                0x0000000000000c0c                SPI3_IRQHandler
                0x0000000000000c0e                UART4_IRQHandler
                0x0000000000000c10                UART5_IRQHandler
                0x0000000000000c12                TIM6_IRQHandler
                0x0000000000000c14                TIM7_IRQHandler
                0x0000000000000c16                DMA2_Channel1_IRQHandler
                0x0000000000000c18                DMA2_Channel2_IRQHandler
                0x0000000000000c1a                DMA2_Channel3_IRQHandler
                0x0000000000000c1c                DMA2_Channel4_IRQHandler
                0x0000000000000c1e                DMA2_Channel5_IRQHandler
                0x0000000000000c20                ETH_IRQHandler
                0x0000000000000c22                ETH_WKUP_IRQHandler
                0x0000000000000c24                CAN2_TX_IRQHandler
                0x0000000000000c26                CAN2_RX0_IRQHandler
                0x0000000000000c28                CAN2_RX1_IRQHandler
                0x0000000000000c2a                CAN2_SCE_IRQHandler
                0x0000000000000c2c                OTG_FS_IRQHandler
                0x0000000000000c2e                USBHSWakeup_IRQHandler
                0x0000000000000c30                USBHS_IRQHandler
                0x0000000000000c32                DVP_IRQHandler
                0x0000000000000c34                UART6_IRQHandler
                0x0000000000000c36                UART7_IRQHandler
                0x0000000000000c38                UART8_IRQHandler
                0x0000000000000c3a                TIM9_BRK_IRQHandler
                0x0000000000000c3c                TIM9_UP_IRQHandler
                0x0000000000000c3e                TIM9_TRG_COM_IRQHandler
                0x0000000000000c40                TIM9_CC_IRQHandler
                0x0000000000000c42                TIM10_BRK_IRQHandler
                0x0000000000000c44                TIM10_UP_IRQHandler
                0x0000000000000c46                TIM10_TRG_COM_IRQHandler
                0x0000000000000c48                TIM10_CC_IRQHandler
                0x0000000000000c4a                DMA2_Channel6_IRQHandler
                0x0000000000000c4c                DMA2_Channel7_IRQHandler
                0x0000000000000c4e                DMA2_Channel8_IRQHandler
                0x0000000000000c50                DMA2_Channel9_IRQHandler
                0x0000000000000c52                DMA2_Channel10_IRQHandler
                0x0000000000000c54                DMA2_Channel11_IRQHandler
 .text.handle_reset
                0x0000000000000c56       0x8a ./Startup/startup_ch32v30x_D8C.o
                0x0000000000000c56                handle_reset
 .text.GPIO_Init
                0x0000000000000ce0       0xc2 ./Peripheral/src/ch32v30x_gpio.o
                0x0000000000000ce0                GPIO_Init
 .text.NVIC_PriorityGroupConfig
                0x0000000000000da2        0x6 ./Peripheral/src/ch32v30x_misc.o
                0x0000000000000da2                NVIC_PriorityGroupConfig
 .text.NVIC_Init
                0x0000000000000da8       0xb8 ./Peripheral/src/ch32v30x_misc.o
                0x0000000000000da8                NVIC_Init
 .text.RCC_GetClocksFreq
                0x0000000000000e60      0x10e ./Peripheral/src/ch32v30x_rcc.o
                0x0000000000000e60                RCC_GetClocksFreq
 .text.RCC_APB2PeriphClockCmd
                0x0000000000000f6e       0x1e ./Peripheral/src/ch32v30x_rcc.o
                0x0000000000000f6e                RCC_APB2PeriphClockCmd
 .text.RCC_APB1PeriphClockCmd
                0x0000000000000f8c       0x1e ./Peripheral/src/ch32v30x_rcc.o
                0x0000000000000f8c                RCC_APB1PeriphClockCmd
 .text.USART_Init
                0x0000000000000faa       0xd8 ./Peripheral/src/ch32v30x_usart.o
                0x0000000000000faa                USART_Init
 .text.USART_Cmd
                0x0000000000001082       0x1c ./Peripheral/src/ch32v30x_usart.o
                0x0000000000001082                USART_Cmd
 .text.USART_ITConfig
                0x000000000000109e       0x36 ./Peripheral/src/ch32v30x_usart.o
                0x000000000000109e                USART_ITConfig
 .text.USART_SendData
                0x00000000000010d4        0xa ./Peripheral/src/ch32v30x_usart.o
                0x00000000000010d4                USART_SendData
 .text.USART_ReceiveData
                0x00000000000010de        0xa ./Peripheral/src/ch32v30x_usart.o
                0x00000000000010de                USART_ReceiveData
 .text.USART_GetFlagStatus
                0x00000000000010e8        0xc ./Peripheral/src/ch32v30x_usart.o
                0x00000000000010e8                USART_GetFlagStatus
 .text.USART_GetITStatus
                0x00000000000010f4       0x44 ./Peripheral/src/ch32v30x_usart.o
                0x00000000000010f4                USART_GetITStatus
 .text.USART_ClearITPendingBit
                0x0000000000001138       0x16 ./Peripheral/src/ch32v30x_usart.o
                0x0000000000001138                USART_ClearITPendingBit
 .text.USARTx_Init
                0x000000000000114e       0x92 ./Hardware/usart.o
                0x000000000000114e                USARTx_Init
 .text.USART2_IRQHandler
                0x00000000000011e0       0x48 ./Hardware/usart.o
                0x00000000000011e0                USART2_IRQHandler
 .text.Delay_Init
                0x0000000000001228       0x2a ./Debug/debug.o
                0x0000000000001228                Delay_Init
 .text.Delay_Ms
                0x0000000000001252       0x2e ./Debug/debug.o
                0x0000000000001252                Delay_Ms
 .text._write   0x0000000000001280       0x4c ./Debug/debug.o
                0x0000000000001280                _write
 .text._sbrk    0x00000000000012cc       0x26 ./Debug/debug.o
                0x00000000000012cc                _sbrk
 .text.__eqdf2  0x00000000000012f2       0x6a d:/mounriver/mounriver_studio/toolchain/risc-v embedded gcc/bin/../lib/gcc/riscv-none-embed/8.2.0/rv32imac/ilp32\libgcc.a(eqdf2.o)
                0x00000000000012f2                __nedf2
                0x00000000000012f2                __eqdf2
 .text.__gedf2  0x000000000000135c       0xae d:/mounriver/mounriver_studio/toolchain/risc-v embedded gcc/bin/../lib/gcc/riscv-none-embed/8.2.0/rv32imac/ilp32\libgcc.a(gedf2.o)
                0x000000000000135c                __gedf2
                0x000000000000135c                __gtdf2
 .text.__ledf2  0x000000000000140a       0xb6 d:/mounriver/mounriver_studio/toolchain/risc-v embedded gcc/bin/../lib/gcc/riscv-none-embed/8.2.0/rv32imac/ilp32\libgcc.a(ledf2.o)
                0x000000000000140a                __ledf2
                0x000000000000140a                __ltdf2
 .text.__muldf3
                0x00000000000014c0      0x4b8 d:/mounriver/mounriver_studio/toolchain/risc-v embedded gcc/bin/../lib/gcc/riscv-none-embed/8.2.0/rv32imac/ilp32\libgcc.a(muldf3.o)
                0x00000000000014c0                __muldf3
 .text.__subdf3
                0x0000000000001978      0x73c d:/mounriver/mounriver_studio/toolchain/risc-v embedded gcc/bin/../lib/gcc/riscv-none-embed/8.2.0/rv32imac/ilp32\libgcc.a(subdf3.o)
                0x0000000000001978                __subdf3
 .text.__unorddf2
                0x00000000000020b4       0x3c d:/mounriver/mounriver_studio/toolchain/risc-v embedded gcc/bin/../lib/gcc/riscv-none-embed/8.2.0/rv32imac/ilp32\libgcc.a(unorddf2.o)
                0x00000000000020b4                __unorddf2
 .text.__fixdfsi
                0x00000000000020f0       0x68 d:/mounriver/mounriver_studio/toolchain/risc-v embedded gcc/bin/../lib/gcc/riscv-none-embed/8.2.0/rv32imac/ilp32\libgcc.a(fixdfsi.o)
                0x00000000000020f0                __fixdfsi
 .text.__floatsidf
                0x0000000000002158       0x70 d:/mounriver/mounriver_studio/toolchain/risc-v embedded gcc/bin/../lib/gcc/riscv-none-embed/8.2.0/rv32imac/ilp32\libgcc.a(floatsidf.o)
                0x0000000000002158                __floatsidf
 .text.__extendsfdf2
                0x00000000000021c8       0xac d:/mounriver/mounriver_studio/toolchain/risc-v embedded gcc/bin/../lib/gcc/riscv-none-embed/8.2.0/rv32imac/ilp32\libgcc.a(extendsfdf2.o)
                0x00000000000021c8                __extendsfdf2
 .text.__clzsi2
                0x0000000000002274       0x76 d:/mounriver/mounriver_studio/toolchain/risc-v embedded gcc/bin/../lib/gcc/riscv-none-embed/8.2.0/rv32imac/ilp32\libgcc.a(_clzsi2.o)
                0x0000000000002274                __clzsi2
 .text.malloc   0x00000000000022ea        0xa d:/mounriver/mounriver_studio/toolchain/risc-v embedded gcc/bin/../lib/gcc/riscv-none-embed/8.2.0/../../../../riscv-none-embed/lib/rv32imac/ilp32\libg_nano.a(lib_a-malloc.o)
                0x00000000000022ea                malloc
 .text.__ascii_mbtowc
                0x00000000000022f4       0x3a d:/mounriver/mounriver_studio/toolchain/risc-v embedded gcc/bin/../lib/gcc/riscv-none-embed/8.2.0/../../../../riscv-none-embed/lib/rv32imac/ilp32\libg_nano.a(lib_a-mbtowc_r.o)
                0x00000000000022f4                __ascii_mbtowc
 .text.memcpy   0x000000000000232e       0xb6 d:/mounriver/mounriver_studio/toolchain/risc-v embedded gcc/bin/../lib/gcc/riscv-none-embed/8.2.0/../../../../riscv-none-embed/lib/rv32imac/ilp32\libg_nano.a(lib_a-memcpy.o)
                0x000000000000232e                memcpy
 .text._free_r  0x00000000000023e4       0xa8 d:/mounriver/mounriver_studio/toolchain/risc-v embedded gcc/bin/../lib/gcc/riscv-none-embed/8.2.0/../../../../riscv-none-embed/lib/rv32imac/ilp32\libg_nano.a(lib_a-nano-freer.o)
                0x00000000000023e4                _free_r
 .text._malloc_r
                0x000000000000248c       0xd4 d:/mounriver/mounriver_studio/toolchain/risc-v embedded gcc/bin/../lib/gcc/riscv-none-embed/8.2.0/../../../../riscv-none-embed/lib/rv32imac/ilp32\libg_nano.a(lib_a-nano-mallocr.o)
                0x000000000000248c                _malloc_r
 .text.printf   0x0000000000002560       0x42 d:/mounriver/mounriver_studio/toolchain/risc-v embedded gcc/bin/../lib/gcc/riscv-none-embed/8.2.0/../../../../riscv-none-embed/lib/rv32imac/ilp32\libg_nano.a(lib_a-printf.o)
                0x0000000000002560                iprintf
                0x0000000000002560                printf
 .text._puts_r  0x00000000000025a2       0xe4 d:/mounriver/mounriver_studio/toolchain/risc-v embedded gcc/bin/../lib/gcc/riscv-none-embed/8.2.0/../../../../riscv-none-embed/lib/rv32imac/ilp32\libg_nano.a(lib_a-puts.o)
                0x00000000000025a2                _puts_r
 .text.puts     0x0000000000002686        0xa d:/mounriver/mounriver_studio/toolchain/risc-v embedded gcc/bin/../lib/gcc/riscv-none-embed/8.2.0/../../../../riscv-none-embed/lib/rv32imac/ilp32\libg_nano.a(lib_a-puts.o)
                0x0000000000002686                puts
 .text._sbrk_r  0x0000000000002690       0x2a d:/mounriver/mounriver_studio/toolchain/risc-v embedded gcc/bin/../lib/gcc/riscv-none-embed/8.2.0/../../../../riscv-none-embed/lib/rv32imac/ilp32\libg_nano.a(lib_a-sbrkr.o)
                0x0000000000002690                _sbrk_r
 .text.__sread  0x00000000000026ba       0x32 d:/mounriver/mounriver_studio/toolchain/risc-v embedded gcc/bin/../lib/gcc/riscv-none-embed/8.2.0/../../../../riscv-none-embed/lib/rv32imac/ilp32\libg_nano.a(lib_a-stdio.o)
                0x00000000000026ba                __sread
 .text.__swrite
                0x00000000000026ec       0x52 d:/mounriver/mounriver_studio/toolchain/risc-v embedded gcc/bin/../lib/gcc/riscv-none-embed/8.2.0/../../../../riscv-none-embed/lib/rv32imac/ilp32\libg_nano.a(lib_a-stdio.o)
                0x00000000000026ec                __swrite
 .text.__sseek  0x000000000000273e       0x38 d:/mounriver/mounriver_studio/toolchain/risc-v embedded gcc/bin/../lib/gcc/riscv-none-embed/8.2.0/../../../../riscv-none-embed/lib/rv32imac/ilp32\libg_nano.a(lib_a-stdio.o)
                0x000000000000273e                __sseek
 .text.__sclose
                0x0000000000002776        0x8 d:/mounriver/mounriver_studio/toolchain/risc-v embedded gcc/bin/../lib/gcc/riscv-none-embed/8.2.0/../../../../riscv-none-embed/lib/rv32imac/ilp32\libg_nano.a(lib_a-stdio.o)
                0x0000000000002776                __sclose
 .text.strlen   0x000000000000277e       0x12 d:/mounriver/mounriver_studio/toolchain/risc-v embedded gcc/bin/../lib/gcc/riscv-none-embed/8.2.0/../../../../riscv-none-embed/lib/rv32imac/ilp32\libg_nano.a(lib_a-strlen.o)
                0x000000000000277e                strlen
 .text.strncmp  0x0000000000002790       0x2c d:/mounriver/mounriver_studio/toolchain/risc-v embedded gcc/bin/../lib/gcc/riscv-none-embed/8.2.0/../../../../riscv-none-embed/lib/rv32imac/ilp32\libg_nano.a(lib_a-strncmp.o)
                0x0000000000002790                strncmp
 .text.strstr   0x00000000000027bc       0x3e d:/mounriver/mounriver_studio/toolchain/risc-v embedded gcc/bin/../lib/gcc/riscv-none-embed/8.2.0/../../../../riscv-none-embed/lib/rv32imac/ilp32\libg_nano.a(lib_a-strstr.o)
                0x00000000000027bc                strstr
 .text.sulp     0x00000000000027fa       0x4e d:/mounriver/mounriver_studio/toolchain/risc-v embedded gcc/bin/../lib/gcc/riscv-none-embed/8.2.0/../../../../riscv-none-embed/lib/rv32imac/ilp32\libg_nano.a(lib_a-strtod.o)
 .text._strtod_l
                0x0000000000002848      0xc7a d:/mounriver/mounriver_studio/toolchain/risc-v embedded gcc/bin/../lib/gcc/riscv-none-embed/8.2.0/../../../../riscv-none-embed/lib/rv32imac/ilp32\libg_nano.a(lib_a-strtod.o)
                0x0000000000002848                _strtod_l
 .text.strtof   0x00000000000034c2       0xe4 d:/mounriver/mounriver_studio/toolchain/risc-v embedded gcc/bin/../lib/gcc/riscv-none-embed/8.2.0/../../../../riscv-none-embed/lib/rv32imac/ilp32\libg_nano.a(lib_a-strtod.o)
                0x00000000000034c2                strtof
 .text.__swbuf_r
                0x00000000000035a6       0xc0 d:/mounriver/mounriver_studio/toolchain/risc-v embedded gcc/bin/../lib/gcc/riscv-none-embed/8.2.0/../../../../riscv-none-embed/lib/rv32imac/ilp32\libg_nano.a(lib_a-wbuf.o)
                0x00000000000035a6                __swbuf_r
 .text.__ascii_wctomb
                0x0000000000003666       0x20 d:/mounriver/mounriver_studio/toolchain/risc-v embedded gcc/bin/../lib/gcc/riscv-none-embed/8.2.0/../../../../riscv-none-embed/lib/rv32imac/ilp32\libg_nano.a(lib_a-wctomb_r.o)
                0x0000000000003666                __ascii_wctomb
 .text._write_r
                0x0000000000003686       0x2e d:/mounriver/mounriver_studio/toolchain/risc-v embedded gcc/bin/../lib/gcc/riscv-none-embed/8.2.0/../../../../riscv-none-embed/lib/rv32imac/ilp32\libg_nano.a(lib_a-writer.o)
                0x0000000000003686                _write_r
 .text.__swsetup_r
                0x00000000000036b4      0x110 d:/mounriver/mounriver_studio/toolchain/risc-v embedded gcc/bin/../lib/gcc/riscv-none-embed/8.2.0/../../../../riscv-none-embed/lib/rv32imac/ilp32\libg_nano.a(lib_a-wsetup.o)
                0x00000000000036b4                __swsetup_r
 .text._close_r
                0x00000000000037c4       0x2a d:/mounriver/mounriver_studio/toolchain/risc-v embedded gcc/bin/../lib/gcc/riscv-none-embed/8.2.0/../../../../riscv-none-embed/lib/rv32imac/ilp32\libg_nano.a(lib_a-closer.o)
                0x00000000000037c4                _close_r
 .text.__sflush_r
                0x00000000000037ee      0x13e d:/mounriver/mounriver_studio/toolchain/risc-v embedded gcc/bin/../lib/gcc/riscv-none-embed/8.2.0/../../../../riscv-none-embed/lib/rv32imac/ilp32\libg_nano.a(lib_a-fflush.o)
                0x00000000000037ee                __sflush_r
 .text._fflush_r
                0x000000000000392c       0x64 d:/mounriver/mounriver_studio/toolchain/risc-v embedded gcc/bin/../lib/gcc/riscv-none-embed/8.2.0/../../../../riscv-none-embed/lib/rv32imac/ilp32\libg_nano.a(lib_a-fflush.o)
                0x000000000000392c                _fflush_r
 .text.std      0x0000000000003990       0x6a d:/mounriver/mounriver_studio/toolchain/risc-v embedded gcc/bin/../lib/gcc/riscv-none-embed/8.2.0/../../../../riscv-none-embed/lib/rv32imac/ilp32\libg_nano.a(lib_a-findfp.o)
 .text._cleanup_r
                0x00000000000039fa        0xa d:/mounriver/mounriver_studio/toolchain/risc-v embedded gcc/bin/../lib/gcc/riscv-none-embed/8.2.0/../../../../riscv-none-embed/lib/rv32imac/ilp32\libg_nano.a(lib_a-findfp.o)
                0x00000000000039fa                _cleanup_r
 .text.__sfmoreglue
                0x0000000000003a04       0x48 d:/mounriver/mounriver_studio/toolchain/risc-v embedded gcc/bin/../lib/gcc/riscv-none-embed/8.2.0/../../../../riscv-none-embed/lib/rv32imac/ilp32\libg_nano.a(lib_a-findfp.o)
                0x0000000000003a04                __sfmoreglue
 .text.__sinit  0x0000000000003a4c       0x66 d:/mounriver/mounriver_studio/toolchain/risc-v embedded gcc/bin/../lib/gcc/riscv-none-embed/8.2.0/../../../../riscv-none-embed/lib/rv32imac/ilp32\libg_nano.a(lib_a-findfp.o)
                0x0000000000003a4c                __sinit
 .text.__sfp    0x0000000000003ab2       0x9c d:/mounriver/mounriver_studio/toolchain/risc-v embedded gcc/bin/../lib/gcc/riscv-none-embed/8.2.0/../../../../riscv-none-embed/lib/rv32imac/ilp32\libg_nano.a(lib_a-findfp.o)
                0x0000000000003ab2                __sfp
 .text._fwalk_reent
                0x0000000000003b4e       0x6c d:/mounriver/mounriver_studio/toolchain/risc-v embedded gcc/bin/../lib/gcc/riscv-none-embed/8.2.0/../../../../riscv-none-embed/lib/rv32imac/ilp32\libg_nano.a(lib_a-fwalk.o)
                0x0000000000003b4e                _fwalk_reent
 .text.rshift   0x0000000000003bba       0x76 d:/mounriver/mounriver_studio/toolchain/risc-v embedded gcc/bin/../lib/gcc/riscv-none-embed/8.2.0/../../../../riscv-none-embed/lib/rv32imac/ilp32\libg_nano.a(lib_a-gdtoa-gethex.o)
 .text.__hexdig_fun
                0x0000000000003c30       0x40 d:/mounriver/mounriver_studio/toolchain/risc-v embedded gcc/bin/../lib/gcc/riscv-none-embed/8.2.0/../../../../riscv-none-embed/lib/rv32imac/ilp32\libg_nano.a(lib_a-gdtoa-gethex.o)
                0x0000000000003c30                __hexdig_fun
 .text.__gethex
                0x0000000000003c70      0x4be d:/mounriver/mounriver_studio/toolchain/risc-v embedded gcc/bin/../lib/gcc/riscv-none-embed/8.2.0/../../../../riscv-none-embed/lib/rv32imac/ilp32\libg_nano.a(lib_a-gdtoa-gethex.o)
                0x0000000000003c70                __gethex
 .text.L_shift  0x000000000000412e       0x2c d:/mounriver/mounriver_studio/toolchain/risc-v embedded gcc/bin/../lib/gcc/riscv-none-embed/8.2.0/../../../../riscv-none-embed/lib/rv32imac/ilp32\libg_nano.a(lib_a-gdtoa-hexnan.o)
 .text.__match  0x000000000000415a       0x30 d:/mounriver/mounriver_studio/toolchain/risc-v embedded gcc/bin/../lib/gcc/riscv-none-embed/8.2.0/../../../../riscv-none-embed/lib/rv32imac/ilp32\libg_nano.a(lib_a-gdtoa-hexnan.o)
                0x000000000000415a                __match
 .text.__hexnan
                0x000000000000418a      0x15c d:/mounriver/mounriver_studio/toolchain/risc-v embedded gcc/bin/../lib/gcc/riscv-none-embed/8.2.0/../../../../riscv-none-embed/lib/rv32imac/ilp32\libg_nano.a(lib_a-gdtoa-hexnan.o)
                0x000000000000418a                __hexnan
 .text.__localeconv_l
                0x00000000000042e6        0x6 d:/mounriver/mounriver_studio/toolchain/risc-v embedded gcc/bin/../lib/gcc/riscv-none-embed/8.2.0/../../../../riscv-none-embed/lib/rv32imac/ilp32\libg_nano.a(lib_a-localeconv.o)
                0x00000000000042e6                __localeconv_l
 .text._lseek_r
                0x00000000000042ec       0x2e d:/mounriver/mounriver_studio/toolchain/risc-v embedded gcc/bin/../lib/gcc/riscv-none-embed/8.2.0/../../../../riscv-none-embed/lib/rv32imac/ilp32\libg_nano.a(lib_a-lseekr.o)
                0x00000000000042ec                _lseek_r
 .text.__swhatbuf_r
                0x000000000000431a       0x5a d:/mounriver/mounriver_studio/toolchain/risc-v embedded gcc/bin/../lib/gcc/riscv-none-embed/8.2.0/../../../../riscv-none-embed/lib/rv32imac/ilp32\libg_nano.a(lib_a-makebuf.o)
                0x000000000000431a                __swhatbuf_r
 .text.__smakebuf_r
                0x0000000000004374       0xa0 d:/mounriver/mounriver_studio/toolchain/risc-v embedded gcc/bin/../lib/gcc/riscv-none-embed/8.2.0/../../../../riscv-none-embed/lib/rv32imac/ilp32\libg_nano.a(lib_a-makebuf.o)
                0x0000000000004374                __smakebuf_r
 .text.__malloc_lock
                0x0000000000004414        0x2 d:/mounriver/mounriver_studio/toolchain/risc-v embedded gcc/bin/../lib/gcc/riscv-none-embed/8.2.0/../../../../riscv-none-embed/lib/rv32imac/ilp32\libg_nano.a(lib_a-mlock.o)
                0x0000000000004414                __malloc_lock
 .text.__malloc_unlock
                0x0000000000004416        0x2 d:/mounriver/mounriver_studio/toolchain/risc-v embedded gcc/bin/../lib/gcc/riscv-none-embed/8.2.0/../../../../riscv-none-embed/lib/rv32imac/ilp32\libg_nano.a(lib_a-mlock.o)
                0x0000000000004416                __malloc_unlock
 .text._Balloc  0x0000000000004418       0x8c d:/mounriver/mounriver_studio/toolchain/risc-v embedded gcc/bin/../lib/gcc/riscv-none-embed/8.2.0/../../../../riscv-none-embed/lib/rv32imac/ilp32\libg_nano.a(lib_a-mprec.o)
                0x0000000000004418                _Balloc
 .text._Bfree   0x00000000000044a4       0x44 d:/mounriver/mounriver_studio/toolchain/risc-v embedded gcc/bin/../lib/gcc/riscv-none-embed/8.2.0/../../../../riscv-none-embed/lib/rv32imac/ilp32\libg_nano.a(lib_a-mprec.o)
                0x00000000000044a4                _Bfree
 .text.__multadd
                0x00000000000044e8       0x94 d:/mounriver/mounriver_studio/toolchain/risc-v embedded gcc/bin/../lib/gcc/riscv-none-embed/8.2.0/../../../../riscv-none-embed/lib/rv32imac/ilp32\libg_nano.a(lib_a-mprec.o)
                0x00000000000044e8                __multadd
 .text.__s2b    0x000000000000457c       0xa0 d:/mounriver/mounriver_studio/toolchain/risc-v embedded gcc/bin/../lib/gcc/riscv-none-embed/8.2.0/../../../../riscv-none-embed/lib/rv32imac/ilp32\libg_nano.a(lib_a-mprec.o)
                0x000000000000457c                __s2b
 .text.__hi0bits
                0x000000000000461c       0x46 d:/mounriver/mounriver_studio/toolchain/risc-v embedded gcc/bin/../lib/gcc/riscv-none-embed/8.2.0/../../../../riscv-none-embed/lib/rv32imac/ilp32\libg_nano.a(lib_a-mprec.o)
                0x000000000000461c                __hi0bits
 .text.__lo0bits
                0x0000000000004662       0x6a d:/mounriver/mounriver_studio/toolchain/risc-v embedded gcc/bin/../lib/gcc/riscv-none-embed/8.2.0/../../../../riscv-none-embed/lib/rv32imac/ilp32\libg_nano.a(lib_a-mprec.o)
                0x0000000000004662                __lo0bits
 .text.__i2b    0x00000000000046cc       0x1c d:/mounriver/mounriver_studio/toolchain/risc-v embedded gcc/bin/../lib/gcc/riscv-none-embed/8.2.0/../../../../riscv-none-embed/lib/rv32imac/ilp32\libg_nano.a(lib_a-mprec.o)
                0x00000000000046cc                __i2b
 .text.__multiply
                0x00000000000046e8      0x144 d:/mounriver/mounriver_studio/toolchain/risc-v embedded gcc/bin/../lib/gcc/riscv-none-embed/8.2.0/../../../../riscv-none-embed/lib/rv32imac/ilp32\libg_nano.a(lib_a-mprec.o)
                0x00000000000046e8                __multiply
 .text.__pow5mult
                0x000000000000482c       0xba d:/mounriver/mounriver_studio/toolchain/risc-v embedded gcc/bin/../lib/gcc/riscv-none-embed/8.2.0/../../../../riscv-none-embed/lib/rv32imac/ilp32\libg_nano.a(lib_a-mprec.o)
                0x000000000000482c                __pow5mult
 .text.__lshift
                0x00000000000048e6       0xce d:/mounriver/mounriver_studio/toolchain/risc-v embedded gcc/bin/../lib/gcc/riscv-none-embed/8.2.0/../../../../riscv-none-embed/lib/rv32imac/ilp32\libg_nano.a(lib_a-mprec.o)
                0x00000000000048e6                __lshift
 .text.__mcmp   0x00000000000049b4       0x32 d:/mounriver/mounriver_studio/toolchain/risc-v embedded gcc/bin/../lib/gcc/riscv-none-embed/8.2.0/../../../../riscv-none-embed/lib/rv32imac/ilp32\libg_nano.a(lib_a-mprec.o)
                0x00000000000049b4                __mcmp
 .text.__mdiff  0x00000000000049e6       0xf0 d:/mounriver/mounriver_studio/toolchain/risc-v embedded gcc/bin/../lib/gcc/riscv-none-embed/8.2.0/../../../../riscv-none-embed/lib/rv32imac/ilp32\libg_nano.a(lib_a-mprec.o)
                0x00000000000049e6                __mdiff
 .text.__ulp    0x0000000000004ad6       0x46 d:/mounriver/mounriver_studio/toolchain/risc-v embedded gcc/bin/../lib/gcc/riscv-none-embed/8.2.0/../../../../riscv-none-embed/lib/rv32imac/ilp32\libg_nano.a(lib_a-mprec.o)
                0x0000000000004ad6                __ulp
 .text.__b2d    0x0000000000004b1c       0xb4 d:/mounriver/mounriver_studio/toolchain/risc-v embedded gcc/bin/../lib/gcc/riscv-none-embed/8.2.0/../../../../riscv-none-embed/lib/rv32imac/ilp32\libg_nano.a(lib_a-mprec.o)
                0x0000000000004b1c                __b2d
 .text.__d2b    0x0000000000004bd0       0xd4 d:/mounriver/mounriver_studio/toolchain/risc-v embedded gcc/bin/../lib/gcc/riscv-none-embed/8.2.0/../../../../riscv-none-embed/lib/rv32imac/ilp32\libg_nano.a(lib_a-mprec.o)
                0x0000000000004bd0                __d2b
 .text.__ratio  0x0000000000004ca4       0x74 d:/mounriver/mounriver_studio/toolchain/risc-v embedded gcc/bin/../lib/gcc/riscv-none-embed/8.2.0/../../../../riscv-none-embed/lib/rv32imac/ilp32\libg_nano.a(lib_a-mprec.o)
                0x0000000000004ca4                __ratio
 .text.__copybits
                0x0000000000004d18       0x36 d:/mounriver/mounriver_studio/toolchain/risc-v embedded gcc/bin/../lib/gcc/riscv-none-embed/8.2.0/../../../../riscv-none-embed/lib/rv32imac/ilp32\libg_nano.a(lib_a-mprec.o)
                0x0000000000004d18                __copybits
 .text.__any_on
                0x0000000000004d4e       0x46 d:/mounriver/mounriver_studio/toolchain/risc-v embedded gcc/bin/../lib/gcc/riscv-none-embed/8.2.0/../../../../riscv-none-embed/lib/rv32imac/ilp32\libg_nano.a(lib_a-mprec.o)
                0x0000000000004d4e                __any_on
 .text._calloc_r
                0x0000000000004d94       0x28 d:/mounriver/mounriver_studio/toolchain/risc-v embedded gcc/bin/../lib/gcc/riscv-none-embed/8.2.0/../../../../riscv-none-embed/lib/rv32imac/ilp32\libg_nano.a(lib_a-nano-callocr.o)
                0x0000000000004d94                _calloc_r
 .text.__sfputc_r
                0x0000000000004dbc       0x2a d:/mounriver/mounriver_studio/toolchain/risc-v embedded gcc/bin/../lib/gcc/riscv-none-embed/8.2.0/../../../../riscv-none-embed/lib/rv32imac/ilp32\libg_nano.a(lib_a-nano-vfprintf.o)
 .text.__sfputs_r
                0x0000000000004de6       0x42 d:/mounriver/mounriver_studio/toolchain/risc-v embedded gcc/bin/../lib/gcc/riscv-none-embed/8.2.0/../../../../riscv-none-embed/lib/rv32imac/ilp32\libg_nano.a(lib_a-nano-vfprintf.o)
                0x0000000000004de6                __sfputs_r
 .text._vfprintf_r
                0x0000000000004e28      0x29a d:/mounriver/mounriver_studio/toolchain/risc-v embedded gcc/bin/../lib/gcc/riscv-none-embed/8.2.0/../../../../riscv-none-embed/lib/rv32imac/ilp32\libg_nano.a(lib_a-nano-vfprintf.o)
                0x0000000000004e28                _vfprintf_r
                0x0000000000004e28                _vfiprintf_r
 .text._printf_common
                0x00000000000050c2      0x10c d:/mounriver/mounriver_studio/toolchain/risc-v embedded gcc/bin/../lib/gcc/riscv-none-embed/8.2.0/../../../../riscv-none-embed/lib/rv32imac/ilp32\libg_nano.a(lib_a-nano-vfprintf_i.o)
                0x00000000000050c2                _printf_common
 .text._printf_i
                0x00000000000051ce      0x2aa d:/mounriver/mounriver_studio/toolchain/risc-v embedded gcc/bin/../lib/gcc/riscv-none-embed/8.2.0/../../../../riscv-none-embed/lib/rv32imac/ilp32\libg_nano.a(lib_a-nano-vfprintf_i.o)
                0x00000000000051ce                _printf_i
 .text._read_r  0x0000000000005478       0x2e d:/mounriver/mounriver_studio/toolchain/risc-v embedded gcc/bin/../lib/gcc/riscv-none-embed/8.2.0/../../../../riscv-none-embed/lib/rv32imac/ilp32\libg_nano.a(lib_a-readr.o)
                0x0000000000005478                _read_r
 .text.nanf     0x00000000000054a6        0xc d:/mounriver/mounriver_studio/toolchain/risc-v embedded gcc/bin/../lib/gcc/riscv-none-embed/8.2.0/../../../../riscv-none-embed/lib/rv32imac/ilp32\libg_nano.a(lib_a-sf_nan.o)
                0x00000000000054a6                nanf
 .text._fstat_r
                0x00000000000054b2       0x2c d:/mounriver/mounriver_studio/toolchain/risc-v embedded gcc/bin/../lib/gcc/riscv-none-embed/8.2.0/../../../../riscv-none-embed/lib/rv32imac/ilp32\libg_nano.a(lib_a-fstatr.o)
                0x00000000000054b2                _fstat_r
 .text._isatty_r
                0x00000000000054de       0x2a d:/mounriver/mounriver_studio/toolchain/risc-v embedded gcc/bin/../lib/gcc/riscv-none-embed/8.2.0/../../../../riscv-none-embed/lib/rv32imac/ilp32\libg_nano.a(lib_a-isattyr.o)
                0x00000000000054de                _isatty_r
 .text.memchr   0x0000000000005508       0x1a d:/mounriver/mounriver_studio/toolchain/risc-v embedded gcc/bin/../lib/gcc/riscv-none-embed/8.2.0/../../../../riscv-none-embed/lib/rv32imac/ilp32\libg_nano.a(lib_a-memchr.o)
                0x0000000000005508                memchr
 .text.__adddf3
                0x0000000000005522      0x730 d:/mounriver/mounriver_studio/toolchain/risc-v embedded gcc/bin/../lib/gcc/riscv-none-embed/8.2.0/rv32imac/ilp32\libgcc.a(adddf3.o)
                0x0000000000005522                __adddf3
 .text.__divdf3
                0x0000000000005c52      0x5b4 d:/mounriver/mounriver_studio/toolchain/risc-v embedded gcc/bin/../lib/gcc/riscv-none-embed/8.2.0/rv32imac/ilp32\libgcc.a(divdf3.o)
                0x0000000000005c52                __divdf3
 .text.__fixunsdfsi
                0x0000000000006206       0x5c d:/mounriver/mounriver_studio/toolchain/risc-v embedded gcc/bin/../lib/gcc/riscv-none-embed/8.2.0/rv32imac/ilp32\libgcc.a(fixunsdfsi.o)
                0x0000000000006206                __fixunsdfsi
 .text.__floatunsidf
                0x0000000000006262       0x68 d:/mounriver/mounriver_studio/toolchain/risc-v embedded gcc/bin/../lib/gcc/riscv-none-embed/8.2.0/rv32imac/ilp32\libgcc.a(floatunsidf.o)
                0x0000000000006262                __floatunsidf
 .text.__lesf2  0x00000000000062ca       0x8c d:/mounriver/mounriver_studio/toolchain/risc-v embedded gcc/bin/../lib/gcc/riscv-none-embed/8.2.0/rv32imac/ilp32\libgcc.a(lesf2.o)
                0x00000000000062ca                __ltsf2
                0x00000000000062ca                __lesf2
 .text.__unordsf2
                0x0000000000006356       0x3c d:/mounriver/mounriver_studio/toolchain/risc-v embedded gcc/bin/../lib/gcc/riscv-none-embed/8.2.0/rv32imac/ilp32\libgcc.a(unordsf2.o)
                0x0000000000006356                __unordsf2
 .text.__truncdfsf2
                0x0000000000006392      0x16a d:/mounriver/mounriver_studio/toolchain/risc-v embedded gcc/bin/../lib/gcc/riscv-none-embed/8.2.0/rv32imac/ilp32\libgcc.a(truncdfsf2.o)
                0x0000000000006392                __truncdfsf2
 .text._close   0x00000000000064fc        0xc d:/mounriver/mounriver_studio/toolchain/risc-v embedded gcc/bin/../lib/gcc/riscv-none-embed/8.2.0/../../../../riscv-none-embed/lib/rv32imac/ilp32\libnosys.a(close.o)
                0x00000000000064fc                _close
 .text._fstat   0x0000000000006508        0xc d:/mounriver/mounriver_studio/toolchain/risc-v embedded gcc/bin/../lib/gcc/riscv-none-embed/8.2.0/../../../../riscv-none-embed/lib/rv32imac/ilp32\libnosys.a(fstat.o)
                0x0000000000006508                _fstat
 .text._isatty  0x0000000000006514        0xc d:/mounriver/mounriver_studio/toolchain/risc-v embedded gcc/bin/../lib/gcc/riscv-none-embed/8.2.0/../../../../riscv-none-embed/lib/rv32imac/ilp32\libnosys.a(isatty.o)
                0x0000000000006514                _isatty
 .text._lseek   0x0000000000006520        0xc d:/mounriver/mounriver_studio/toolchain/risc-v embedded gcc/bin/../lib/gcc/riscv-none-embed/8.2.0/../../../../riscv-none-embed/lib/rv32imac/ilp32\libnosys.a(lseek.o)
                0x0000000000006520                _lseek
 .text._read    0x000000000000652c        0xc d:/mounriver/mounriver_studio/toolchain/risc-v embedded gcc/bin/../lib/gcc/riscv-none-embed/8.2.0/../../../../riscv-none-embed/lib/rv32imac/ilp32\libnosys.a(read.o)
                0x000000000000652c                _read
 *(.rodata)
 *(.rodata*)
 .rodata.L610_Init.str1.4
                0x0000000000006538       0x10 ./User/L610.o
 .rodata.L610_Lookup.str1.4
                0x0000000000006548       0x5f ./User/L610.o
 *fill*         0x00000000000065a7        0x1 
 .rodata.L610_Pub.str1.4
                0x00000000000065a8       0xa9 ./User/L610.o
 *fill*         0x0000000000006651        0x3 
 .rodata.L610_Recive.cst4
                0x0000000000006654        0x4 ./User/L610.o
 *fill*         0x0000000000006658        0x0 
 .rodata.L610_Recive.cst8
                0x0000000000006658        0x8 ./User/L610.o
 .rodata.L610_Recive.str1.4
                0x0000000000006660      0x167 ./User/L610.o
 *fill*         0x00000000000067c7        0x1 
 .rodata.L610_RequestIP.str1.4
                0x00000000000067c8       0x47 ./User/L610.o
 *fill*         0x000000000000680f        0x1 
 .rodata.L610_SetAndConnect.str1.4
                0x0000000000006810       0xed ./User/L610.o
 *fill*         0x00000000000068fd        0x3 
 .rodata.L610_Sub.str1.4
                0x0000000000006900       0x69 ./User/L610.o
 *fill*         0x0000000000006969        0x3 
 .rodata.main.str1.4
                0x000000000000696c       0x40 ./User/main.o
 .rodata.__muldf3
                0x00000000000069ac       0x40 d:/mounriver/mounriver_studio/toolchain/risc-v embedded gcc/bin/../lib/gcc/riscv-none-embed/8.2.0/rv32imac/ilp32\libgcc.a(muldf3.o)
 .rodata.__clz_tab
                0x00000000000069ec      0x100 d:/mounriver/mounriver_studio/toolchain/risc-v embedded gcc/bin/../lib/gcc/riscv-none-embed/8.2.0/rv32imac/ilp32\libgcc.a(_clz.o)
                0x00000000000069ec                __clz_tab
 .rodata._setlocale_r.str1.4
                0x0000000000006aec        0xa d:/mounriver/mounriver_studio/toolchain/risc-v embedded gcc/bin/../lib/gcc/riscv-none-embed/8.2.0/../../../../riscv-none-embed/lib/rv32imac/ilp32\libg_nano.a(lib_a-locale.o)
                                          0xd (size before relaxing)
 *fill*         0x0000000000006af6        0x2 
 .rodata.str1.4
                0x0000000000006af8        0x2 d:/mounriver/mounriver_studio/toolchain/risc-v embedded gcc/bin/../lib/gcc/riscv-none-embed/8.2.0/../../../../riscv-none-embed/lib/rv32imac/ilp32\libg_nano.a(lib_a-locale.o)
 *fill*         0x0000000000006afa        0x2 
 .rodata._strtod_l
                0x0000000000006afc       0x14 d:/mounriver/mounriver_studio/toolchain/risc-v embedded gcc/bin/../lib/gcc/riscv-none-embed/8.2.0/../../../../riscv-none-embed/lib/rv32imac/ilp32\libg_nano.a(lib_a-strtod.o)
 .rodata._strtod_l.cst8
                0x0000000000006b10       0x30 d:/mounriver/mounriver_studio/toolchain/risc-v embedded gcc/bin/../lib/gcc/riscv-none-embed/8.2.0/../../../../riscv-none-embed/lib/rv32imac/ilp32\libg_nano.a(lib_a-strtod.o)
                                         0x38 (size before relaxing)
 .rodata._strtod_l.str1.4
                0x0000000000006b40        0xf d:/mounriver/mounriver_studio/toolchain/risc-v embedded gcc/bin/../lib/gcc/riscv-none-embed/8.2.0/../../../../riscv-none-embed/lib/rv32imac/ilp32\libg_nano.a(lib_a-strtod.o)
 *fill*         0x0000000000006b4f        0x1 
 .rodata.fpi.3395
                0x0000000000006b50       0x14 d:/mounriver/mounriver_studio/toolchain/risc-v embedded gcc/bin/../lib/gcc/riscv-none-embed/8.2.0/../../../../riscv-none-embed/lib/rv32imac/ilp32\libg_nano.a(lib_a-strtod.o)
 .rodata.fpinan.3431
                0x0000000000006b64       0x14 d:/mounriver/mounriver_studio/toolchain/risc-v embedded gcc/bin/../lib/gcc/riscv-none-embed/8.2.0/../../../../riscv-none-embed/lib/rv32imac/ilp32\libg_nano.a(lib_a-strtod.o)
 .rodata.strtof_l.cst4
                0x0000000000006b78        0x4 d:/mounriver/mounriver_studio/toolchain/risc-v embedded gcc/bin/../lib/gcc/riscv-none-embed/8.2.0/../../../../riscv-none-embed/lib/rv32imac/ilp32\libg_nano.a(lib_a-strtod.o)
 *fill*         0x0000000000006b7c        0x4 
 .rodata.strtof_l.cst8
                0x0000000000006b80        0x8 d:/mounriver/mounriver_studio/toolchain/risc-v embedded gcc/bin/../lib/gcc/riscv-none-embed/8.2.0/../../../../riscv-none-embed/lib/rv32imac/ilp32\libg_nano.a(lib_a-strtod.o)
 .rodata.tinytens
                0x0000000000006b88       0x28 d:/mounriver/mounriver_studio/toolchain/risc-v embedded gcc/bin/../lib/gcc/riscv-none-embed/8.2.0/../../../../riscv-none-embed/lib/rv32imac/ilp32\libg_nano.a(lib_a-strtod.o)
 .rodata._ctype_
                0x0000000000006bb0      0x101 d:/mounriver/mounriver_studio/toolchain/risc-v embedded gcc/bin/../lib/gcc/riscv-none-embed/8.2.0/../../../../riscv-none-embed/lib/rv32imac/ilp32\libg_nano.a(lib_a-ctype_.o)
                0x0000000000006bb0                _ctype_
 *fill*         0x0000000000006cb1        0x3 
 .rodata.__sf_fake_stderr
                0x0000000000006cb4       0x20 d:/mounriver/mounriver_studio/toolchain/risc-v embedded gcc/bin/../lib/gcc/riscv-none-embed/8.2.0/../../../../riscv-none-embed/lib/rv32imac/ilp32\libg_nano.a(lib_a-findfp.o)
                0x0000000000006cb4                __sf_fake_stderr
 .rodata.__sf_fake_stdin
                0x0000000000006cd4       0x20 d:/mounriver/mounriver_studio/toolchain/risc-v embedded gcc/bin/../lib/gcc/riscv-none-embed/8.2.0/../../../../riscv-none-embed/lib/rv32imac/ilp32\libg_nano.a(lib_a-findfp.o)
                0x0000000000006cd4                __sf_fake_stdin
 .rodata.__sf_fake_stdout
                0x0000000000006cf4       0x20 d:/mounriver/mounriver_studio/toolchain/risc-v embedded gcc/bin/../lib/gcc/riscv-none-embed/8.2.0/../../../../riscv-none-embed/lib/rv32imac/ilp32\libg_nano.a(lib_a-findfp.o)
                0x0000000000006cf4                __sf_fake_stdout
 *fill*         0x0000000000006d14        0x4 
 .rodata.__mprec_bigtens
                0x0000000000006d18       0x28 d:/mounriver/mounriver_studio/toolchain/risc-v embedded gcc/bin/../lib/gcc/riscv-none-embed/8.2.0/../../../../riscv-none-embed/lib/rv32imac/ilp32\libg_nano.a(lib_a-mprec.o)
                0x0000000000006d18                __mprec_bigtens
 .rodata.__mprec_tens
                0x0000000000006d40       0xc8 d:/mounriver/mounriver_studio/toolchain/risc-v embedded gcc/bin/../lib/gcc/riscv-none-embed/8.2.0/../../../../riscv-none-embed/lib/rv32imac/ilp32\libg_nano.a(lib_a-mprec.o)
                0x0000000000006d40                __mprec_tens
 .rodata.p05.3319
                0x0000000000006e08        0xc d:/mounriver/mounriver_studio/toolchain/risc-v embedded gcc/bin/../lib/gcc/riscv-none-embed/8.2.0/../../../../riscv-none-embed/lib/rv32imac/ilp32\libg_nano.a(lib_a-mprec.o)
 .rodata._vfprintf_r.str1.4
                0x0000000000006e14       0x13 d:/mounriver/mounriver_studio/toolchain/risc-v embedded gcc/bin/../lib/gcc/riscv-none-embed/8.2.0/../../../../riscv-none-embed/lib/rv32imac/ilp32\libg_nano.a(lib_a-nano-vfprintf.o)
 *fill*         0x0000000000006e27        0x1 
 .rodata._printf_i.str1.4
                0x0000000000006e28       0x28 d:/mounriver/mounriver_studio/toolchain/risc-v embedded gcc/bin/../lib/gcc/riscv-none-embed/8.2.0/../../../../riscv-none-embed/lib/rv32imac/ilp32\libg_nano.a(lib_a-nano-vfprintf_i.o)
                                         0x25 (size before relaxing)
 .rodata.nanf.cst4
                0x0000000000006e50        0x4 d:/mounriver/mounriver_studio/toolchain/risc-v embedded gcc/bin/../lib/gcc/riscv-none-embed/8.2.0/../../../../riscv-none-embed/lib/rv32imac/ilp32\libg_nano.a(lib_a-sf_nan.o)
 .rodata.__divdf3
                0x0000000000006e54       0x40 d:/mounriver/mounriver_studio/toolchain/risc-v embedded gcc/bin/../lib/gcc/riscv-none-embed/8.2.0/rv32imac/ilp32\libgcc.a(divdf3.o)
 *(.glue_7)
 *(.glue_7t)
 *(.gnu.linkonce.t.*)
                0x0000000000006e94                . = ALIGN (0x4)

.rela.dyn       0x0000000000006e94        0x0
 .rela.text.L610_Lookup
                0x0000000000006e94        0x0 ./User/L610.o
 .rela.text.L610_RequestIP
                0x0000000000006e94        0x0 ./User/L610.o
 .rela.text.L610_SetAndConnect
                0x0000000000006e94        0x0 ./User/L610.o
 .rela.text.L610_Sub
                0x0000000000006e94        0x0 ./User/L610.o
 .rela.text.L610_Pub
                0x0000000000006e94        0x0 ./User/L610.o
 .rela.text.L610_Recive
                0x0000000000006e94        0x0 ./User/L610.o
 .rela.init     0x0000000000006e94        0x0 ./User/L610.o
 .rela.vector   0x0000000000006e94        0x0 ./User/L610.o
 .rela.text.handle_reset
                0x0000000000006e94        0x0 ./User/L610.o
 .rela.text.USART2_IRQHandler
                0x0000000000006e94        0x0 ./User/L610.o
 .rela.text._sbrk
                0x0000000000006e94        0x0 ./User/L610.o
 .rela.sdata.curbrk.5226
                0x0000000000006e94        0x0 ./User/L610.o
 .rela.text._sbrk_r
                0x0000000000006e94        0x0 ./User/L610.o
 .rela.text._write_r
                0x0000000000006e94        0x0 ./User/L610.o
 .rela.text._close_r
                0x0000000000006e94        0x0 ./User/L610.o
 .rela.text._lseek_r
                0x0000000000006e94        0x0 ./User/L610.o
 .rela.text._vfprintf_r
                0x0000000000006e94        0x0 ./User/L610.o
 .rela.text._read_r
                0x0000000000006e94        0x0 ./User/L610.o
 .rela.text._fstat_r
                0x0000000000006e94        0x0 ./User/L610.o
 .rela.text._isatty_r
                0x0000000000006e94        0x0 ./User/L610.o
 .rela.text._close
                0x0000000000006e94        0x0 ./User/L610.o
 .rela.text._fstat
                0x0000000000006e94        0x0 ./User/L610.o
 .rela.text._isatty
                0x0000000000006e94        0x0 ./User/L610.o
 .rela.text._lseek
                0x0000000000006e94        0x0 ./User/L610.o
 .rela.text._read
                0x0000000000006e94        0x0 ./User/L610.o

.fini           0x0000000000006e94        0x0
 *(SORT_NONE(.fini))
                0x0000000000006e94                . = ALIGN (0x4)
                [!provide]                        PROVIDE (_etext = .)
                [!provide]                        PROVIDE (_eitcm = .)

.preinit_array  0x0000000000006e94        0x0
                [!provide]                        PROVIDE (__preinit_array_start = .)
 *(.preinit_array)
                [!provide]                        PROVIDE (__preinit_array_end = .)

.init_array     0x0000000000006e94        0x0
                [!provide]                        PROVIDE (__init_array_start = .)
 *(SORT_BY_INIT_PRIORITY(.init_array.*) SORT_BY_INIT_PRIORITY(.ctors.*))
 *(.init_array EXCLUDE_FILE(*crtend?.o *crtend.o *crtbegin?.o *crtbegin.o) .ctors)
                [!provide]                        PROVIDE (__init_array_end = .)

.fini_array     0x0000000000006e94        0x0
                [!provide]                        PROVIDE (__fini_array_start = .)
 *(SORT_BY_INIT_PRIORITY(.fini_array.*) SORT_BY_INIT_PRIORITY(.dtors.*))
 *(.fini_array EXCLUDE_FILE(*crtend?.o *crtend.o *crtbegin?.o *crtbegin.o) .dtors)
                [!provide]                        PROVIDE (__fini_array_end = .)

.ctors
 *crtbegin.o(.ctors)
 *crtbegin?.o(.ctors)
 *(EXCLUDE_FILE(*crtend?.o *crtend.o) .ctors)
 *(SORT_BY_NAME(.ctors.*))
 *(.ctors)

.dtors
 *crtbegin.o(.dtors)
 *crtbegin?.o(.dtors)
 *(EXCLUDE_FILE(*crtend?.o *crtend.o) .dtors)
 *(SORT_BY_NAME(.dtors.*))
 *(.dtors)

.dalign         0x0000000020000000        0x0 load address 0x0000000000006e94
                0x0000000020000000                . = ALIGN (0x4)
                0x0000000020000000                PROVIDE (_data_vma = .)

.dlalign        0x0000000000006e94        0x0
                0x0000000000006e94                . = ALIGN (0x4)
                0x0000000000006e94                PROVIDE (_data_lma = .)

.data           0x0000000020000000      0x1f8 load address 0x0000000000006e94
 *(.gnu.linkonce.r.*)
 *(.data .data.*)
 .data.APBAHBPrescTable
                0x0000000020000000       0x10 ./Peripheral/src/ch32v30x_rcc.o
 .data.__global_locale
                0x0000000020000010      0x16c d:/mounriver/mounriver_studio/toolchain/risc-v embedded gcc/bin/../lib/gcc/riscv-none-embed/8.2.0/../../../../riscv-none-embed/lib/rv32imac/ilp32\libg_nano.a(lib_a-locale.o)
                0x0000000020000010                __global_locale
 .data.impure_data
                0x000000002000017c       0x60 d:/mounriver/mounriver_studio/toolchain/risc-v embedded gcc/bin/../lib/gcc/riscv-none-embed/8.2.0/../../../../riscv-none-embed/lib/rv32imac/ilp32\libg_nano.a(lib_a-impure.o)
 *(.gnu.linkonce.d.*)
                0x00000000200001e0                . = ALIGN (0x8)
 *fill*         0x00000000200001dc        0x4 
                0x00000000200009e0                PROVIDE (__global_pointer$ = (. + 0x800))
 *(.sdata .sdata.*)
 .sdata.SystemCoreClock
                0x00000000200001e0        0x4 ./User/system_ch32v30x.o
                0x00000000200001e0                SystemCoreClock
 .sdata.ADCPrescTable
                0x00000000200001e4        0x4 ./Peripheral/src/ch32v30x_rcc.o
 .sdata.curbrk.5226
                0x00000000200001e8        0x4 ./Debug/debug.o
 .sdata._impure_ptr
                0x00000000200001ec        0x4 d:/mounriver/mounriver_studio/toolchain/risc-v embedded gcc/bin/../lib/gcc/riscv-none-embed/8.2.0/../../../../riscv-none-embed/lib/rv32imac/ilp32\libg_nano.a(lib_a-impure.o)
                0x00000000200001ec                _impure_ptr
 *(.sdata2.*)
 .sdata2._global_impure_ptr
                0x00000000200001f0        0x4 d:/mounriver/mounriver_studio/toolchain/risc-v embedded gcc/bin/../lib/gcc/riscv-none-embed/8.2.0/../../../../riscv-none-embed/lib/rv32imac/ilp32\libg_nano.a(lib_a-impure.o)
                0x00000000200001f0                _global_impure_ptr
 *(.gnu.linkonce.s.*)
                0x00000000200001f8                . = ALIGN (0x8)
 *fill*         0x00000000200001f4        0x4 
 *(.srodata.cst16)
 *(.srodata.cst8)
 *(.srodata.cst4)
 *(.srodata.cst2)
 *(.srodata .srodata.*)
                0x00000000200001f8                . = ALIGN (0x4)
                0x00000000200001f8                PROVIDE (_edata = .)

.bss            0x00000000200001f8      0x5c8 load address 0x000000000000708c
                0x00000000200001f8                . = ALIGN (0x4)
                0x00000000200001f8                PROVIDE (_sbss = .)
 *(.sbss*)
 .sbss.NVIC_Priority_Group
                0x00000000200001f8        0x4 ./Peripheral/src/ch32v30x_misc.o
                0x00000000200001f8                NVIC_Priority_Group
 .sbss.USART_Rbuffer_Num
                0x00000000200001fc        0x1 ./Hardware/usart.o
                0x00000000200001fc                USART_Rbuffer_Num
 *fill*         0x00000000200001fd        0x1 
 .sbss.p_ms     0x00000000200001fe        0x2 ./Debug/debug.o
 .sbss.p_us     0x0000000020000200        0x1 ./Debug/debug.o
 *fill*         0x0000000020000201        0x3 
 .sbss.__malloc_free_list
                0x0000000020000204        0x4 d:/mounriver/mounriver_studio/toolchain/risc-v embedded gcc/bin/../lib/gcc/riscv-none-embed/8.2.0/../../../../riscv-none-embed/lib/rv32imac/ilp32\libg_nano.a(lib_a-nano-mallocr.o)
                0x0000000020000204                __malloc_free_list
 .sbss.__malloc_sbrk_start
                0x0000000020000208        0x4 d:/mounriver/mounriver_studio/toolchain/risc-v embedded gcc/bin/../lib/gcc/riscv-none-embed/8.2.0/../../../../riscv-none-embed/lib/rv32imac/ilp32\libg_nano.a(lib_a-nano-mallocr.o)
                0x0000000020000208                __malloc_sbrk_start
 *(.gnu.linkonce.sb.*)
 *(.bss*)
 .bss.productInfo.6113
                0x000000002000020c      0x1a0 ./User/L610.o
 *(.gnu.linkonce.b.*)
 *(COMMON*)
 COMMON         0x00000000200003ac      0x410 ./User/L610.o
                0x00000000200003ac                endptr
                0x00000000200003b0                number
                0x00000000200003b4                strx
                0x00000000200003b8                USART_Rbuffer
                0x00000000200007b8                len
 COMMON         0x00000000200007bc        0x4 d:/mounriver/mounriver_studio/toolchain/risc-v embedded gcc/bin/../lib/gcc/riscv-none-embed/8.2.0/../../../../riscv-none-embed/lib/rv32imac/ilp32\libg_nano.a(lib_a-reent.o)
                0x00000000200007bc                errno
                0x00000000200007c0                . = ALIGN (0x4)
                0x00000000200007c0                PROVIDE (_ebss = .)
                0x00000000200007c0                PROVIDE (_end = _ebss)
                [!provide]                        PROVIDE (end = .)

.stack          0x0000000020007800      0x800
                0x0000000020007800                PROVIDE (_heap_end = .)
                0x0000000020007800                . = ALIGN (0x4)
                [!provide]                        PROVIDE (_susrstack = .)
                0x0000000020008000                . = (. + __stack_size)
 *fill*         0x0000000020007800      0x800 
                0x0000000020008000                PROVIDE (_eusrstack = .)
OUTPUT(1.elf elf32-littleriscv)

.debug_info     0x0000000000000000     0xa1ff
 .debug_info    0x0000000000000000     0x168a ./User/L610.o
 .debug_info    0x000000000000168a      0x962 ./User/ch32v30x_it.o
 .debug_info    0x0000000000001fec      0xbf1 ./User/main.o
 .debug_info    0x0000000000002bdd      0xb63 ./User/system_ch32v30x.o
 .debug_info    0x0000000000003740       0x22 ./Startup/startup_ch32v30x_D8C.o
 .debug_info    0x0000000000003762     0x1093 ./Peripheral/src/ch32v30x_gpio.o
 .debug_info    0x00000000000047f5      0xf67 ./Peripheral/src/ch32v30x_misc.o
 .debug_info    0x000000000000575c     0x155d ./Peripheral/src/ch32v30x_rcc.o
 .debug_info    0x0000000000006cb9     0x1420 ./Peripheral/src/ch32v30x_usart.o
 .debug_info    0x00000000000080d9     0x11e5 ./Hardware/usart.o
 .debug_info    0x00000000000092be      0xf41 ./Debug/debug.o

.debug_abbrev   0x0000000000000000     0x1c59
 .debug_abbrev  0x0000000000000000      0x310 ./User/L610.o
 .debug_abbrev  0x0000000000000310      0x1cf ./User/ch32v30x_it.o
 .debug_abbrev  0x00000000000004df      0x251 ./User/main.o
 .debug_abbrev  0x0000000000000730      0x2c0 ./User/system_ch32v30x.o
 .debug_abbrev  0x00000000000009f0       0x12 ./Startup/startup_ch32v30x_D8C.o
 .debug_abbrev  0x0000000000000a02      0x31a ./Peripheral/src/ch32v30x_gpio.o
 .debug_abbrev  0x0000000000000d1c      0x2fb ./Peripheral/src/ch32v30x_misc.o
 .debug_abbrev  0x0000000000001017      0x351 ./Peripheral/src/ch32v30x_rcc.o
 .debug_abbrev  0x0000000000001368      0x325 ./Peripheral/src/ch32v30x_usart.o
 .debug_abbrev  0x000000000000168d      0x2d3 ./Hardware/usart.o
 .debug_abbrev  0x0000000000001960      0x2f9 ./Debug/debug.o

.debug_loc      0x0000000000000000     0x1f38
 .debug_loc     0x0000000000000000      0x229 ./User/L610.o
 .debug_loc     0x0000000000000229       0x1e ./User/main.o
 .debug_loc     0x0000000000000247       0xe5 ./User/system_ch32v30x.o
 .debug_loc     0x000000000000032c      0x67b ./Peripheral/src/ch32v30x_gpio.o
 .debug_loc     0x00000000000009a7       0xce ./Peripheral/src/ch32v30x_misc.o
 .debug_loc     0x0000000000000a75      0xa54 ./Peripheral/src/ch32v30x_rcc.o
 .debug_loc     0x00000000000014c9      0x7f8 ./Peripheral/src/ch32v30x_usart.o
 .debug_loc     0x0000000000001cc1       0xcf ./Hardware/usart.o
 .debug_loc     0x0000000000001d90      0x1a8 ./Debug/debug.o

.debug_aranges  0x0000000000000000      0x4e8
 .debug_aranges
                0x0000000000000000       0x50 ./User/L610.o
 .debug_aranges
                0x0000000000000050       0x28 ./User/ch32v30x_it.o
 .debug_aranges
                0x0000000000000078       0x20 ./User/main.o
 .debug_aranges
                0x0000000000000098       0x28 ./User/system_ch32v30x.o
 .debug_aranges
                0x00000000000000c0       0x30 ./Startup/startup_ch32v30x_D8C.o
 .debug_aranges
                0x00000000000000f0       0xa8 ./Peripheral/src/ch32v30x_gpio.o
 .debug_aranges
                0x0000000000000198       0x28 ./Peripheral/src/ch32v30x_misc.o
 .debug_aranges
                0x00000000000001c0      0x1a8 ./Peripheral/src/ch32v30x_rcc.o
 .debug_aranges
                0x0000000000000368      0x100 ./Peripheral/src/ch32v30x_usart.o
 .debug_aranges
                0x0000000000000468       0x38 ./Hardware/usart.o
 .debug_aranges
                0x00000000000004a0       0x48 ./Debug/debug.o

.debug_ranges   0x0000000000000000      0x4c8
 .debug_ranges  0x0000000000000000       0x78 ./User/L610.o
 .debug_ranges  0x0000000000000078       0x18 ./User/ch32v30x_it.o
 .debug_ranges  0x0000000000000090       0x10 ./User/main.o
 .debug_ranges  0x00000000000000a0       0x38 ./User/system_ch32v30x.o
 .debug_ranges  0x00000000000000d8       0x28 ./Startup/startup_ch32v30x_D8C.o
 .debug_ranges  0x0000000000000100       0x98 ./Peripheral/src/ch32v30x_gpio.o
 .debug_ranges  0x0000000000000198       0x48 ./Peripheral/src/ch32v30x_misc.o
 .debug_ranges  0x00000000000001e0      0x198 ./Peripheral/src/ch32v30x_rcc.o
 .debug_ranges  0x0000000000000378       0xf0 ./Peripheral/src/ch32v30x_usart.o
 .debug_ranges  0x0000000000000468       0x28 ./Hardware/usart.o
 .debug_ranges  0x0000000000000490       0x38 ./Debug/debug.o

.debug_line     0x0000000000000000     0x6aa5
 .debug_line    0x0000000000000000      0xebb ./User/L610.o
 .debug_line    0x0000000000000ebb      0x247 ./User/ch32v30x_it.o
 .debug_line    0x0000000000001102      0x474 ./User/main.o
 .debug_line    0x0000000000001576      0x77f ./User/system_ch32v30x.o
 .debug_line    0x0000000000001cf5      0x356 ./Startup/startup_ch32v30x_D8C.o
 .debug_line    0x000000000000204b      0xe03 ./Peripheral/src/ch32v30x_gpio.o
 .debug_line    0x0000000000002e4e      0x522 ./Peripheral/src/ch32v30x_misc.o
 .debug_line    0x0000000000003370     0x1843 ./Peripheral/src/ch32v30x_rcc.o
 .debug_line    0x0000000000004bb3     0x10fc ./Peripheral/src/ch32v30x_usart.o
 .debug_line    0x0000000000005caf      0x6a2 ./Hardware/usart.o
 .debug_line    0x0000000000006351      0x754 ./Debug/debug.o

.debug_str      0x0000000000000000     0x1e16
 .debug_str     0x0000000000000000      0x685 ./User/L610.o
                                        0x6f2 (size before relaxing)
 .debug_str     0x0000000000000685       0x34 ./User/ch32v30x_it.o
                                        0x5c3 (size before relaxing)
 .debug_str     0x00000000000006b9       0x53 ./User/main.o
                                        0x6f0 (size before relaxing)
 .debug_str     0x000000000000070c      0x104 ./User/system_ch32v30x.o
                                        0x6bd (size before relaxing)
 .debug_str     0x0000000000000810       0x2e ./Startup/startup_ch32v30x_D8C.o
                                         0x82 (size before relaxing)
 .debug_str     0x000000000000083e      0x3c9 ./Peripheral/src/ch32v30x_gpio.o
                                        0x97e (size before relaxing)
 .debug_str     0x0000000000000c07      0x6e1 ./Peripheral/src/ch32v30x_misc.o
                                        0xcc9 (size before relaxing)
 .debug_str     0x00000000000012e8      0x5f7 ./Peripheral/src/ch32v30x_rcc.o
                                        0xcce (size before relaxing)
 .debug_str     0x00000000000018df      0x421 ./Peripheral/src/ch32v30x_usart.o
                                        0xb24 (size before relaxing)
 .debug_str     0x0000000000001d00       0x99 ./Hardware/usart.o
                                        0xf19 (size before relaxing)
 .debug_str     0x0000000000001d99       0x7d ./Debug/debug.o
                                        0x923 (size before relaxing)

.comment        0x0000000000000000       0x33
 .comment       0x0000000000000000       0x33 ./User/L610.o
                                         0x34 (size before relaxing)
 .comment       0x0000000000000033       0x34 ./User/ch32v30x_it.o
 .comment       0x0000000000000033       0x34 ./User/main.o
 .comment       0x0000000000000033       0x34 ./User/system_ch32v30x.o
 .comment       0x0000000000000033       0x34 ./Peripheral/src/ch32v30x_gpio.o
 .comment       0x0000000000000033       0x34 ./Peripheral/src/ch32v30x_misc.o
 .comment       0x0000000000000033       0x34 ./Peripheral/src/ch32v30x_rcc.o
 .comment       0x0000000000000033       0x34 ./Peripheral/src/ch32v30x_usart.o
 .comment       0x0000000000000033       0x34 ./Hardware/usart.o
 .comment       0x0000000000000033       0x34 ./Debug/debug.o

.debug_frame    0x0000000000000000     0x1da8
 .debug_frame   0x0000000000000000      0x184 ./User/L610.o
 .debug_frame   0x0000000000000184       0x30 ./User/ch32v30x_it.o
 .debug_frame   0x00000000000001b4       0x30 ./User/main.o
 .debug_frame   0x00000000000001e4       0x3c ./User/system_ch32v30x.o
 .debug_frame   0x0000000000000220      0x150 ./Peripheral/src/ch32v30x_gpio.o
 .debug_frame   0x0000000000000370       0x30 ./Peripheral/src/ch32v30x_misc.o
 .debug_frame   0x00000000000003a0      0x340 ./Peripheral/src/ch32v30x_rcc.o
 .debug_frame   0x00000000000006e0      0x210 ./Peripheral/src/ch32v30x_usart.o
 .debug_frame   0x00000000000008f0       0x94 ./Hardware/usart.o
 .debug_frame   0x0000000000000984       0xa4 ./Debug/debug.o
 .debug_frame   0x0000000000000a28       0x20 d:/mounriver/mounriver_studio/toolchain/risc-v embedded gcc/bin/../lib/gcc/riscv-none-embed/8.2.0/rv32imac/ilp32\libgcc.a(eqdf2.o)
 .debug_frame   0x0000000000000a48       0x20 d:/mounriver/mounriver_studio/toolchain/risc-v embedded gcc/bin/../lib/gcc/riscv-none-embed/8.2.0/rv32imac/ilp32\libgcc.a(gedf2.o)
 .debug_frame   0x0000000000000a68       0x20 d:/mounriver/mounriver_studio/toolchain/risc-v embedded gcc/bin/../lib/gcc/riscv-none-embed/8.2.0/rv32imac/ilp32\libgcc.a(ledf2.o)
 .debug_frame   0x0000000000000a88       0x54 d:/mounriver/mounriver_studio/toolchain/risc-v embedded gcc/bin/../lib/gcc/riscv-none-embed/8.2.0/rv32imac/ilp32\libgcc.a(muldf3.o)
 .debug_frame   0x0000000000000adc       0x44 d:/mounriver/mounriver_studio/toolchain/risc-v embedded gcc/bin/../lib/gcc/riscv-none-embed/8.2.0/rv32imac/ilp32\libgcc.a(subdf3.o)
 .debug_frame   0x0000000000000b20       0x20 d:/mounriver/mounriver_studio/toolchain/risc-v embedded gcc/bin/../lib/gcc/riscv-none-embed/8.2.0/rv32imac/ilp32\libgcc.a(unorddf2.o)
 .debug_frame   0x0000000000000b40       0x20 d:/mounriver/mounriver_studio/toolchain/risc-v embedded gcc/bin/../lib/gcc/riscv-none-embed/8.2.0/rv32imac/ilp32\libgcc.a(fixdfsi.o)
 .debug_frame   0x0000000000000b60       0x38 d:/mounriver/mounriver_studio/toolchain/risc-v embedded gcc/bin/../lib/gcc/riscv-none-embed/8.2.0/rv32imac/ilp32\libgcc.a(floatsidf.o)
 .debug_frame   0x0000000000000b98       0x38 d:/mounriver/mounriver_studio/toolchain/risc-v embedded gcc/bin/../lib/gcc/riscv-none-embed/8.2.0/rv32imac/ilp32\libgcc.a(extendsfdf2.o)
 .debug_frame   0x0000000000000bd0       0x20 d:/mounriver/mounriver_studio/toolchain/risc-v embedded gcc/bin/../lib/gcc/riscv-none-embed/8.2.0/rv32imac/ilp32\libgcc.a(_clzsi2.o)
 .debug_frame   0x0000000000000bf0       0x78 d:/mounriver/mounriver_studio/toolchain/risc-v embedded gcc/bin/../lib/gcc/riscv-none-embed/8.2.0/../../../../riscv-none-embed/lib/rv32imac/ilp32\libg_nano.a(lib_a-locale.o)
 .debug_frame   0x0000000000000c68       0x30 d:/mounriver/mounriver_studio/toolchain/risc-v embedded gcc/bin/../lib/gcc/riscv-none-embed/8.2.0/../../../../riscv-none-embed/lib/rv32imac/ilp32\libg_nano.a(lib_a-malloc.o)
 .debug_frame   0x0000000000000c98       0x38 d:/mounriver/mounriver_studio/toolchain/risc-v embedded gcc/bin/../lib/gcc/riscv-none-embed/8.2.0/../../../../riscv-none-embed/lib/rv32imac/ilp32\libg_nano.a(lib_a-mbtowc_r.o)
 .debug_frame   0x0000000000000cd0       0x20 d:/mounriver/mounriver_studio/toolchain/risc-v embedded gcc/bin/../lib/gcc/riscv-none-embed/8.2.0/../../../../riscv-none-embed/lib/rv32imac/ilp32\libg_nano.a(lib_a-memcpy.o)
 .debug_frame   0x0000000000000cf0       0x40 d:/mounriver/mounriver_studio/toolchain/risc-v embedded gcc/bin/../lib/gcc/riscv-none-embed/8.2.0/../../../../riscv-none-embed/lib/rv32imac/ilp32\libg_nano.a(lib_a-nano-freer.o)
 .debug_frame   0x0000000000000d30       0x40 d:/mounriver/mounriver_studio/toolchain/risc-v embedded gcc/bin/../lib/gcc/riscv-none-embed/8.2.0/../../../../riscv-none-embed/lib/rv32imac/ilp32\libg_nano.a(lib_a-nano-mallocr.o)
 .debug_frame   0x0000000000000d70       0x54 d:/mounriver/mounriver_studio/toolchain/risc-v embedded gcc/bin/../lib/gcc/riscv-none-embed/8.2.0/../../../../riscv-none-embed/lib/rv32imac/ilp32\libg_nano.a(lib_a-printf.o)
 .debug_frame   0x0000000000000dc4       0x54 d:/mounriver/mounriver_studio/toolchain/risc-v embedded gcc/bin/../lib/gcc/riscv-none-embed/8.2.0/../../../../riscv-none-embed/lib/rv32imac/ilp32\libg_nano.a(lib_a-puts.o)
 .debug_frame   0x0000000000000e18       0x30 d:/mounriver/mounriver_studio/toolchain/risc-v embedded gcc/bin/../lib/gcc/riscv-none-embed/8.2.0/../../../../riscv-none-embed/lib/rv32imac/ilp32\libg_nano.a(lib_a-sbrkr.o)
 .debug_frame   0x0000000000000e48       0xa4 d:/mounriver/mounriver_studio/toolchain/risc-v embedded gcc/bin/../lib/gcc/riscv-none-embed/8.2.0/../../../../riscv-none-embed/lib/rv32imac/ilp32\libg_nano.a(lib_a-stdio.o)
 .debug_frame   0x0000000000000eec       0x20 d:/mounriver/mounriver_studio/toolchain/risc-v embedded gcc/bin/../lib/gcc/riscv-none-embed/8.2.0/../../../../riscv-none-embed/lib/rv32imac/ilp32\libg_nano.a(lib_a-strlen.o)
 .debug_frame   0x0000000000000f0c       0x20 d:/mounriver/mounriver_studio/toolchain/risc-v embedded gcc/bin/../lib/gcc/riscv-none-embed/8.2.0/../../../../riscv-none-embed/lib/rv32imac/ilp32\libg_nano.a(lib_a-strncmp.o)
 .debug_frame   0x0000000000000f2c       0x20 d:/mounriver/mounriver_studio/toolchain/risc-v embedded gcc/bin/../lib/gcc/riscv-none-embed/8.2.0/../../../../riscv-none-embed/lib/rv32imac/ilp32\libg_nano.a(lib_a-strstr.o)
 .debug_frame   0x0000000000000f4c      0x154 d:/mounriver/mounriver_studio/toolchain/risc-v embedded gcc/bin/../lib/gcc/riscv-none-embed/8.2.0/../../../../riscv-none-embed/lib/rv32imac/ilp32\libg_nano.a(lib_a-strtod.o)
 .debug_frame   0x00000000000010a0       0x50 d:/mounriver/mounriver_studio/toolchain/risc-v embedded gcc/bin/../lib/gcc/riscv-none-embed/8.2.0/../../../../riscv-none-embed/lib/rv32imac/ilp32\libg_nano.a(lib_a-wbuf.o)
 .debug_frame   0x00000000000010f0       0x30 d:/mounriver/mounriver_studio/toolchain/risc-v embedded gcc/bin/../lib/gcc/riscv-none-embed/8.2.0/../../../../riscv-none-embed/lib/rv32imac/ilp32\libg_nano.a(lib_a-wctomb_r.o)
 .debug_frame   0x0000000000001120       0x30 d:/mounriver/mounriver_studio/toolchain/risc-v embedded gcc/bin/../lib/gcc/riscv-none-embed/8.2.0/../../../../riscv-none-embed/lib/rv32imac/ilp32\libg_nano.a(lib_a-writer.o)
 .debug_frame   0x0000000000001150       0x3c d:/mounriver/mounriver_studio/toolchain/risc-v embedded gcc/bin/../lib/gcc/riscv-none-embed/8.2.0/../../../../riscv-none-embed/lib/rv32imac/ilp32\libg_nano.a(lib_a-wsetup.o)
 .debug_frame   0x000000000000118c       0x30 d:/mounriver/mounriver_studio/toolchain/risc-v embedded gcc/bin/../lib/gcc/riscv-none-embed/8.2.0/../../../../riscv-none-embed/lib/rv32imac/ilp32\libg_nano.a(lib_a-closer.o)
 .debug_frame   0x00000000000011bc       0x7c d:/mounriver/mounriver_studio/toolchain/risc-v embedded gcc/bin/../lib/gcc/riscv-none-embed/8.2.0/../../../../riscv-none-embed/lib/rv32imac/ilp32\libg_nano.a(lib_a-fflush.o)
 .debug_frame   0x0000000000001238      0x148 d:/mounriver/mounriver_studio/toolchain/risc-v embedded gcc/bin/../lib/gcc/riscv-none-embed/8.2.0/../../../../riscv-none-embed/lib/rv32imac/ilp32\libg_nano.a(lib_a-findfp.o)
 .debug_frame   0x0000000000001380       0x88 d:/mounriver/mounriver_studio/toolchain/risc-v embedded gcc/bin/../lib/gcc/riscv-none-embed/8.2.0/../../../../riscv-none-embed/lib/rv32imac/ilp32\libg_nano.a(lib_a-fwalk.o)
 .debug_frame   0x0000000000001408       0x84 d:/mounriver/mounriver_studio/toolchain/risc-v embedded gcc/bin/../lib/gcc/riscv-none-embed/8.2.0/../../../../riscv-none-embed/lib/rv32imac/ilp32\libg_nano.a(lib_a-gdtoa-gethex.o)
 .debug_frame   0x000000000000148c       0x80 d:/mounriver/mounriver_studio/toolchain/risc-v embedded gcc/bin/../lib/gcc/riscv-none-embed/8.2.0/../../../../riscv-none-embed/lib/rv32imac/ilp32\libg_nano.a(lib_a-gdtoa-hexnan.o)
 .debug_frame   0x000000000000150c       0x40 d:/mounriver/mounriver_studio/toolchain/risc-v embedded gcc/bin/../lib/gcc/riscv-none-embed/8.2.0/../../../../riscv-none-embed/lib/rv32imac/ilp32\libg_nano.a(lib_a-localeconv.o)
 .debug_frame   0x000000000000154c       0x30 d:/mounriver/mounriver_studio/toolchain/risc-v embedded gcc/bin/../lib/gcc/riscv-none-embed/8.2.0/../../../../riscv-none-embed/lib/rv32imac/ilp32\libg_nano.a(lib_a-lseekr.o)
 .debug_frame   0x000000000000157c       0x64 d:/mounriver/mounriver_studio/toolchain/risc-v embedded gcc/bin/../lib/gcc/riscv-none-embed/8.2.0/../../../../riscv-none-embed/lib/rv32imac/ilp32\libg_nano.a(lib_a-makebuf.o)
 .debug_frame   0x00000000000015e0       0x30 d:/mounriver/mounriver_studio/toolchain/risc-v embedded gcc/bin/../lib/gcc/riscv-none-embed/8.2.0/../../../../riscv-none-embed/lib/rv32imac/ilp32\libg_nano.a(lib_a-mlock.o)
 .debug_frame   0x0000000000001610      0x2e0 d:/mounriver/mounriver_studio/toolchain/risc-v embedded gcc/bin/../lib/gcc/riscv-none-embed/8.2.0/../../../../riscv-none-embed/lib/rv32imac/ilp32\libg_nano.a(lib_a-mprec.o)
 .debug_frame   0x00000000000018f0       0x30 d:/mounriver/mounriver_studio/toolchain/risc-v embedded gcc/bin/../lib/gcc/riscv-none-embed/8.2.0/../../../../riscv-none-embed/lib/rv32imac/ilp32\libg_nano.a(lib_a-nano-callocr.o)
 .debug_frame   0x0000000000001920       0xd0 d:/mounriver/mounriver_studio/toolchain/risc-v embedded gcc/bin/../lib/gcc/riscv-none-embed/8.2.0/../../../../riscv-none-embed/lib/rv32imac/ilp32\libg_nano.a(lib_a-nano-vfprintf.o)
 .debug_frame   0x00000000000019f0       0x8c d:/mounriver/mounriver_studio/toolchain/risc-v embedded gcc/bin/../lib/gcc/riscv-none-embed/8.2.0/../../../../riscv-none-embed/lib/rv32imac/ilp32\libg_nano.a(lib_a-nano-vfprintf_i.o)
 .debug_frame   0x0000000000001a7c       0x30 d:/mounriver/mounriver_studio/toolchain/risc-v embedded gcc/bin/../lib/gcc/riscv-none-embed/8.2.0/../../../../riscv-none-embed/lib/rv32imac/ilp32\libg_nano.a(lib_a-readr.o)
 .debug_frame   0x0000000000001aac       0x70 d:/mounriver/mounriver_studio/toolchain/risc-v embedded gcc/bin/../lib/gcc/riscv-none-embed/8.2.0/../../../../riscv-none-embed/lib/rv32imac/ilp32\libg_nano.a(lib_a-reent.o)
 .debug_frame   0x0000000000001b1c       0x20 d:/mounriver/mounriver_studio/toolchain/risc-v embedded gcc/bin/../lib/gcc/riscv-none-embed/8.2.0/../../../../riscv-none-embed/lib/rv32imac/ilp32\libg_nano.a(lib_a-sf_nan.o)
 .debug_frame   0x0000000000001b3c       0x30 d:/mounriver/mounriver_studio/toolchain/risc-v embedded gcc/bin/../lib/gcc/riscv-none-embed/8.2.0/../../../../riscv-none-embed/lib/rv32imac/ilp32\libg_nano.a(lib_a-fstatr.o)
 .debug_frame   0x0000000000001b6c       0x30 d:/mounriver/mounriver_studio/toolchain/risc-v embedded gcc/bin/../lib/gcc/riscv-none-embed/8.2.0/../../../../riscv-none-embed/lib/rv32imac/ilp32\libg_nano.a(lib_a-isattyr.o)
 .debug_frame   0x0000000000001b9c       0x20 d:/mounriver/mounriver_studio/toolchain/risc-v embedded gcc/bin/../lib/gcc/riscv-none-embed/8.2.0/../../../../riscv-none-embed/lib/rv32imac/ilp32\libg_nano.a(lib_a-memchr.o)
 .debug_frame   0x0000000000001bbc       0x44 d:/mounriver/mounriver_studio/toolchain/risc-v embedded gcc/bin/../lib/gcc/riscv-none-embed/8.2.0/rv32imac/ilp32\libgcc.a(adddf3.o)
 .debug_frame   0x0000000000001c00       0x50 d:/mounriver/mounriver_studio/toolchain/risc-v embedded gcc/bin/../lib/gcc/riscv-none-embed/8.2.0/rv32imac/ilp32\libgcc.a(divdf3.o)
 .debug_frame   0x0000000000001c50       0x20 d:/mounriver/mounriver_studio/toolchain/risc-v embedded gcc/bin/../lib/gcc/riscv-none-embed/8.2.0/rv32imac/ilp32\libgcc.a(fixunsdfsi.o)
 .debug_frame   0x0000000000001c70       0x38 d:/mounriver/mounriver_studio/toolchain/risc-v embedded gcc/bin/../lib/gcc/riscv-none-embed/8.2.0/rv32imac/ilp32\libgcc.a(floatunsidf.o)
 .debug_frame   0x0000000000001ca8       0x20 d:/mounriver/mounriver_studio/toolchain/risc-v embedded gcc/bin/../lib/gcc/riscv-none-embed/8.2.0/rv32imac/ilp32\libgcc.a(lesf2.o)
 .debug_frame   0x0000000000001cc8       0x20 d:/mounriver/mounriver_studio/toolchain/risc-v embedded gcc/bin/../lib/gcc/riscv-none-embed/8.2.0/rv32imac/ilp32\libgcc.a(unordsf2.o)
 .debug_frame   0x0000000000001ce8       0x20 d:/mounriver/mounriver_studio/toolchain/risc-v embedded gcc/bin/../lib/gcc/riscv-none-embed/8.2.0/rv32imac/ilp32\libgcc.a(truncdfsf2.o)
 .debug_frame   0x0000000000001d08       0x20 d:/mounriver/mounriver_studio/toolchain/risc-v embedded gcc/bin/../lib/gcc/riscv-none-embed/8.2.0/../../../../riscv-none-embed/lib/rv32imac/ilp32\libnosys.a(close.o)
 .debug_frame   0x0000000000001d28       0x20 d:/mounriver/mounriver_studio/toolchain/risc-v embedded gcc/bin/../lib/gcc/riscv-none-embed/8.2.0/../../../../riscv-none-embed/lib/rv32imac/ilp32\libnosys.a(fstat.o)
 .debug_frame   0x0000000000001d48       0x20 d:/mounriver/mounriver_studio/toolchain/risc-v embedded gcc/bin/../lib/gcc/riscv-none-embed/8.2.0/../../../../riscv-none-embed/lib/rv32imac/ilp32\libnosys.a(isatty.o)
 .debug_frame   0x0000000000001d68       0x20 d:/mounriver/mounriver_studio/toolchain/risc-v embedded gcc/bin/../lib/gcc/riscv-none-embed/8.2.0/../../../../riscv-none-embed/lib/rv32imac/ilp32\libnosys.a(lseek.o)
 .debug_frame   0x0000000000001d88       0x20 d:/mounriver/mounriver_studio/toolchain/risc-v embedded gcc/bin/../lib/gcc/riscv-none-embed/8.2.0/../../../../riscv-none-embed/lib/rv32imac/ilp32\libnosys.a(read.o)

.stab           0x0000000000000000       0x84
 .stab          0x0000000000000000       0x24 d:/mounriver/mounriver_studio/toolchain/risc-v embedded gcc/bin/../lib/gcc/riscv-none-embed/8.2.0/../../../../riscv-none-embed/lib/rv32imac/ilp32\libnosys.a(close.o)
 .stab          0x0000000000000024       0x18 d:/mounriver/mounriver_studio/toolchain/risc-v embedded gcc/bin/../lib/gcc/riscv-none-embed/8.2.0/../../../../riscv-none-embed/lib/rv32imac/ilp32\libnosys.a(fstat.o)
                                         0x24 (size before relaxing)
 .stab          0x000000000000003c       0x18 d:/mounriver/mounriver_studio/toolchain/risc-v embedded gcc/bin/../lib/gcc/riscv-none-embed/8.2.0/../../../../riscv-none-embed/lib/rv32imac/ilp32\libnosys.a(isatty.o)
                                         0x24 (size before relaxing)
 .stab          0x0000000000000054       0x18 d:/mounriver/mounriver_studio/toolchain/risc-v embedded gcc/bin/../lib/gcc/riscv-none-embed/8.2.0/../../../../riscv-none-embed/lib/rv32imac/ilp32\libnosys.a(lseek.o)
                                         0x24 (size before relaxing)
 .stab          0x000000000000006c       0x18 d:/mounriver/mounriver_studio/toolchain/risc-v embedded gcc/bin/../lib/gcc/riscv-none-embed/8.2.0/../../../../riscv-none-embed/lib/rv32imac/ilp32\libnosys.a(read.o)
                                         0x24 (size before relaxing)

.stabstr        0x0000000000000000      0x117
 .stabstr       0x0000000000000000      0x117 d:/mounriver/mounriver_studio/toolchain/risc-v embedded gcc/bin/../lib/gcc/riscv-none-embed/8.2.0/../../../../riscv-none-embed/lib/rv32imac/ilp32\libnosys.a(close.o)
