Archive member included to satisfy reference by file (symbol)

d:/mounriver/mounriver_studio/toolchain/risc-v embedded gcc/bin/../lib/gcc/riscv-none-embed/8.2.0/rv32imac/ilp32\libgcc.a(extendsfdf2.o)
                              ./User/main.o (__extendsfdf2)
d:/mounriver/mounriver_studio/toolchain/risc-v embedded gcc/bin/../lib/gcc/riscv-none-embed/8.2.0/rv32imac/ilp32\libgcc.a(_clzsi2.o)
                              d:/mounriver/mounriver_studio/toolchain/risc-v embedded gcc/bin/../lib/gcc/riscv-none-embed/8.2.0/rv32imac/ilp32\libgcc.a(extendsfdf2.o) (__clzsi2)
d:/mounriver/mounriver_studio/toolchain/risc-v embedded gcc/bin/../lib/gcc/riscv-none-embed/8.2.0/rv32imac/ilp32\libgcc.a(_clz.o)
                              d:/mounriver/mounriver_studio/toolchain/risc-v embedded gcc/bin/../lib/gcc/riscv-none-embed/8.2.0/rv32imac/ilp32\libgcc.a(_clzsi2.o) (__clz_tab)
d:/mounriver/mounriver_studio/toolchain/risc-v embedded gcc/bin/../lib/gcc/riscv-none-embed/8.2.0/../../../../riscv-none-embed/lib/rv32imac/ilp32\libg_nano.a(lib_a-memset.o)
                              ./User/L610.o (memset)
d:/mounriver/mounriver_studio/toolchain/risc-v embedded gcc/bin/../lib/gcc/riscv-none-embed/8.2.0/../../../../riscv-none-embed/lib/rv32imac/ilp32\libg_nano.a(lib_a-printf.o)
                              ./User/L610.o (printf)
d:/mounriver/mounriver_studio/toolchain/risc-v embedded gcc/bin/../lib/gcc/riscv-none-embed/8.2.0/../../../../riscv-none-embed/lib/rv32imac/ilp32\libg_nano.a(lib_a-puts.o)
                              ./User/L610.o (puts)
d:/mounriver/mounriver_studio/toolchain/risc-v embedded gcc/bin/../lib/gcc/riscv-none-embed/8.2.0/../../../../riscv-none-embed/lib/rv32imac/ilp32\libg_nano.a(lib_a-strstr.o)
                              ./User/L610.o (strstr)
d:/mounriver/mounriver_studio/toolchain/risc-v embedded gcc/bin/../lib/gcc/riscv-none-embed/8.2.0/../../../../riscv-none-embed/lib/rv32imac/ilp32\libg_nano.a(lib_a-strtod.o)
                              ./User/L610.o (strtof)
d:/mounriver/mounriver_studio/toolchain/risc-v embedded gcc/bin/../lib/gcc/riscv-none-embed/8.2.0/../../../../riscv-none-embed/lib/rv32imac/ilp32\libg_nano.a(lib_a-wbuf.o)
                              d:/mounriver/mounriver_studio/toolchain/risc-v embedded gcc/bin/../lib/gcc/riscv-none-embed/8.2.0/../../../../riscv-none-embed/lib/rv32imac/ilp32\libg_nano.a(lib_a-puts.o) (__swbuf_r)
d:/mounriver/mounriver_studio/toolchain/risc-v embedded gcc/bin/../lib/gcc/riscv-none-embed/8.2.0/../../../../riscv-none-embed/lib/rv32imac/ilp32\libg_nano.a(lib_a-wsetup.o)
                              d:/mounriver/mounriver_studio/toolchain/risc-v embedded gcc/bin/../lib/gcc/riscv-none-embed/8.2.0/../../../../riscv-none-embed/lib/rv32imac/ilp32\libg_nano.a(lib_a-puts.o) (__swsetup_r)
d:/mounriver/mounriver_studio/toolchain/risc-v embedded gcc/bin/../lib/gcc/riscv-none-embed/8.2.0/../../../../riscv-none-embed/lib/rv32imac/ilp32\libg_nano.a(lib_a-fflush.o)
                              d:/mounriver/mounriver_studio/toolchain/risc-v embedded gcc/bin/../lib/gcc/riscv-none-embed/8.2.0/../../../../riscv-none-embed/lib/rv32imac/ilp32\libg_nano.a(lib_a-wbuf.o) (_fflush_r)
d:/mounriver/mounriver_studio/toolchain/risc-v embedded gcc/bin/../lib/gcc/riscv-none-embed/8.2.0/../../../../riscv-none-embed/lib/rv32imac/ilp32\libg_nano.a(lib_a-findfp.o)
                              d:/mounriver/mounriver_studio/toolchain/risc-v embedded gcc/bin/../lib/gcc/riscv-none-embed/8.2.0/../../../../riscv-none-embed/lib/rv32imac/ilp32\libg_nano.a(lib_a-printf.o) (__sinit)
d:/mounriver/mounriver_studio/toolchain/risc-v embedded gcc/bin/../lib/gcc/riscv-none-embed/8.2.0/../../../../riscv-none-embed/lib/rv32imac/ilp32\libg_nano.a(lib_a-fwalk.o)
                              d:/mounriver/mounriver_studio/toolchain/risc-v embedded gcc/bin/../lib/gcc/riscv-none-embed/8.2.0/../../../../riscv-none-embed/lib/rv32imac/ilp32\libg_nano.a(lib_a-findfp.o) (_fwalk)
d:/mounriver/mounriver_studio/toolchain/risc-v embedded gcc/bin/../lib/gcc/riscv-none-embed/8.2.0/../../../../riscv-none-embed/lib/rv32imac/ilp32\libg_nano.a(lib_a-gdtoa-gethex.o)
                              d:/mounriver/mounriver_studio/toolchain/risc-v embedded gcc/bin/../lib/gcc/riscv-none-embed/8.2.0/../../../../riscv-none-embed/lib/rv32imac/ilp32\libg_nano.a(lib_a-strtod.o) (__gethex)
d:/mounriver/mounriver_studio/toolchain/risc-v embedded gcc/bin/../lib/gcc/riscv-none-embed/8.2.0/../../../../riscv-none-embed/lib/rv32imac/ilp32\libg_nano.a(lib_a-gdtoa-hexnan.o)
                              d:/mounriver/mounriver_studio/toolchain/risc-v embedded gcc/bin/../lib/gcc/riscv-none-embed/8.2.0/../../../../riscv-none-embed/lib/rv32imac/ilp32\libg_nano.a(lib_a-strtod.o) (__match)
d:/mounriver/mounriver_studio/toolchain/risc-v embedded gcc/bin/../lib/gcc/riscv-none-embed/8.2.0/../../../../riscv-none-embed/lib/rv32imac/ilp32\libg_nano.a(lib_a-impure.o)
[...]
Memory Configuration

Name             Origin             Length             Attributes
FLASH            0x0000000000000000 0x0000000000048000 xr
RAM              0x0000000020000000 0x0000000000008000 xrw
*default*        0x0000000000000000 0xffffffffffffffff

Linker script and memory map

LOAD ./User/L610.o
LOAD ./User/ch32v30x_it.o
LOAD ./User/main.o
LOAD ./User/system_ch32v30x.o
LOAD ./Startup/startup_ch32v30x_D8C.o
LOAD ./Peripheral/src/ch32v30x_adc.o
LOAD ./Peripheral/src/ch32v30x_bkp.o
LOAD ./Peripheral/src/ch32v30x_can.o
LOAD ./Peripheral/src/ch32v30x_crc.o
LOAD ./Peripheral/src/ch32v30x_dac.o
LOAD ./Peripheral/src/ch32v30x_dbgmcu.o
LOAD ./Peripheral/src/ch32v30x_dma.o
LOAD ./Peripheral/src/ch32v30x_dvp.o
LOAD ./Peripheral/src/ch32v30x_eth.o
LOAD ./Peripheral/src/ch32v30x_exti.o
LOAD ./Peripheral/src/ch32v30x_flash.o
LOAD ./Peripheral/src/ch32v30x_fsmc.o
LOAD ./Peripheral/src/ch32v30x_gpio.o
LOAD ./Peripheral/src/ch32v30x_i2c.o
LOAD ./Peripheral/src/ch32v30x_iwdg.o
LOAD ./Peripheral/src/ch32v30x_misc.o
LOAD ./Peripheral/src/ch32v30x_opa.o
LOAD ./Peripheral/src/ch32v30x_pwr.o
LOAD ./Peripheral/src/ch32v30x_rcc.o
LOAD ./Peripheral/src/ch32v30x_rng.o
LOAD ./Peripheral/src/ch32v30x_rtc.o
LOAD ./Peripheral/src/ch32v30x_sdio.o
LOAD ./Peripheral/src/ch32v30x_spi.o
LOAD ./Peripheral/src/ch32v30x_tim.o
LOAD ./Peripheral/src/ch32v30x_usart.o
LOAD ./Peripheral/src/ch32v30x_wwdg.o
LOAD ./Hardware/usart.o
LOAD ./Debug/debug.o
LOAD ./Core/core_riscv.o
LOAD d:/mounriver/mounriver_studio/toolchain/risc-v embedded gcc/bin/../lib/gcc/riscv-none-embed/8.2.0/rv32imac/ilp32\libgcc.a
LOAD d:/mounriver/mounriver_studio/toolchain/risc-v embedded gcc/bin/../lib/gcc/riscv-none-embed/8.2.0/../../../../riscv-none-embed/lib/rv32imac/ilp32\libg_nano.a
LOAD d:/mounriver/mounriver_studio/toolchain/risc-v embedded gcc/bin/../lib/gcc/riscv-none-embed/8.2.0/../../../../riscv-none-embed/lib/rv32imac/ilp32\libc_nano.a
LOAD d:/mounriver/mounriver_studio/toolchain/risc-v embedded gcc/bin/../lib/gcc/riscv-none-embed/8.2.0/rv32imac/ilp32\libgcc.a
START GROUP
LOAD d:/mounriver/mounriver_studio/toolchain/risc-v embedded gcc/bin/../lib/gcc/riscv-none-embed/8.2.0/rv32imac/ilp32\libgcc.a
LOAD d:/mounriver/mounriver_studio/toolchain/risc-v embedded gcc/bin/../lib/gcc/riscv-none-embed/8.2.0/../../../../riscv-none-embed/lib/rv32imac/ilp32\libc_nano.a
LOAD d:/mounriver/mounriver_studio/toolchain/risc-v embedded gcc/bin/../lib/gcc/riscv-none-embed/8.2.0/../../../../riscv-none-embed/lib/rv32imac/ilp32\libnosys.a
END GROUP
START GROUP
LOAD d:/mounriver/mounriver_studio/toolchain/risc-v embedded gcc/bin/../lib/gcc/riscv-none-embed/8.2.0/rv32imac/ilp32\libgcc.a
LOAD d:/mounriver/mounriver_studio/toolchain/risc-v embedded gcc/bin/../lib/gcc/riscv-none-embed/8.2.0/../../../../riscv-none-embed/lib/rv32imac/ilp32\libc_nano.a
LOAD d:/mounriver/mounriver_studio/toolchain/risc-v embedded gcc/bin/../lib/gcc/riscv-none-embed/8.2.0/../../../../riscv-none-embed/lib/rv32imac/ilp32\libnosys.a
END GROUP
                0x0000000000000800                __stack_size = 0x800
                [!provide]                        PROVIDE (_stack_size = __stack_size)

.init           0x0000000000000000       0x38
                0x0000000000000000                _sinit = .
                0x0000000000000000                . = ALIGN (0x4)
 *(SORT_NONE(.init))
 .init          0x0000000000000000       0x38 ./Startup/startup_ch32v30x_D8C.o
                0x0000000000000000                _start
                0x0000000000000038                . = ALIGN (0x4)
                0x0000000000000038                _einit = .

.vector         0x0000000000000038      0x1c8
 *(.vector)
 .vector        0x0000000000000038      0x1a0 ./Startup/startup_ch32v30x_D8C.o
                0x0000000000000200                . = ALIGN (0x40)
 *fill*         0x00000000000001d8       0x28 

.text           0x0000000000000200     0x6c38
                0x0000000000000200                . = ALIGN (0x4)
 *(.text)
 .text          0x0000000000000200       0xa8 d:/mounriver/mounriver_studio/toolchain/risc-v embedded gcc/bin/../lib/gcc/riscv-none-embed/8.2.0/../../../../riscv-none-embed/lib/rv32imac/ilp32\libg_nano.a(lib_a-memset.o)
                0x0000000000000200                memset
 *(.text.*)
 .text.L610_Init
                0x00000000000002a8       0x32 ./User/L610.o
                0x00000000000002a8                L610_Init
 .text.L610_Lookup
                0x00000000000002da      0x11c ./User/L610.o
                0x00000000000002da                L610_Lookup
 .text.L610_RequestIP
                0x00000000000003f6       0xa4 ./User/L610.o
                0x00000000000003f6                L610_RequestIP
 .text.L610_SetAndConnect
                0x000000000000049a      0x164 ./User/L610.o
                0x000000000000049a                L610_SetAndConnect
 .text.L610_Sub
                0x00000000000005fe       0xa0 ./User/L610.o
                0x00000000000005fe                L610_Sub
 .text.L610_Pub
                0x000000000000069e       0xa2 ./User/L610.o
                0x000000000000069e                L610_Pub
 .text.L610_Recive
                0x0000000000000740      0x284 ./User/L610.o
                0x0000000000000740                L610_Recive
 .text.NMI_Handler
                0x00000000000009c4        0x4 ./User/ch32v30x_it.o
                0x00000000000009c4                NMI_Handler
 .text.HardFault_Handler
                0x00000000000009c8        0x2 ./User/ch32v30x_it.o
                0x00000000000009c8                HardFault_Handler
 .text.startup.main
                0x00000000000009ca       0x8e ./User/main.o
                0x00000000000009ca                main
 .text.SystemInit
                0x0000000000000a58       0xfa ./User/system_ch32v30x.o
                0x0000000000000a58                SystemInit
 .text.vector_handler
                0x0000000000000b52       0xbe ./Startup/startup_ch32v30x_D8C.o
                0x0000000000000b56                Ecall_M_Mode_Handler
                0x0000000000000b58                Ecall_U_Mode_Handler
                0x0000000000000b5a                Break_Point_Handler
                0x0000000000000b5c                SysTick_Handler
                0x0000000000000b5e                SW_Handler
                0x0000000000000b60                WWDG_IRQHandler
                0x0000000000000b62                PVD_IRQHandler
                0x0000000000000b64                TAMPER_IRQHandler
                0x0000000000000b66                RTC_IRQHandler
                0x0000000000000b68                FLASH_IRQHandler
                0x0000000000000b6a                RCC_IRQHandler
                0x0000000000000b6c                EXTI0_IRQHandler
                0x0000000000000b6e                EXTI1_IRQHandler
                0x0000000000000b70                EXTI2_IRQHandler
                0x0000000000000b72                EXTI3_IRQHandler
                0x0000000000000b74                EXTI4_IRQHandler
                0x0000000000000b76                DMA1_Channel1_IRQHandler
                0x0000000000000b78                DMA1_Channel2_IRQHandler
                0x0000000000000b7a                DMA1_Channel3_IRQHandler
                0x0000000000000b7c                DMA1_Channel4_IRQHandler
                0x0000000000000b7e                DMA1_Channel5_IRQHandler
                0x0000000000000b80                DMA1_Channel6_IRQHandler
                0x0000000000000b82                DMA1_Channel7_IRQHandler
                0x0000000000000b84                ADC1_2_IRQHandler
                0x0000000000000b86                USB_HP_CAN1_TX_IRQHandler
                0x0000000000000b88                USB_LP_CAN1_RX0_IRQHandler
                0x0000000000000b8a                CAN1_RX1_IRQHandler
                0x0000000000000b8c                CAN1_SCE_IRQHandler
                0x0000000000000b8e                EXTI9_5_IRQHandler
                0x0000000000000b90                TIM1_BRK_IRQHandler
                0x0000000000000b92                TIM1_UP_IRQHandler
                0x0000000000000b94                TIM1_TRG_COM_IRQHandler
                0x0000000000000b96                TIM1_CC_IRQHandler
                0x0000000000000b98                TIM2_IRQHandler
                0x0000000000000b9a                TIM3_IRQHandler
                0x0000000000000b9c                TIM4_IRQHandler
                0x0000000000000b9e                I2C1_EV_IRQHandler
                0x0000000000000ba0                I2C1_ER_IRQHandler
                0x0000000000000ba2                I2C2_EV_IRQHandler
                0x0000000000000ba4                I2C2_ER_IRQHandler
                0x0000000000000ba6                SPI1_IRQHandler
                0x0000000000000ba8                SPI2_IRQHandler
                0x0000000000000baa                USART1_IRQHandler
                0x0000000000000bae                USART3_IRQHandler
                0x0000000000000bb0                EXTI15_10_IRQHandler
                0x0000000000000bb2                RTCAlarm_IRQHandler
                0x0000000000000bb4                USBWakeUp_IRQHandler
                0x0000000000000bb6                TIM8_BRK_IRQHandler
                0x0000000000000bb8                TIM8_UP_IRQHandler
                0x0000000000000bba                TIM8_TRG_COM_IRQHandler
                0x0000000000000bbc                TIM8_CC_IRQHandler
                0x0000000000000bbe                RNG_IRQHandler
                0x0000000000000bc0                FSMC_IRQHandler
                0x0000000000000bc2                SDIO_IRQHandler
                0x0000000000000bc4                TIM5_IRQHandler
                0x0000000000000bc6                SPI3_IRQHandler
                0x0000000000000bc8                UART4_IRQHandler
                0x0000000000000bca                UART5_IRQHandler
                0x0000000000000bcc                TIM6_IRQHandler
                0x0000000000000bce                TIM7_IRQHandler
                0x0000000000000bd0                DMA2_Channel1_IRQHandler
                0x0000000000000bd2                DMA2_Channel2_IRQHandler
                0x0000000000000bd4                DMA2_Channel3_IRQHandler
                0x0000000000000bd6                DMA2_Channel4_IRQHandler
                0x0000000000000bd8                DMA2_Channel5_IRQHandler
                0x0000000000000bda                ETH_IRQHandler
                0x0000000000000bdc                ETH_WKUP_IRQHandler
                0x0000000000000bde                CAN2_TX_IRQHandler
                0x0000000000000be0                CAN2_RX0_IRQHandler
                0x0000000000000be2                CAN2_RX1_IRQHandler
                0x0000000000000be4                CAN2_SCE_IRQHandler
                0x0000000000000be6                OTG_FS_IRQHandler
                0x0000000000000be8                USBHSWakeup_IRQHandler
                0x0000000000000bea                USBHS_IRQHandler
                0x0000000000000bec                DVP_IRQHandler
                0x0000000000000bee                UART6_IRQHandler
                0x0000000000000bf0                UART7_IRQHandler
                0x0000000000000bf2                UART8_IRQHandler
                0x0000000000000bf4                TIM9_BRK_IRQHandler
                0x0000000000000bf6                TIM9_UP_IRQHandler
                0x0000000000000bf8                TIM9_TRG_COM_IRQHandler
                0x0000000000000bfa                TIM9_CC_IRQHandler
                0x0000000000000bfc                TIM10_BRK_IRQHandler
                0x0000000000000bfe                TIM10_UP_IRQHandler
                0x0000000000000c00                TIM10_TRG_COM_IRQHandler
                0x0000000000000c02                TIM10_CC_IRQHandler
                0x0000000000000c04                DMA2_Channel6_IRQHandler
                0x0000000000000c06                DMA2_Channel7_IRQHandler
                0x0000000000000c08                DMA2_Channel8_IRQHandler
                0x0000000000000c0a                DMA2_Channel9_IRQHandler
                0x0000000000000c0c                DMA2_Channel10_IRQHandler
                0x0000000000000c0e                DMA2_Channel11_IRQHandler
 .text.handle_reset
                0x0000000000000c10       0x8a ./Startup/startup_ch32v30x_D8C.o
                0x0000000000000c10                handle_reset
 .text.GPIO_Init
                0x0000000000000c9a       0xc2 ./Peripheral/src/ch32v30x_gpio.o
                0x0000000000000c9a                GPIO_Init
 .text.NVIC_PriorityGroupConfig
                0x0000000000000d5c        0x6 ./Peripheral/src/ch32v30x_misc.o
                0x0000000000000d5c                NVIC_PriorityGroupConfig
 .text.NVIC_Init
                0x0000000000000d62       0xb8 ./Peripheral/src/ch32v30x_misc.o
                0x0000000000000d62                NVIC_Init
 .text.RCC_GetClocksFreq
                0x0000000000000e1a      0x10e ./Peripheral/src/ch32v30x_rcc.o
                0x0000000000000e1a                RCC_GetClocksFreq
 .text.RCC_APB2PeriphClockCmd
                0x0000000000000f28       0x1e ./Peripheral/src/ch32v30x_rcc.o
                0x0000000000000f28                RCC_APB2PeriphClockCmd
 .text.RCC_APB1PeriphClockCmd
                0x0000000000000f46       0x1e ./Peripheral/src/ch32v30x_rcc.o
                0x0000000000000f46                RCC_APB1PeriphClockCmd
 .text.USART_Init
                0x0000000000000f64       0xd8 ./Peripheral/src/ch32v30x_usart.o
                0x0000000000000f64                USART_Init
 .text.USART_Cmd
                0x000000000000103c       0x1c ./Peripheral/src/ch32v30x_usart.o
                0x000000000000103c                USART_Cmd
 .text.USART_ITConfig
                0x0000000000001058       0x36 ./Peripheral/src/ch32v30x_usart.o
                0x0000000000001058                USART_ITConfig
 .text.USART_SendData
                0x000000000000108e        0xa ./Peripheral/src/ch32v30x_usart.o
                0x000000000000108e                USART_SendData
 .text.USART_ReceiveData
                0x0000000000001098        0xa ./Peripheral/src/ch32v30x_usart.o
                0x0000000000001098                USART_ReceiveData
 .text.USART_GetFlagStatus
                0x00000000000010a2        0xc ./Peripheral/src/ch32v30x_usart.o
                0x00000000000010a2                USART_GetFlagStatus
 .text.USART_GetITStatus
                0x00000000000010ae       0x44 ./Peripheral/src/ch32v30x_usart.o
                0x00000000000010ae                USART_GetITStatus
 .text.USART_ClearITPendingBit
                0x00000000000010f2       0x16 ./Peripheral/src/ch32v30x_usart.o
                0x00000000000010f2                USART_ClearITPendingBit
 .text.USARTx_Init
                0x0000000000001108       0x92 ./Hardware/usart.o
                0x0000000000001108                USARTx_Init
 .text.USART2_IRQHandler
                0x000000000000119a       0x48 ./Hardware/usart.o
                0x000000000000119a                USART2_IRQHandler
 .text.Delay_Init
                0x00000000000011e2       0x2a ./Debug/debug.o
                0x00000000000011e2                Delay_Init
 .text.Delay_Ms
                0x000000000000120c       0x2e ./Debug/debug.o
                0x000000000000120c                Delay_Ms
 .text._write   0x000000000000123a       0x4c ./Debug/debug.o
                0x000000000000123a                _write
 .text._sbrk    0x0000000000001286       0x26 ./Debug/debug.o
                0x0000000000001286                _sbrk
 .text.__extendsfdf2
                0x00000000000012ac       0xac d:/mounriver/mounriver_studio/toolchain/risc-v embedded gcc/bin/../lib/gcc/riscv-none-embed/8.2.0/rv32imac/ilp32\libgcc.a(extendsfdf2.o)
                0x00000000000012ac                __extendsfdf2
 .text.__clzsi2
                0x0000000000001358       0x76 d:/mounriver/mounriver_studio/toolchain/risc-v embedded gcc/bin/../lib/gcc/riscv-none-embed/8.2.0/rv32imac/ilp32\libgcc.a(_clzsi2.o)
                0x0000000000001358                __clzsi2
 .text.printf   0x00000000000013ce       0x42 d:/mounriver/mounriver_studio/toolchain/risc-v embedded gcc/bin/../lib/gcc/riscv-none-embed/8.2.0/../../../../riscv-none-embed/lib/rv32imac/ilp32\libg_nano.a(lib_a-printf.o)
                0x00000000000013ce                iprintf
                0x00000000000013ce                printf
 .text._puts_r  0x0000000000001410       0xe4 d:/mounriver/mounriver_studio/toolchain/risc-v embedded gcc/bin/../lib/gcc/riscv-none-embed/8.2.0/../../../../riscv-none-embed/lib/rv32imac/ilp32\libg_nano.a(lib_a-puts.o)
                0x0000000000001410                _puts_r
 .text.puts     0x00000000000014f4        0xa d:/mounriver/mounriver_studio/toolchain/risc-v embedded gcc/bin/../lib/gcc/riscv-none-embed/8.2.0/../../../../riscv-none-embed/lib/rv32imac/ilp32\libg_nano.a(lib_a-puts.o)
                0x00000000000014f4                puts
 .text.strstr   0x00000000000014fe       0x3e d:/mounriver/mounriver_studio/toolchain/risc-v embedded gcc/bin/../lib/gcc/riscv-none-embed/8.2.0/../../../../riscv-none-embed/lib/rv32imac/ilp32\libg_nano.a(lib_a-strstr.o)
                0x00000000000014fe                strstr
 .text.sulp     0x000000000000153c       0x4e d:/mounriver/mounriver_studio/toolchain/risc-v embedded gcc/bin/../lib/gcc/riscv-none-embed/8.2.0/../../../../riscv-none-embed/lib/rv32imac/ilp32\libg_nano.a(lib_a-strtod.o)
 .text._strtod_l
                0x000000000000158a      0xc7e d:/mounriver/mounriver_studio/toolchain/risc-v embedded gcc/bin/../lib/gcc/riscv-none-embed/8.2.0/../../../../riscv-none-embed/lib/rv32imac/ilp32\libg_nano.a(lib_a-strtod.o)
                0x000000000000158a                _strtod_l
 .text.strtof   0x0000000000002208       0xe4 d:/mounriver/mounriver_studio/toolchain/risc-v embedded gcc/bin/../lib/gcc/riscv-none-embed/8.2.0/../../../../riscv-none-embed/lib/rv32imac/ilp32\libg_nano.a(lib_a-strtod.o)
                0x0000000000002208                strtof
 .text.__swbuf_r
                0x00000000000022ec       0xc0 d:/mounriver/mounriver_studio/toolchain/risc-v embedded gcc/bin/../lib/gcc/riscv-none-embed/8.2.0/../../../../riscv-none-embed/lib/rv32imac/ilp32\libg_nano.a(lib_a-wbuf.o)
                0x00000000000022ec                __swbuf_r
 .text.__swsetup_r
                0x00000000000023ac      0x110 d:/mounriver/mounriver_studio/toolchain/risc-v embedded gcc/bin/../lib/gcc/riscv-none-embed/8.2.0/../../../../riscv-none-embed/lib/rv32imac/ilp32\libg_nano.a(lib_a-wsetup.o)
                0x00000000000023ac                __swsetup_r
 .text.__sflush_r
                0x00000000000024bc      0x13e d:/mounriver/mounriver_studio/toolchain/risc-v embedded gcc/bin/../lib/gcc/riscv-none-embed/8.2.0/../../../../riscv-none-embed/lib/rv32imac/ilp32\libg_nano.a(lib_a-fflush.o)
                0x00000000000024bc                __sflush_r
 .text._fflush_r
                0x00000000000025fa       0x64 d:/mounriver/mounriver_studio/toolchain/risc-v embedded gcc/bin/../lib/gcc/riscv-none-embed/8.2.0/../../../../riscv-none-embed/lib/rv32imac/ilp32\libg_nano.a(lib_a-fflush.o)
                0x00000000000025fa                _fflush_r
 .text.std      0x000000000000265e       0x6a d:/mounriver/mounriver_studio/toolchain/risc-v embedded gcc/bin/../lib/gcc/riscv-none-embed/8.2.0/../../../../riscv-none-embed/lib/rv32imac/ilp32\libg_nano.a(lib_a-findfp.o)
 .text._cleanup_r
                0x00000000000026c8        0xa d:/mounriver/mounriver_studio/toolchain/risc-v embedded gcc/bin/../lib/gcc/riscv-none-embed/8.2.0/../../../../riscv-none-embed/lib/rv32imac/ilp32\libg_nano.a(lib_a-findfp.o)
                0x00000000000026c8                _cleanup_r
 .text.__sfmoreglue
                0x00000000000026d2       0x48 d:/mounriver/mounriver_studio/toolchain/risc-v embedded gcc/bin/../lib/gcc/riscv-none-embed/8.2.0/../../../../riscv-none-embed/lib/rv32imac/ilp32\libg_nano.a(lib_a-findfp.o)
                0x00000000000026d2                __sfmoreglue
 .text.__sinit  0x000000000000271a       0x66 d:/mounriver/mounriver_studio/toolchain/risc-v embedded gcc/bin/../lib/gcc/riscv-none-embed/8.2.0/../../../../riscv-none-embed/lib/rv32imac/ilp32\libg_nano.a(lib_a-findfp.o)
                0x000000000000271a                __sinit
 .text.__sfp    0x0000000000002780       0x9c d:/mounriver/mounriver_studio/toolchain/risc-v embedded gcc/bin/../lib/gcc/riscv-none-embed/8.2.0/../../../../riscv-none-embed/lib/rv32imac/ilp32\libg_nano.a(lib_a-findfp.o)
                0x0000000000002780                __sfp
 .text._fwalk_reent
                0x000000000000281c       0x6c d:/mounriver/mounriver_studio/toolchain/risc-v embedded gcc/bin/../lib/gcc/riscv-none-embed/8.2.0/../../../../riscv-none-embed/lib/rv32imac/ilp32\libg_nano.a(lib_a-fwalk.o)
                0x000000000000281c                _fwalk_reent
 .text.rshift   0x0000000000002888       0x76 d:/mounriver/mounriver_studio/toolchain/risc-v embedded gcc/bin/../lib/gcc/riscv-none-embed/8.2.0/../../../../riscv-none-embed/lib/rv32imac/ilp32\libg_nano.a(lib_a-gdtoa-gethex.o)
 .text.__hexdig_fun
                0x00000000000028fe       0x40 d:/mounriver/mounriver_studio/toolchain/risc-v embedded gcc/bin/../lib/gcc/riscv-none-embed/8.2.0/../../../../riscv-none-embed/lib/rv32imac/ilp32\libg_nano.a(lib_a-gdtoa-gethex.o)
                0x00000000000028fe                __hexdig_fun
 .text.__gethex
                0x000000000000293e      0x4ba d:/mounriver/mounriver_studio/toolchain/risc-v embedded gcc/bin/../lib/gcc/riscv-none-embed/8.2.0/../../../../riscv-none-embed/lib/rv32imac/ilp32\libg_nano.a(lib_a-gdtoa-gethex.o)
                0x000000000000293e                __gethex
 .text.L_shift  0x0000000000002df8       0x2c d:/mounriver/mounriver_studio/toolchain/risc-v embedded gcc/bin/../lib/gcc/riscv-none-embed/8.2.0/../../../../riscv-none-embed/lib/rv32imac/ilp32\libg_nano.a(lib_a-gdtoa-hexnan.o)
 .text.__match  0x0000000000002e24       0x30 d:/mounriver/mounriver_studio/toolchain/risc-v embedded gcc/bin/../lib/gcc/riscv-none-embed/8.2.0/../../../../riscv-none-embed/lib/rv32imac/ilp32\libg_nano.a(lib_a-gdtoa-hexnan.o)
                0x0000000000002e24                __match
 .text.__hexnan
                0x0000000000002e54      0x15c d:/mounriver/mounriver_studio/toolchain/risc-v embedded gcc/bin/../lib/gcc/riscv-none-embed/8.2.0/../../../../riscv-none-embed/lib/rv32imac/ilp32\libg_nano.a(lib_a-gdtoa-hexnan.o)
                0x0000000000002e54                __hexnan
 .text.__localeconv_l
                0x0000000000002fb0        0x6 d:/mounriver/mounriver_studio/toolchain/risc-v embedded gcc/bin/../lib/gcc/riscv-none-embed/8.2.0/../../../../riscv-none-embed/lib/rv32imac/ilp32\libg_nano.a(lib_a-localeconv.o)
                0x0000000000002fb0                __localeconv_l
 .text.__swhatbuf_r
                0x0000000000002fb6       0x5a d:/mounriver/mounriver_studio/toolchain/risc-v embedded gcc/bin/../lib/gcc/riscv-none-embed/8.2.0/../../../../riscv-none-embed/lib/rv32imac/ilp32\libg_nano.a(lib_a-makebuf.o)
                0x0000000000002fb6                __swhatbuf_r
 .text.__smakebuf_r
                0x0000000000003010       0xa0 d:/mounriver/mounriver_studio/toolchain/risc-v embedded gcc/bin/../lib/gcc/riscv-none-embed/8.2.0/../../../../riscv-none-embed/lib/rv32imac/ilp32\libg_nano.a(lib_a-makebuf.o)
                0x0000000000003010                __smakebuf_r
 .text.__ascii_mbtowc
                0x00000000000030b0       0x3a d:/mounriver/mounriver_studio/toolchain/risc-v embedded gcc/bin/../lib/gcc/riscv-none-embed/8.2.0/../../../../riscv-none-embed/lib/rv32imac/ilp32\libg_nano.a(lib_a-mbtowc_r.o)
                0x00000000000030b0                __ascii_mbtowc
 .text.memcpy   0x00000000000030ea       0xb6 d:/mounriver/mounriver_studio/toolchain/risc-v embedded gcc/bin/../lib/gcc/riscv-none-embed/8.2.0/../../../../riscv-none-embed/lib/rv32imac/ilp32\libg_nano.a(lib_a-memcpy.o)
                0x00000000000030ea                memcpy
 .text._Balloc  0x00000000000031a0       0x8c d:/mounriver/mounriver_studio/toolchain/risc-v embedded gcc/bin/../lib/gcc/riscv-none-embed/8.2.0/../../../../riscv-none-embed/lib/rv32imac/ilp32\libg_nano.a(lib_a-mprec.o)
                0x00000000000031a0                _Balloc
 .text._Bfree   0x000000000000322c       0x44 d:/mounriver/mounriver_studio/toolchain/risc-v embedded gcc/bin/../lib/gcc/riscv-none-embed/8.2.0/../../../../riscv-none-embed/lib/rv32imac/ilp32\libg_nano.a(lib_a-mprec.o)
                0x000000000000322c                _Bfree
 .text.__multadd
                0x0000000000003270       0x92 d:/mounriver/mounriver_studio/toolchain/risc-v embedded gcc/bin/../lib/gcc/riscv-none-embed/8.2.0/../../../../riscv-none-embed/lib/rv32imac/ilp32\libg_nano.a(lib_a-mprec.o)
                0x0000000000003270                __multadd
 .text.__s2b    0x0000000000003302       0xa0 d:/mounriver/mounriver_studio/toolchain/risc-v embedded gcc/bin/../lib/gcc/riscv-none-embed/8.2.0/../../../../riscv-none-embed/lib/rv32imac/ilp32\libg_nano.a(lib_a-mprec.o)
                0x0000000000003302                __s2b
 .text.__hi0bits
                0x00000000000033a2       0x46 d:/mounriver/mounriver_studio/toolchain/risc-v embedded gcc/bin/../lib/gcc/riscv-none-embed/8.2.0/../../../../riscv-none-embed/lib/rv32imac/ilp32\libg_nano.a(lib_a-mprec.o)
                0x00000000000033a2                __hi0bits
 .text.__lo0bits
                0x00000000000033e8       0x6a d:/mounriver/mounriver_studio/toolchain/risc-v embedded gcc/bin/../lib/gcc/riscv-none-embed/8.2.0/../../../../riscv-none-embed/lib/rv32imac/ilp32\libg_nano.a(lib_a-mprec.o)
                0x00000000000033e8                __lo0bits
 .text.__i2b    0x0000000000003452       0x1c d:/mounriver/mounriver_studio/toolchain/risc-v embedded gcc/bin/../lib/gcc/riscv-none-embed/8.2.0/../../../../riscv-none-embed/lib/rv32imac/ilp32\libg_nano.a(lib_a-mprec.o)
                0x0000000000003452                __i2b
 .text.__multiply
                0x000000000000346e      0x144 d:/mounriver/mounriver_studio/toolchain/risc-v embedded gcc/bin/../lib/gcc/riscv-none-embed/8.2.0/../../../../riscv-none-embed/lib/rv32imac/ilp32\libg_nano.a(lib_a-mprec.o)
                0x000000000000346e                __multiply
 .text.__pow5mult
                0x00000000000035b2       0xb8 d:/mounriver/mounriver_studio/toolchain/risc-v embedded gcc/bin/../lib/gcc/riscv-none-embed/8.2.0/../../../../riscv-none-embed/lib/rv32imac/ilp32\libg_nano.a(lib_a-mprec.o)
                0x00000000000035b2                __pow5mult
 .text.__lshift
                0x000000000000366a       0xce d:/mounriver/mounriver_studio/toolchain/risc-v embedded gcc/bin/../lib/gcc/riscv-none-embed/8.2.0/../../../../riscv-none-embed/lib/rv32imac/ilp32\libg_nano.a(lib_a-mprec.o)
                0x000000000000366a                __lshift
 .text.__mcmp   0x0000000000003738       0x32 d:/mounriver/mounriver_studio/toolchain/risc-v embedded gcc/bin/../lib/gcc/riscv-none-embed/8.2.0/../../../../riscv-none-embed/lib/rv32imac/ilp32\libg_nano.a(lib_a-mprec.o)
                0x0000000000003738                __mcmp
 .text.__mdiff  0x000000000000376a       0xf0 d:/mounriver/mounriver_studio/toolchain/risc-v embedded gcc/bin/../lib/gcc/riscv-none-embed/8.2.0/../../../../riscv-none-embed/lib/rv32imac/ilp32\libg_nano.a(lib_a-mprec.o)
                0x000000000000376a                __mdiff
 .text.__ulp    0x000000000000385a       0x46 d:/mounriver/mounriver_studio/toolchain/risc-v embedded gcc/bin/../lib/gcc/riscv-none-embed/8.2.0/../../../../riscv-none-embed/lib/rv32imac/ilp32\libg_nano.a(lib_a-mprec.o)
                0x000000000000385a                __ulp
 .text.__b2d    0x00000000000038a0       0xb4 d:/mounriver/mounriver_studio/toolchain/risc-v embedded gcc/bin/../lib/gcc/riscv-none-embed/8.2.0/../../../../riscv-none-embed/lib/rv32imac/ilp32\libg_nano.a(lib_a-mprec.o)
                0x00000000000038a0                __b2d
 .text.__d2b    0x0000000000003954       0xd4 d:/mounriver/mounriver_studio/toolchain/risc-v embedded gcc/bin/../lib/gcc/riscv-none-embed/8.2.0/../../../../riscv-none-embed/lib/rv32imac/ilp32\libg_nano.a(lib_a-mprec.o)
                0x0000000000003954                __d2b
 .text.__ratio  0x0000000000003a28       0x70 d:/mounriver/mounriver_studio/toolchain/risc-v embedded gcc/bin/../lib/gcc/riscv-none-embed/8.2.0/../../../../riscv-none-embed/lib/rv32imac/ilp32\libg_nano.a(lib_a-mprec.o)
                0x0000000000003a28                __ratio
 .text.__copybits
                0x0000000000003a98       0x36 d:/mounriver/mounriver_studio/toolchain/risc-v embedded gcc/bin/../lib/gcc/riscv-none-embed/8.2.0/../../../../riscv-none-embed/lib/rv32imac/ilp32\libg_nano.a(lib_a-mprec.o)
                0x0000000000003a98                __copybits
 .text.__any_on
                0x0000000000003ace       0x46 d:/mounriver/mounriver_studio/toolchain/risc-v embedded gcc/bin/../lib/gcc/riscv-none-embed/8.2.0/../../../../riscv-none-embed/lib/rv32imac/ilp32\libg_nano.a(lib_a-mprec.o)
                0x0000000000003ace                __any_on
 .text._calloc_r
                0x0000000000003b14       0x26 d:/mounriver/mounriver_studio/toolchain/risc-v embedded gcc/bin/../lib/gcc/riscv-none-embed/8.2.0/../../../../riscv-none-embed/lib/rv32imac/ilp32\libg_nano.a(lib_a-nano-callocr.o)
                0x0000000000003b14                _calloc_r
 .text._free_r  0x0000000000003b3a       0xa8 d:/mounriver/mounriver_studio/toolchain/risc-v embedded gcc/bin/../lib/gcc/riscv-none-embed/8.2.0/../../../../riscv-none-embed/lib/rv32imac/ilp32\libg_nano.a(lib_a-nano-freer.o)
                0x0000000000003b3a                _free_r
 .text._malloc_r
                0x0000000000003be2       0xd4 d:/mounriver/mounriver_studio/toolchain/risc-v embedded gcc/bin/../lib/gcc/riscv-none-embed/8.2.0/../../../../riscv-none-embed/lib/rv32imac/ilp32\libg_nano.a(lib_a-nano-mallocr.o)
                0x0000000000003be2                _malloc_r
 .text.__sfputc_r
                0x0000000000003cb6       0x2a d:/mounriver/mounriver_studio/toolchain/risc-v embedded gcc/bin/../lib/gcc/riscv-none-embed/8.2.0/../../../../riscv-none-embed/lib/rv32imac/ilp32\libg_nano.a(lib_a-nano-vfprintf.o)
 .text.__sfputs_r
                0x0000000000003ce0       0x42 d:/mounriver/mounriver_studio/toolchain/risc-v embedded gcc/bin/../lib/gcc/riscv-none-embed/8.2.0/../../../../riscv-none-embed/lib/rv32imac/ilp32\libg_nano.a(lib_a-nano-vfprintf.o)
                0x0000000000003ce0                __sfputs_r
 .text._vfprintf_r
                0x0000000000003d22      0x29c d:/mounriver/mounriver_studio/toolchain/risc-v embedded gcc/bin/../lib/gcc/riscv-none-embed/8.2.0/../../../../riscv-none-embed/lib/rv32imac/ilp32\libg_nano.a(lib_a-nano-vfprintf.o)
                0x0000000000003d22                _vfprintf_r
                0x0000000000003d22                _vfiprintf_r
 .text._printf_common
                0x0000000000003fbe      0x10c d:/mounriver/mounriver_studio/toolchain/risc-v embedded gcc/bin/../lib/gcc/riscv-none-embed/8.2.0/../../../../riscv-none-embed/lib/rv32imac/ilp32\libg_nano.a(lib_a-nano-vfprintf_i.o)
                0x0000000000003fbe                _printf_common
 .text._printf_i
                0x00000000000040ca      0x2aa d:/mounriver/mounriver_studio/toolchain/risc-v embedded gcc/bin/../lib/gcc/riscv-none-embed/8.2.0/../../../../riscv-none-embed/lib/rv32imac/ilp32\libg_nano.a(lib_a-nano-vfprintf_i.o)
                0x00000000000040ca                _printf_i
 .text._sbrk_r  0x0000000000004374       0x2a d:/mounriver/mounriver_studio/toolchain/risc-v embedded gcc/bin/../lib/gcc/riscv-none-embed/8.2.0/../../../../riscv-none-embed/lib/rv32imac/ilp32\libg_nano.a(lib_a-sbrkr.o)
                0x0000000000004374                _sbrk_r
 .text.nanf     0x000000000000439e        0xc d:/mounriver/mounriver_studio/toolchain/risc-v embedded gcc/bin/../lib/gcc/riscv-none-embed/8.2.0/../../../../riscv-none-embed/lib/rv32imac/ilp32\libg_nano.a(lib_a-sf_nan.o)
                0x000000000000439e                nanf
 .text.__sread  0x00000000000043aa       0x30 d:/mounriver/mounriver_studio/toolchain/risc-v embedded gcc/bin/../lib/gcc/riscv-none-embed/8.2.0/../../../../riscv-none-embed/lib/rv32imac/ilp32\libg_nano.a(lib_a-stdio.o)
                0x00000000000043aa                __sread
 .text.__swrite
                0x00000000000043da       0x4e d:/mounriver/mounriver_studio/toolchain/risc-v embedded gcc/bin/../lib/gcc/riscv-none-embed/8.2.0/../../../../riscv-none-embed/lib/rv32imac/ilp32\libg_nano.a(lib_a-stdio.o)
                0x00000000000043da                __swrite
 .text.__sseek  0x0000000000004428       0x36 d:/mounriver/mounriver_studio/toolchain/risc-v embedded gcc/bin/../lib/gcc/riscv-none-embed/8.2.0/../../../../riscv-none-embed/lib/rv32imac/ilp32\libg_nano.a(lib_a-stdio.o)
                0x0000000000004428                __sseek
 .text.__sclose
                0x000000000000445e        0x6 d:/mounriver/mounriver_studio/toolchain/risc-v embedded gcc/bin/../lib/gcc/riscv-none-embed/8.2.0/../../../../riscv-none-embed/lib/rv32imac/ilp32\libg_nano.a(lib_a-stdio.o)
                0x000000000000445e                __sclose
 .text.strlen   0x0000000000004464       0x12 d:/mounriver/mounriver_studio/toolchain/risc-v embedded gcc/bin/../lib/gcc/riscv-none-embed/8.2.0/../../../../riscv-none-embed/lib/rv32imac/ilp32\libg_nano.a(lib_a-strlen.o)
                0x0000000000004464                strlen
 .text.strncmp  0x0000000000004476       0x2c d:/mounriver/mounriver_studio/toolchain/risc-v embedded gcc/bin/../lib/gcc/riscv-none-embed/8.2.0/../../../../riscv-none-embed/lib/rv32imac/ilp32\libg_nano.a(lib_a-strncmp.o)
                0x0000000000004476                strncmp
 .text.__ascii_wctomb
                0x00000000000044a2       0x20 d:/mounriver/mounriver_studio/toolchain/risc-v embedded gcc/bin/../lib/gcc/riscv-none-embed/8.2.0/../../../../riscv-none-embed/lib/rv32imac/ilp32\libg_nano.a(lib_a-wctomb_r.o)
                0x00000000000044a2                __ascii_wctomb
 .text._write_r
                0x00000000000044c2       0x2e d:/mounriver/mounriver_studio/toolchain/risc-v embedded gcc/bin/../lib/gcc/riscv-none-embed/8.2.0/../../../../riscv-none-embed/lib/rv32imac/ilp32\libg_nano.a(lib_a-writer.o)
                0x00000000000044c2                _write_r
 .text._close_r
                0x00000000000044f0       0x2a d:/mounriver/mounriver_studio/toolchain/risc-v embedded gcc/bin/../lib/gcc/riscv-none-embed/8.2.0/../../../../riscv-none-embed/lib/rv32imac/ilp32\libg_nano.a(lib_a-closer.o)
                0x00000000000044f0                _close_r
 .text._fstat_r
                0x000000000000451a       0x2c d:/mounriver/mounriver_studio/toolchain/risc-v embedded gcc/bin/../lib/gcc/riscv-none-embed/8.2.0/../../../../riscv-none-embed/lib/rv32imac/ilp32\libg_nano.a(lib_a-fstatr.o)
                0x000000000000451a                _fstat_r
 .text._isatty_r
                0x0000000000004546       0x2a d:/mounriver/mounriver_studio/toolchain/risc-v embedded gcc/bin/../lib/gcc/riscv-none-embed/8.2.0/../../../../riscv-none-embed/lib/rv32imac/ilp32\libg_nano.a(lib_a-isattyr.o)
                0x0000000000004546                _isatty_r
 .text._lseek_r
                0x0000000000004570       0x2e d:/mounriver/mounriver_studio/toolchain/risc-v embedded gcc/bin/../lib/gcc/riscv-none-embed/8.2.0/../../../../riscv-none-embed/lib/rv32imac/ilp32\libg_nano.a(lib_a-lseekr.o)
                0x0000000000004570                _lseek_r
 .text.malloc   0x000000000000459e        0xc d:/mounriver/mounriver_studio/toolchain/risc-v embedded gcc/bin/../lib/gcc/riscv-none-embed/8.2.0/../../../../riscv-none-embed/lib/rv32imac/ilp32\libg_nano.a(lib_a-malloc.o)
                0x000000000000459e                malloc
 .text.memchr   0x00000000000045aa       0x1a d:/mounriver/mounriver_studio/toolchain/risc-v embedded gcc/bin/../lib/gcc/riscv-none-embed/8.2.0/../../../../riscv-none-embed/lib/rv32imac/ilp32\libg_nano.a(lib_a-memchr.o)
                0x00000000000045aa                memchr
 .text.__malloc_lock
                0x00000000000045c4        0x2 d:/mounriver/mounriver_studio/toolchain/risc-v embedded gcc/bin/../lib/gcc/riscv-none-embed/8.2.0/../../../../riscv-none-embed/lib/rv32imac/ilp32\libg_nano.a(lib_a-mlock.o)
                0x00000000000045c4                __malloc_lock
 .text.__malloc_unlock
                0x00000000000045c6        0x2 d:/mounriver/mounriver_studio/toolchain/risc-v embedded gcc/bin/../lib/gcc/riscv-none-embed/8.2.0/../../../../riscv-none-embed/lib/rv32imac/ilp32\libg_nano.a(lib_a-mlock.o)
                0x00000000000045c6                __malloc_unlock
 .text._read_r  0x00000000000045c8       0x2e d:/mounriver/mounriver_studio/toolchain/risc-v embedded gcc/bin/../lib/gcc/riscv-none-embed/8.2.0/../../../../riscv-none-embed/lib/rv32imac/ilp32\libg_nano.a(lib_a-readr.o)
                0x00000000000045c8                _read_r
 .text.__adddf3
                0x00000000000045f6      0x730 d:/mounriver/mounriver_studio/toolchain/risc-v embedded gcc/bin/../lib/gcc/riscv-none-embed/8.2.0/rv32imac/ilp32\libgcc.a(adddf3.o)
                0x00000000000045f6                __adddf3
 .text.__divdf3
                0x0000000000004d26      0x5b4 d:/mounriver/mounriver_studio/toolchain/risc-v embedded gcc/bin/../lib/gcc/riscv-none-embed/8.2.0/rv32imac/ilp32\libgcc.a(divdf3.o)
                0x0000000000004d26                __divdf3
 .text.__eqdf2  0x00000000000052da       0x6a d:/mounriver/mounriver_studio/toolchain/risc-v embedded gcc/bin/../lib/gcc/riscv-none-embed/8.2.0/rv32imac/ilp32\libgcc.a(eqdf2.o)
                0x00000000000052da                __nedf2
                0x00000000000052da                __eqdf2
 .text.__gedf2  0x0000000000005344       0xae d:/mounriver/mounriver_studio/toolchain/risc-v embedded gcc/bin/../lib/gcc/riscv-none-embed/8.2.0/rv32imac/ilp32\libgcc.a(gedf2.o)
                0x0000000000005344                __gedf2
                0x0000000000005344                __gtdf2
 .text.__ledf2  0x00000000000053f2       0xb6 d:/mounriver/mounriver_studio/toolchain/risc-v embedded gcc/bin/../lib/gcc/riscv-none-embed/8.2.0/rv32imac/ilp32\libgcc.a(ledf2.o)
                0x00000000000053f2                __ledf2
                0x00000000000053f2                __ltdf2
 .text.__muldf3
                0x00000000000054a8      0x4b8 d:/mounriver/mounriver_studio/toolchain/risc-v embedded gcc/bin/../lib/gcc/riscv-none-embed/8.2.0/rv32imac/ilp32\libgcc.a(muldf3.o)
                0x00000000000054a8                __muldf3
 .text.__subdf3
                0x0000000000005960      0x73e d:/mounriver/mounriver_studio/toolchain/risc-v embedded gcc/bin/../lib/gcc/riscv-none-embed/8.2.0/rv32imac/ilp32\libgcc.a(subdf3.o)
                0x0000000000005960                __subdf3
 .text.__unorddf2
                0x000000000000609e       0x3c d:/mounriver/mounriver_studio/toolchain/risc-v embedded gcc/bin/../lib/gcc/riscv-none-embed/8.2.0/rv32imac/ilp32\libgcc.a(unorddf2.o)
                0x000000000000609e                __unorddf2
 .text.__fixdfsi
                0x00000000000060da       0x68 d:/mounriver/mounriver_studio/toolchain/risc-v embedded gcc/bin/../lib/gcc/riscv-none-embed/8.2.0/rv32imac/ilp32\libgcc.a(fixdfsi.o)
                0x00000000000060da                __fixdfsi
 .text.__fixunsdfsi
                0x0000000000006142       0x5c d:/mounriver/mounriver_studio/toolchain/risc-v embedded gcc/bin/../lib/gcc/riscv-none-embed/8.2.0/rv32imac/ilp32\libgcc.a(fixunsdfsi.o)
                0x0000000000006142                __fixunsdfsi
 .text.__floatsidf
                0x000000000000619e       0x72 d:/mounriver/mounriver_studio/toolchain/risc-v embedded gcc/bin/../lib/gcc/riscv-none-embed/8.2.0/rv32imac/ilp32\libgcc.a(floatsidf.o)
                0x000000000000619e                __floatsidf
 .text.__floatunsidf
                0x0000000000006210       0x68 d:/mounriver/mounriver_studio/toolchain/risc-v embedded gcc/bin/../lib/gcc/riscv-none-embed/8.2.0/rv32imac/ilp32\libgcc.a(floatunsidf.o)
                0x0000000000006210                __floatunsidf
 .text.__lesf2  0x0000000000006278       0x8c d:/mounriver/mounriver_studio/toolchain/risc-v embedded gcc/bin/../lib/gcc/riscv-none-embed/8.2.0/rv32imac/ilp32\libgcc.a(lesf2.o)
                0x0000000000006278                __ltsf2
                0x0000000000006278                __lesf2
 .text.__unordsf2
                0x0000000000006304       0x3c d:/mounriver/mounriver_studio/toolchain/risc-v embedded gcc/bin/../lib/gcc/riscv-none-embed/8.2.0/rv32imac/ilp32\libgcc.a(unordsf2.o)
                0x0000000000006304                __unordsf2
 .text.__truncdfsf2
                0x0000000000006340      0x16a d:/mounriver/mounriver_studio/toolchain/risc-v embedded gcc/bin/../lib/gcc/riscv-none-embed/8.2.0/rv32imac/ilp32\libgcc.a(truncdfsf2.o)
                0x0000000000006340                __truncdfsf2
 .text._close   0x00000000000064aa        0xc d:/mounriver/mounriver_studio/toolchain/risc-v embedded gcc/bin/../lib/gcc/riscv-none-embed/8.2.0/../../../../riscv-none-embed/lib/rv32imac/ilp32\libnosys.a(close.o)
                0x00000000000064aa                _close
 .text._fstat   0x00000000000064b6        0xc d:/mounriver/mounriver_studio/toolchain/risc-v embedded gcc/bin/../lib/gcc/riscv-none-embed/8.2.0/../../../../riscv-none-embed/lib/rv32imac/ilp32\libnosys.a(fstat.o)
                0x00000000000064b6                _fstat
 .text._isatty  0x00000000000064c2        0xc d:/mounriver/mounriver_studio/toolchain/risc-v embedded gcc/bin/../lib/gcc/riscv-none-embed/8.2.0/../../../../riscv-none-embed/lib/rv32imac/ilp32\libnosys.a(isatty.o)
                0x00000000000064c2                _isatty
 .text._lseek   0x00000000000064ce        0xc d:/mounriver/mounriver_studio/toolchain/risc-v embedded gcc/bin/../lib/gcc/riscv-none-embed/8.2.0/../../../../riscv-none-embed/lib/rv32imac/ilp32\libnosys.a(lseek.o)
                0x00000000000064ce                _lseek
 .text._read    0x00000000000064da        0xc d:/mounriver/mounriver_studio/toolchain/risc-v embedded gcc/bin/../lib/gcc/riscv-none-embed/8.2.0/../../../../riscv-none-embed/lib/rv32imac/ilp32\libnosys.a(read.o)
                0x00000000000064da                _read
 *(.rodata)
 *(.rodata*)
 *fill*         0x00000000000064e6        0x2 
 .rodata.L610_Init.str1.4
                0x00000000000064e8       0x10 ./User/L610.o
 .rodata.L610_Lookup.str1.4
                0x00000000000064f8       0x5f ./User/L610.o
 *fill*         0x0000000000006557        0x1 
 .rodata.L610_Pub.str1.4
                0x0000000000006558       0xa9 ./User/L610.o
 *fill*         0x0000000000006601        0x3 
 .rodata.L610_Recive.str1.4
                0x0000000000006604      0x163 ./User/L610.o
 *fill*         0x0000000000006767        0x1 
 .rodata.L610_RequestIP.str1.4
                0x0000000000006768       0x47 ./User/L610.o
 *fill*         0x00000000000067af        0x1 
 .rodata.L610_SetAndConnect.str1.4
                0x00000000000067b0       0xed ./User/L610.o
 *fill*         0x000000000000689d        0x3 
 .rodata.L610_Sub.str1.4
                0x00000000000068a0       0x69 ./User/L610.o
 *fill*         0x0000000000006909        0x3 
 .rodata.main.str1.4
                0x000000000000690c       0x40 ./User/main.o
 .rodata.__clz_tab
                0x000000000000694c      0x100 d:/mounriver/mounriver_studio/toolchain/risc-v embedded gcc/bin/../lib/gcc/riscv-none-embed/8.2.0/rv32imac/ilp32\libgcc.a(_clz.o)
                0x000000000000694c                __clz_tab
 .rodata._strtod_l
                0x0000000000006a4c       0x14 d:/mounriver/mounriver_studio/toolchain/risc-v embedded gcc/bin/../lib/gcc/riscv-none-embed/8.2.0/../../../../riscv-none-embed/lib/rv32imac/ilp32\libg_nano.a(lib_a-strtod.o)
 *fill*         0x0000000000006a60        0x0 
 .rodata._strtod_l.cst8
                0x0000000000006a60       0x38 d:/mounriver/mounriver_studio/toolchain/risc-v embedded gcc/bin/../lib/gcc/riscv-none-embed/8.2.0/../../../../riscv-none-embed/lib/rv32imac/ilp32\libg_nano.a(lib_a-strtod.o)
 .rodata._strtod_l.str1.4
                0x0000000000006a98        0xf d:/mounriver/mounriver_studio/toolchain/risc-v embedded gcc/bin/../lib/gcc/riscv-none-embed/8.2.0/../../../../riscv-none-embed/lib/rv32imac/ilp32\libg_nano.a(lib_a-strtod.o)
 *fill*         0x0000000000006aa7        0x1 
 .rodata.fpi.3395
                0x0000000000006aa8       0x14 d:/mounriver/mounriver_studio/toolchain/risc-v embedded gcc/bin/../lib/gcc/riscv-none-embed/8.2.0/../../../../riscv-none-embed/lib/rv32imac/ilp32\libg_nano.a(lib_a-strtod.o)
 .rodata.fpinan.3431
                0x0000000000006abc       0x14 d:/mounriver/mounriver_studio/toolchain/risc-v embedded gcc/bin/../lib/gcc/riscv-none-embed/8.2.0/../../../../riscv-none-embed/lib/rv32imac/ilp32\libg_nano.a(lib_a-strtod.o)
 .rodata.strtof_l.cst4
                0x0000000000006ad0        0x4 d:/mounriver/mounriver_studio/toolchain/risc-v embedded gcc/bin/../lib/gcc/riscv-none-embed/8.2.0/../../../../riscv-none-embed/lib/rv32imac/ilp32\libg_nano.a(lib_a-strtod.o)
 *fill*         0x0000000000006ad4        0x4 
 .rodata.strtof_l.cst8
                0x0000000000006ad8        0x8 d:/mounriver/mounriver_studio/toolchain/risc-v embedded gcc/bin/../lib/gcc/riscv-none-embed/8.2.0/../../../../riscv-none-embed/lib/rv32imac/ilp32\libg_nano.a(lib_a-strtod.o)
 .rodata.tinytens
                0x0000000000006ae0       0x28 d:/mounriver/mounriver_studio/toolchain/risc-v embedded gcc/bin/../lib/gcc/riscv-none-embed/8.2.0/../../../../riscv-none-embed/lib/rv32imac/ilp32\libg_nano.a(lib_a-strtod.o)
 .rodata.__sf_fake_stderr
                0x0000000000006b08       0x20 d:/mounriver/mounriver_studio/toolchain/risc-v embedded gcc/bin/../lib/gcc/riscv-none-embed/8.2.0/../../../../riscv-none-embed/lib/rv32imac/ilp32\libg_nano.a(lib_a-findfp.o)
                0x0000000000006b08                __sf_fake_stderr
 .rodata.__sf_fake_stdin
                0x0000000000006b28       0x20 d:/mounriver/mounriver_studio/toolchain/risc-v embedded gcc/bin/../lib/gcc/riscv-none-embed/8.2.0/../../../../riscv-none-embed/lib/rv32imac/ilp32\libg_nano.a(lib_a-findfp.o)
                0x0000000000006b28                __sf_fake_stdin
 .rodata.__sf_fake_stdout
                0x0000000000006b48       0x20 d:/mounriver/mounriver_studio/toolchain/risc-v embedded gcc/bin/../lib/gcc/riscv-none-embed/8.2.0/../../../../riscv-none-embed/lib/rv32imac/ilp32\libg_nano.a(lib_a-findfp.o)
                0x0000000000006b48                __sf_fake_stdout
 .rodata._setlocale_r.str1.4
                0x0000000000006b68        0xa d:/mounriver/mounriver_studio/toolchain/risc-v embedded gcc/bin/../lib/gcc/riscv-none-embed/8.2.0/../../../../riscv-none-embed/lib/rv32imac/ilp32\libg_nano.a(lib_a-locale.o)
                                          0xd (size before relaxing)
 *fill*         0x0000000000006b72        0x2 
 .rodata.str1.4
                0x0000000000006b74        0x2 d:/mounriver/mounriver_studio/toolchain/risc-v embedded gcc/bin/../lib/gcc/riscv-none-embed/8.2.0/../../../../riscv-none-embed/lib/rv32imac/ilp32\libg_nano.a(lib_a-locale.o)
 *fill*         0x0000000000006b76        0x2 
 .rodata.__mprec_bigtens
                0x0000000000006b78       0x28 d:/mounriver/mounriver_studio/toolchain/risc-v embedded gcc/bin/../lib/gcc/riscv-none-embed/8.2.0/../../../../riscv-none-embed/lib/rv32imac/ilp32\libg_nano.a(lib_a-mprec.o)
                0x0000000000006b78                __mprec_bigtens
 .rodata.__mprec_tens
                0x0000000000006ba0       0xc8 d:/mounriver/mounriver_studio/toolchain/risc-v embedded gcc/bin/../lib/gcc/riscv-none-embed/8.2.0/../../../../riscv-none-embed/lib/rv32imac/ilp32\libg_nano.a(lib_a-mprec.o)
                0x0000000000006ba0                __mprec_tens
 .rodata.p05.3319
                0x0000000000006c68        0xc d:/mounriver/mounriver_studio/toolchain/risc-v embedded gcc/bin/../lib/gcc/riscv-none-embed/8.2.0/../../../../riscv-none-embed/lib/rv32imac/ilp32\libg_nano.a(lib_a-mprec.o)
 .rodata._vfprintf_r.str1.4
                0x0000000000006c74       0x13 d:/mounriver/mounriver_studio/toolchain/risc-v embedded gcc/bin/../lib/gcc/riscv-none-embed/8.2.0/../../../../riscv-none-embed/lib/rv32imac/ilp32\libg_nano.a(lib_a-nano-vfprintf.o)
 *fill*         0x0000000000006c87        0x1 
 .rodata._printf_i.str1.4
                0x0000000000006c88       0x28 d:/mounriver/mounriver_studio/toolchain/risc-v embedded gcc/bin/../lib/gcc/riscv-none-embed/8.2.0/../../../../riscv-none-embed/lib/rv32imac/ilp32\libg_nano.a(lib_a-nano-vfprintf_i.o)
                                         0x25 (size before relaxing)
 .rodata.nanf.cst4
                0x0000000000006cb0        0x4 d:/mounriver/mounriver_studio/toolchain/risc-v embedded gcc/bin/../lib/gcc/riscv-none-embed/8.2.0/../../../../riscv-none-embed/lib/rv32imac/ilp32\libg_nano.a(lib_a-sf_nan.o)
 .rodata._ctype_
                0x0000000000006cb4      0x101 d:/mounriver/mounriver_studio/toolchain/risc-v embedded gcc/bin/../lib/gcc/riscv-none-embed/8.2.0/../../../../riscv-none-embed/lib/rv32imac/ilp32\libg_nano.a(lib_a-ctype_.o)
                0x0000000000006cb4                _ctype_
 *fill*         0x0000000000006db5        0x3 
 .rodata.__divdf3
                0x0000000000006db8       0x40 d:/mounriver/mounriver_studio/toolchain/risc-v embedded gcc/bin/../lib/gcc/riscv-none-embed/8.2.0/rv32imac/ilp32\libgcc.a(divdf3.o)
 .rodata.__muldf3
                0x0000000000006df8       0x40 d:/mounriver/mounriver_studio/toolchain/risc-v embedded gcc/bin/../lib/gcc/riscv-none-embed/8.2.0/rv32imac/ilp32\libgcc.a(muldf3.o)
 *(.glue_7)
 *(.glue_7t)
 *(.gnu.linkonce.t.*)
                0x0000000000006e38                . = ALIGN (0x4)

.rela.dyn       0x0000000000006e38        0x0
 .rela.text.L610_Lookup
                0x0000000000006e38        0x0 ./User/L610.o
 .rela.text.L610_RequestIP
                0x0000000000006e38        0x0 ./User/L610.o
 .rela.text.L610_SetAndConnect
                0x0000000000006e38        0x0 ./User/L610.o
 .rela.text.L610_Sub
                0x0000000000006e38        0x0 ./User/L610.o
 .rela.text.L610_Pub
                0x0000000000006e38        0x0 ./User/L610.o
 .rela.text.L610_Recive
                0x0000000000006e38        0x0 ./User/L610.o
 .rela.init     0x0000000000006e38        0x0 ./User/L610.o
 .rela.vector   0x0000000000006e38        0x0 ./User/L610.o
 .rela.text.handle_reset
                0x0000000000006e38        0x0 ./User/L610.o
 .rela.text.USART2_IRQHandler
                0x0000000000006e38        0x0 ./User/L610.o
 .rela.text._sbrk
                0x0000000000006e38        0x0 ./User/L610.o
 .rela.sdata.curbrk.5226
                0x0000000000006e38        0x0 ./User/L610.o
 .rela.text._vfprintf_r
                0x0000000000006e38        0x0 ./User/L610.o
 .rela.text._sbrk_r
                0x0000000000006e38        0x0 ./User/L610.o
 .rela.text._write_r
                0x0000000000006e38        0x0 ./User/L610.o
 .rela.text._close_r
                0x0000000000006e38        0x0 ./User/L610.o
 .rela.text._fstat_r
                0x0000000000006e38        0x0 ./User/L610.o
 .rela.text._isatty_r
                0x0000000000006e38        0x0 ./User/L610.o
 .rela.text._lseek_r
                0x0000000000006e38        0x0 ./User/L610.o
 .rela.text._read_r
                0x0000000000006e38        0x0 ./User/L610.o
 .rela.text._close
                0x0000000000006e38        0x0 ./User/L610.o
 .rela.text._fstat
                0x0000000000006e38        0x0 ./User/L610.o
 .rela.text._isatty
                0x0000000000006e38        0x0 ./User/L610.o
 .rela.text._lseek
                0x0000000000006e38        0x0 ./User/L610.o
 .rela.text._read
                0x0000000000006e38        0x0 ./User/L610.o

.fini           0x0000000000006e38        0x0
 *(SORT_NONE(.fini))
                0x0000000000006e38                . = ALIGN (0x4)
                [!provide]                        PROVIDE (_etext = .)
                [!provide]                        PROVIDE (_eitcm = .)

.preinit_array  0x0000000000006e38        0x0
                [!provide]                        PROVIDE (__preinit_array_start = .)
 *(.preinit_array)
                [!provide]                        PROVIDE (__preinit_array_end = .)

.init_array     0x0000000000006e38        0x0
                [!provide]                        PROVIDE (__init_array_start = .)
 *(SORT_BY_INIT_PRIORITY(.init_array.*) SORT_BY_INIT_PRIORITY(.ctors.*))
 *(.init_array EXCLUDE_FILE(*crtend?.o *crtend.o *crtbegin?.o *crtbegin.o) .ctors)
                [!provide]                        PROVIDE (__init_array_end = .)

.fini_array     0x0000000000006e38        0x0
                [!provide]                        PROVIDE (__fini_array_start = .)
 *(SORT_BY_INIT_PRIORITY(.fini_array.*) SORT_BY_INIT_PRIORITY(.dtors.*))
 *(.fini_array EXCLUDE_FILE(*crtend?.o *crtend.o *crtbegin?.o *crtbegin.o) .dtors)
                [!provide]                        PROVIDE (__fini_array_end = .)

.ctors
 *crtbegin.o(.ctors)
 *crtbegin?.o(.ctors)
 *(EXCLUDE_FILE(*crtend?.o *crtend.o) .ctors)
 *(SORT_BY_NAME(.ctors.*))
 *(.ctors)

.dtors
 *crtbegin.o(.dtors)
 *crtbegin?.o(.dtors)
 *(EXCLUDE_FILE(*crtend?.o *crtend.o) .dtors)
 *(SORT_BY_NAME(.dtors.*))
 *(.dtors)

.dalign         0x0000000020000000        0x0 load address 0x0000000000006e38
                0x0000000020000000                . = ALIGN (0x4)
                0x0000000020000000                PROVIDE (_data_vma = .)

.dlalign        0x0000000000006e38        0x0
                0x0000000000006e38                . = ALIGN (0x4)
                0x0000000000006e38                PROVIDE (_data_lma = .)

.data           0x0000000020000000      0x1f8 load address 0x0000000000006e38
 *(.gnu.linkonce.r.*)
 *(.data .data.*)
 .data.APBAHBPrescTable
                0x0000000020000000       0x10 ./Peripheral/src/ch32v30x_rcc.o
 .data.impure_data
                0x0000000020000010       0x60 d:/mounriver/mounriver_studio/toolchain/risc-v embedded gcc/bin/../lib/gcc/riscv-none-embed/8.2.0/../../../../riscv-none-embed/lib/rv32imac/ilp32\libg_nano.a(lib_a-impure.o)
 .data.__global_locale
                0x0000000020000070      0x16c d:/mounriver/mounriver_studio/toolchain/risc-v embedded gcc/bin/../lib/gcc/riscv-none-embed/8.2.0/../../../../riscv-none-embed/lib/rv32imac/ilp32\libg_nano.a(lib_a-locale.o)
                0x0000000020000070                __global_locale
 *(.gnu.linkonce.d.*)
                0x00000000200001e0                . = ALIGN (0x8)
 *fill*         0x00000000200001dc        0x4 
                0x00000000200009e0                PROVIDE (__global_pointer$ = (. + 0x800))
 *(.sdata .sdata.*)
 .sdata.SystemCoreClock
                0x00000000200001e0        0x4 ./User/system_ch32v30x.o
                0x00000000200001e0                SystemCoreClock
 .sdata.ADCPrescTable
                0x00000000200001e4        0x4 ./Peripheral/src/ch32v30x_rcc.o
 .sdata.curbrk.5226
                0x00000000200001e8        0x4 ./Debug/debug.o
 .sdata._impure_ptr
                0x00000000200001ec        0x4 d:/mounriver/mounriver_studio/toolchain/risc-v embedded gcc/bin/../lib/gcc/riscv-none-embed/8.2.0/../../../../riscv-none-embed/lib/rv32imac/ilp32\libg_nano.a(lib_a-impure.o)
                0x00000000200001ec                _impure_ptr
 *(.sdata2.*)
 .sdata2._global_impure_ptr
                0x00000000200001f0        0x4 d:/mounriver/mounriver_studio/toolchain/risc-v embedded gcc/bin/../lib/gcc/riscv-none-embed/8.2.0/../../../../riscv-none-embed/lib/rv32imac/ilp32\libg_nano.a(lib_a-impure.o)
                0x00000000200001f0                _global_impure_ptr
 *(.gnu.linkonce.s.*)
                0x00000000200001f8                . = ALIGN (0x8)
 *fill*         0x00000000200001f4        0x4 
 *(.srodata.cst16)
 *(.srodata.cst8)
 *(.srodata.cst4)
 *(.srodata.cst2)
 *(.srodata .srodata.*)
                0x00000000200001f8                . = ALIGN (0x4)
                0x00000000200001f8                PROVIDE (_edata = .)

.bss            0x00000000200001f8      0x5c8 load address 0x0000000000007030
                0x00000000200001f8                . = ALIGN (0x4)
                0x00000000200001f8                PROVIDE (_sbss = .)
 *(.sbss*)
 .sbss.NVIC_Priority_Group
                0x00000000200001f8        0x4 ./Peripheral/src/ch32v30x_misc.o
                0x00000000200001f8                NVIC_Priority_Group
 .sbss.USART_Rbuffer_Num
                0x00000000200001fc        0x1 ./Hardware/usart.o
                0x00000000200001fc                USART_Rbuffer_Num
 *fill*         0x00000000200001fd        0x1 
 .sbss.p_ms     0x00000000200001fe        0x2 ./Debug/debug.o
 .sbss.p_us     0x0000000020000200        0x1 ./Debug/debug.o
 *fill*         0x0000000020000201        0x3 
 .sbss.__malloc_free_list
                0x0000000020000204        0x4 d:/mounriver/mounriver_studio/toolchain/risc-v embedded gcc/bin/../lib/gcc/riscv-none-embed/8.2.0/../../../../riscv-none-embed/lib/rv32imac/ilp32\libg_nano.a(lib_a-nano-mallocr.o)
                0x0000000020000204                __malloc_free_list
 .sbss.__malloc_sbrk_start
                0x0000000020000208        0x4 d:/mounriver/mounriver_studio/toolchain/risc-v embedded gcc/bin/../lib/gcc/riscv-none-embed/8.2.0/../../../../riscv-none-embed/lib/rv32imac/ilp32\libg_nano.a(lib_a-nano-mallocr.o)
                0x0000000020000208                __malloc_sbrk_start
 *(.gnu.linkonce.sb.*)
 *(.bss*)
 .bss.productInfo.5878
                0x000000002000020c      0x1a0 ./User/L610.o
 *(.gnu.linkonce.b.*)
 *(COMMON*)
 COMMON         0x00000000200003ac      0x410 ./User/L610.o
                0x00000000200003ac                endptr
                0x00000000200003b0                number
                0x00000000200003b4                strx
                0x00000000200003b8                USART_Rbuffer
                0x00000000200007b8                len
 COMMON         0x00000000200007bc        0x4 d:/mounriver/mounriver_studio/toolchain/risc-v embedded gcc/bin/../lib/gcc/riscv-none-embed/8.2.0/../../../../riscv-none-embed/lib/rv32imac/ilp32\libg_nano.a(lib_a-reent.o)
                0x00000000200007bc                errno
                0x00000000200007c0                . = ALIGN (0x4)
                0x00000000200007c0                PROVIDE (_ebss = .)
                0x00000000200007c0                PROVIDE (_end = _ebss)
                [!provide]                        PROVIDE (end = .)

.stack          0x0000000020007800      0x800
                0x0000000020007800                PROVIDE (_heap_end = .)
                0x0000000020007800                . = ALIGN (0x4)
                [!provide]                        PROVIDE (_susrstack = .)
                0x0000000020008000                . = (. + __stack_size)
 *fill*         0x0000000020007800      0x800 
                0x0000000020008000                PROVIDE (_eusrstack = .)
OUTPUT(L610Example.elf elf32-littleriscv)

.debug_info     0x0000000000000000     0xa1c2
 .debug_info    0x0000000000000000     0x1654 ./User/L610.o
 .debug_info    0x0000000000001654      0x962 ./User/ch32v30x_it.o
 .debug_info    0x0000000000001fb6      0xbea ./User/main.o
 .debug_info    0x0000000000002ba0      0xb63 ./User/system_ch32v30x.o
 .debug_info    0x0000000000003703       0x22 ./Startup/startup_ch32v30x_D8C.o
 .debug_info    0x0000000000003725     0x1093 ./Peripheral/src/ch32v30x_gpio.o
 .debug_info    0x00000000000047b8      0xf67 ./Peripheral/src/ch32v30x_misc.o
 .debug_info    0x000000000000571f     0x155d ./Peripheral/src/ch32v30x_rcc.o
 .debug_info    0x0000000000006c7c     0x1420 ./Peripheral/src/ch32v30x_usart.o
 .debug_info    0x000000000000809c     0x11e5 ./Hardware/usart.o
 .debug_info    0x0000000000009281      0xf41 ./Debug/debug.o

.debug_abbrev   0x0000000000000000     0x1c59
 .debug_abbrev  0x0000000000000000      0x310 ./User/L610.o
 .debug_abbrev  0x0000000000000310      0x1cf ./User/ch32v30x_it.o
 .debug_abbrev  0x00000000000004df      0x251 ./User/main.o
 .debug_abbrev  0x0000000000000730      0x2c0 ./User/system_ch32v30x.o
 .debug_abbrev  0x00000000000009f0       0x12 ./Startup/startup_ch32v30x_D8C.o
 .debug_abbrev  0x0000000000000a02      0x31a ./Peripheral/src/ch32v30x_gpio.o
 .debug_abbrev  0x0000000000000d1c      0x2fb ./Peripheral/src/ch32v30x_misc.o
 .debug_abbrev  0x0000000000001017      0x351 ./Peripheral/src/ch32v30x_rcc.o
 .debug_abbrev  0x0000000000001368      0x325 ./Peripheral/src/ch32v30x_usart.o
 .debug_abbrev  0x000000000000168d      0x2d3 ./Hardware/usart.o
 .debug_abbrev  0x0000000000001960      0x2f9 ./Debug/debug.o

.debug_loc      0x0000000000000000     0x1f38
 .debug_loc     0x0000000000000000      0x229 ./User/L610.o
 .debug_loc     0x0000000000000229       0x1e ./User/main.o
 .debug_loc     0x0000000000000247       0xe5 ./User/system_ch32v30x.o
 .debug_loc     0x000000000000032c      0x67b ./Peripheral/src/ch32v30x_gpio.o
 .debug_loc     0x00000000000009a7       0xce ./Peripheral/src/ch32v30x_misc.o
 .debug_loc     0x0000000000000a75      0xa54 ./Peripheral/src/ch32v30x_rcc.o
 .debug_loc     0x00000000000014c9      0x7f8 ./Peripheral/src/ch32v30x_usart.o
 .debug_loc     0x0000000000001cc1       0xcf ./Hardware/usart.o
 .debug_loc     0x0000000000001d90      0x1a8 ./Debug/debug.o

.debug_aranges  0x0000000000000000      0x4e8
 .debug_aranges
                0x0000000000000000       0x50 ./User/L610.o
 .debug_aranges
                0x0000000000000050       0x28 ./User/ch32v30x_it.o
 .debug_aranges
                0x0000000000000078       0x20 ./User/main.o
 .debug_aranges
                0x0000000000000098       0x28 ./User/system_ch32v30x.o
 .debug_aranges
                0x00000000000000c0       0x30 ./Startup/startup_ch32v30x_D8C.o
 .debug_aranges
                0x00000000000000f0       0xa8 ./Peripheral/src/ch32v30x_gpio.o
 .debug_aranges
                0x0000000000000198       0x28 ./Peripheral/src/ch32v30x_misc.o
 .debug_aranges
                0x00000000000001c0      0x1a8 ./Peripheral/src/ch32v30x_rcc.o
 .debug_aranges
                0x0000000000000368      0x100 ./Peripheral/src/ch32v30x_usart.o
 .debug_aranges
                0x0000000000000468       0x38 ./Hardware/usart.o
 .debug_aranges
                0x00000000000004a0       0x48 ./Debug/debug.o

.debug_ranges   0x0000000000000000      0x4c8
 .debug_ranges  0x0000000000000000       0x78 ./User/L610.o
 .debug_ranges  0x0000000000000078       0x18 ./User/ch32v30x_it.o
 .debug_ranges  0x0000000000000090       0x10 ./User/main.o
 .debug_ranges  0x00000000000000a0       0x38 ./User/system_ch32v30x.o
 .debug_ranges  0x00000000000000d8       0x28 ./Startup/startup_ch32v30x_D8C.o
 .debug_ranges  0x0000000000000100       0x98 ./Peripheral/src/ch32v30x_gpio.o
 .debug_ranges  0x0000000000000198       0x48 ./Peripheral/src/ch32v30x_misc.o
 .debug_ranges  0x00000000000001e0      0x198 ./Peripheral/src/ch32v30x_rcc.o
 .debug_ranges  0x0000000000000378       0xf0 ./Peripheral/src/ch32v30x_usart.o
 .debug_ranges  0x0000000000000468       0x28 ./Hardware/usart.o
 .debug_ranges  0x0000000000000490       0x38 ./Debug/debug.o

.debug_line     0x0000000000000000     0x6b90
 .debug_line    0x0000000000000000      0xea2 ./User/L610.o
 .debug_line    0x0000000000000ea2      0x251 ./User/ch32v30x_it.o
 .debug_line    0x00000000000010f3      0x49c ./User/main.o
 .debug_line    0x000000000000158f      0x79d ./User/system_ch32v30x.o
 .debug_line    0x0000000000001d2c      0x356 ./Startup/startup_ch32v30x_D8C.o
 .debug_line    0x0000000000002082      0xe21 ./Peripheral/src/ch32v30x_gpio.o
 .debug_line    0x0000000000002ea3      0x540 ./Peripheral/src/ch32v30x_misc.o
 .debug_line    0x00000000000033e3     0x1861 ./Peripheral/src/ch32v30x_rcc.o
 .debug_line    0x0000000000004c44     0x111a ./Peripheral/src/ch32v30x_usart.o
 .debug_line    0x0000000000005d5e      0x6c0 ./Hardware/usart.o
 .debug_line    0x000000000000641e      0x772 ./Debug/debug.o

.debug_str      0x0000000000000000     0x1e19
 .debug_str     0x0000000000000000      0x688 ./User/L610.o
                                        0x6f5 (size before relaxing)
 .debug_str     0x0000000000000688       0x34 ./User/ch32v30x_it.o
                                        0x5cd (size before relaxing)
 .debug_str     0x00000000000006bc       0x53 ./User/main.o
                                        0x6f3 (size before relaxing)
 .debug_str     0x000000000000070f      0x104 ./User/system_ch32v30x.o
                                        0x6c7 (size before relaxing)
 .debug_str     0x0000000000000813       0x2e ./Startup/startup_ch32v30x_D8C.o
                                         0x8c (size before relaxing)
 .debug_str     0x0000000000000841      0x3c9 ./Peripheral/src/ch32v30x_gpio.o
                                        0x988 (size before relaxing)
 .debug_str     0x0000000000000c0a      0x6e1 ./Peripheral/src/ch32v30x_misc.o
                                        0xcd3 (size before relaxing)
 .debug_str     0x00000000000012eb      0x5f7 ./Peripheral/src/ch32v30x_rcc.o
                                        0xcd8 (size before relaxing)
 .debug_str     0x00000000000018e2      0x421 ./Peripheral/src/ch32v30x_usart.o
                                        0xb2e (size before relaxing)
 .debug_str     0x0000000000001d03       0x99 ./Hardware/usart.o
                                        0xf23 (size before relaxing)
 .debug_str     0x0000000000001d9c       0x7d ./Debug/debug.o
                                        0x92d (size before relaxing)

.comment        0x0000000000000000       0x33
 .comment       0x0000000000000000       0x33 ./User/L610.o
                                         0x34 (size before relaxing)
 .comment       0x0000000000000033       0x34 ./User/ch32v30x_it.o
 .comment       0x0000000000000033       0x34 ./User/main.o
 .comment       0x0000000000000033       0x34 ./User/system_ch32v30x.o
 .comment       0x0000000000000033       0x34 ./Peripheral/src/ch32v30x_gpio.o
 .comment       0x0000000000000033       0x34 ./Peripheral/src/ch32v30x_misc.o
 .comment       0x0000000000000033       0x34 ./Peripheral/src/ch32v30x_rcc.o
 .comment       0x0000000000000033       0x34 ./Peripheral/src/ch32v30x_usart.o
 .comment       0x0000000000000033       0x34 ./Hardware/usart.o
 .comment       0x0000000000000033       0x34 ./Debug/debug.o

.debug_frame    0x0000000000000000     0x1da8
 .debug_frame   0x0000000000000000      0x184 ./User/L610.o
 .debug_frame   0x0000000000000184       0x30 ./User/ch32v30x_it.o
 .debug_frame   0x00000000000001b4       0x30 ./User/main.o
 .debug_frame   0x00000000000001e4       0x3c ./User/system_ch32v30x.o
 .debug_frame   0x0000000000000220      0x150 ./Peripheral/src/ch32v30x_gpio.o
 .debug_frame   0x0000000000000370       0x30 ./Peripheral/src/ch32v30x_misc.o
 .debug_frame   0x00000000000003a0      0x340 ./Peripheral/src/ch32v30x_rcc.o
 .debug_frame   0x00000000000006e0      0x210 ./Peripheral/src/ch32v30x_usart.o
 .debug_frame   0x00000000000008f0       0x94 ./Hardware/usart.o
 .debug_frame   0x0000000000000984       0xa4 ./Debug/debug.o
 .debug_frame   0x0000000000000a28       0x38 d:/mounriver/mounriver_studio/toolchain/risc-v embedded gcc/bin/../lib/gcc/riscv-none-embed/8.2.0/rv32imac/ilp32\libgcc.a(extendsfdf2.o)
 .debug_frame   0x0000000000000a60       0x20 d:/mounriver/mounriver_studio/toolchain/risc-v embedded gcc/bin/../lib/gcc/riscv-none-embed/8.2.0/rv32imac/ilp32\libgcc.a(_clzsi2.o)
 .debug_frame   0x0000000000000a80       0x54 d:/mounriver/mounriver_studio/toolchain/risc-v embedded gcc/bin/../lib/gcc/riscv-none-embed/8.2.0/../../../../riscv-none-embed/lib/rv32imac/ilp32\libg_nano.a(lib_a-printf.o)
 .debug_frame   0x0000000000000ad4       0x54 d:/mounriver/mounriver_studio/toolchain/risc-v embedded gcc/bin/../lib/gcc/riscv-none-embed/8.2.0/../../../../riscv-none-embed/lib/rv32imac/ilp32\libg_nano.a(lib_a-puts.o)
 .debug_frame   0x0000000000000b28       0x20 d:/mounriver/mounriver_studio/toolchain/risc-v embedded gcc/bin/../lib/gcc/riscv-none-embed/8.2.0/../../../../riscv-none-embed/lib/rv32imac/ilp32\libg_nano.a(lib_a-strstr.o)
 .debug_frame   0x0000000000000b48      0x154 d:/mounriver/mounriver_studio/toolchain/risc-v embedded gcc/bin/../lib/gcc/riscv-none-embed/8.2.0/../../../../riscv-none-embed/lib/rv32imac/ilp32\libg_nano.a(lib_a-strtod.o)
 .debug_frame   0x0000000000000c9c       0x50 d:/mounriver/mounriver_studio/toolchain/risc-v embedded gcc/bin/../lib/gcc/riscv-none-embed/8.2.0/../../../../riscv-none-embed/lib/rv32imac/ilp32\libg_nano.a(lib_a-wbuf.o)
 .debug_frame   0x0000000000000cec       0x3c d:/mounriver/mounriver_studio/toolchain/risc-v embedded gcc/bin/../lib/gcc/riscv-none-embed/8.2.0/../../../../riscv-none-embed/lib/rv32imac/ilp32\libg_nano.a(lib_a-wsetup.o)
 .debug_frame   0x0000000000000d28       0x7c d:/mounriver/mounriver_studio/toolchain/risc-v embedded gcc/bin/../lib/gcc/riscv-none-embed/8.2.0/../../../../riscv-none-embed/lib/rv32imac/ilp32\libg_nano.a(lib_a-fflush.o)
 .debug_frame   0x0000000000000da4      0x148 d:/mounriver/mounriver_studio/toolchain/risc-v embedded gcc/bin/../lib/gcc/riscv-none-embed/8.2.0/../../../../riscv-none-embed/lib/rv32imac/ilp32\libg_nano.a(lib_a-findfp.o)
 .debug_frame   0x0000000000000eec       0x88 d:/mounriver/mounriver_studio/toolchain/risc-v embedded gcc/bin/../lib/gcc/riscv-none-embed/8.2.0/../../../../riscv-none-embed/lib/rv32imac/ilp32\libg_nano.a(lib_a-fwalk.o)
 .debug_frame   0x0000000000000f74       0x84 d:/mounriver/mounriver_studio/toolchain/risc-v embedded gcc/bin/../lib/gcc/riscv-none-embed/8.2.0/../../../../riscv-none-embed/lib/rv32imac/ilp32\libg_nano.a(lib_a-gdtoa-gethex.o)
 .debug_frame   0x0000000000000ff8       0x80 d:/mounriver/mounriver_studio/toolchain/risc-v embedded gcc/bin/../lib/gcc/riscv-none-embed/8.2.0/../../../../riscv-none-embed/lib/rv32imac/ilp32\libg_nano.a(lib_a-gdtoa-hexnan.o)
 .debug_frame   0x0000000000001078       0x78 d:/mounriver/mounriver_studio/toolchain/risc-v embedded gcc/bin/../lib/gcc/riscv-none-embed/8.2.0/../../../../riscv-none-embed/lib/rv32imac/ilp32\libg_nano.a(lib_a-locale.o)
 .debug_frame   0x00000000000010f0       0x40 d:/mounriver/mounriver_studio/toolchain/risc-v embedded gcc/bin/../lib/gcc/riscv-none-embed/8.2.0/../../../../riscv-none-embed/lib/rv32imac/ilp32\libg_nano.a(lib_a-localeconv.o)
 .debug_frame   0x0000000000001130       0x64 d:/mounriver/mounriver_studio/toolchain/risc-v embedded gcc/bin/../lib/gcc/riscv-none-embed/8.2.0/../../../../riscv-none-embed/lib/rv32imac/ilp32\libg_nano.a(lib_a-makebuf.o)
 .debug_frame   0x0000000000001194       0x38 d:/mounriver/mounriver_studio/toolchain/risc-v embedded gcc/bin/../lib/gcc/riscv-none-embed/8.2.0/../../../../riscv-none-embed/lib/rv32imac/ilp32\libg_nano.a(lib_a-mbtowc_r.o)
 .debug_frame   0x00000000000011cc       0x20 d:/mounriver/mounriver_studio/toolchain/risc-v embedded gcc/bin/../lib/gcc/riscv-none-embed/8.2.0/../../../../riscv-none-embed/lib/rv32imac/ilp32\libg_nano.a(lib_a-memcpy.o)
 .debug_frame   0x00000000000011ec      0x2e0 d:/mounriver/mounriver_studio/toolchain/risc-v embedded gcc/bin/../lib/gcc/riscv-none-embed/8.2.0/../../../../riscv-none-embed/lib/rv32imac/ilp32\libg_nano.a(lib_a-mprec.o)
 .debug_frame   0x00000000000014cc       0x30 d:/mounriver/mounriver_studio/toolchain/risc-v embedded gcc/bin/../lib/gcc/riscv-none-embed/8.2.0/../../../../riscv-none-embed/lib/rv32imac/ilp32\libg_nano.a(lib_a-nano-callocr.o)
 .debug_frame   0x00000000000014fc       0x40 d:/mounriver/mounriver_studio/toolchain/risc-v embedded gcc/bin/../lib/gcc/riscv-none-embed/8.2.0/../../../../riscv-none-embed/lib/rv32imac/ilp32\libg_nano.a(lib_a-nano-freer.o)
 .debug_frame   0x000000000000153c       0x40 d:/mounriver/mounriver_studio/toolchain/risc-v embedded gcc/bin/../lib/gcc/riscv-none-embed/8.2.0/../../../../riscv-none-embed/lib/rv32imac/ilp32\libg_nano.a(lib_a-nano-mallocr.o)
 .debug_frame   0x000000000000157c       0xd0 d:/mounriver/mounriver_studio/toolchain/risc-v embedded gcc/bin/../lib/gcc/riscv-none-embed/8.2.0/../../../../riscv-none-embed/lib/rv32imac/ilp32\libg_nano.a(lib_a-nano-vfprintf.o)
 .debug_frame   0x000000000000164c       0x8c d:/mounriver/mounriver_studio/toolchain/risc-v embedded gcc/bin/../lib/gcc/riscv-none-embed/8.2.0/../../../../riscv-none-embed/lib/rv32imac/ilp32\libg_nano.a(lib_a-nano-vfprintf_i.o)
 .debug_frame   0x00000000000016d8       0x30 d:/mounriver/mounriver_studio/toolchain/risc-v embedded gcc/bin/../lib/gcc/riscv-none-embed/8.2.0/../../../../riscv-none-embed/lib/rv32imac/ilp32\libg_nano.a(lib_a-sbrkr.o)
 .debug_frame   0x0000000000001708       0x20 d:/mounriver/mounriver_studio/toolchain/risc-v embedded gcc/bin/../lib/gcc/riscv-none-embed/8.2.0/../../../../riscv-none-embed/lib/rv32imac/ilp32\libg_nano.a(lib_a-sf_nan.o)
 .debug_frame   0x0000000000001728       0xa4 d:/mounriver/mounriver_studio/toolchain/risc-v embedded gcc/bin/../lib/gcc/riscv-none-embed/8.2.0/../../../../riscv-none-embed/lib/rv32imac/ilp32\libg_nano.a(lib_a-stdio.o)
 .debug_frame   0x00000000000017cc       0x20 d:/mounriver/mounriver_studio/toolchain/risc-v embedded gcc/bin/../lib/gcc/riscv-none-embed/8.2.0/../../../../riscv-none-embed/lib/rv32imac/ilp32\libg_nano.a(lib_a-strlen.o)
 .debug_frame   0x00000000000017ec       0x20 d:/mounriver/mounriver_studio/toolchain/risc-v embedded gcc/bin/../lib/gcc/riscv-none-embed/8.2.0/../../../../riscv-none-embed/lib/rv32imac/ilp32\libg_nano.a(lib_a-strncmp.o)
 .debug_frame   0x000000000000180c       0x30 d:/mounriver/mounriver_studio/toolchain/risc-v embedded gcc/bin/../lib/gcc/riscv-none-embed/8.2.0/../../../../riscv-none-embed/lib/rv32imac/ilp32\libg_nano.a(lib_a-wctomb_r.o)
 .debug_frame   0x000000000000183c       0x30 d:/mounriver/mounriver_studio/toolchain/risc-v embedded gcc/bin/../lib/gcc/riscv-none-embed/8.2.0/../../../../riscv-none-embed/lib/rv32imac/ilp32\libg_nano.a(lib_a-writer.o)
 .debug_frame   0x000000000000186c       0x30 d:/mounriver/mounriver_studio/toolchain/risc-v embedded gcc/bin/../lib/gcc/riscv-none-embed/8.2.0/../../../../riscv-none-embed/lib/rv32imac/ilp32\libg_nano.a(lib_a-closer.o)
 .debug_frame   0x000000000000189c       0x30 d:/mounriver/mounriver_studio/toolchain/risc-v embedded gcc/bin/../lib/gcc/riscv-none-embed/8.2.0/../../../../riscv-none-embed/lib/rv32imac/ilp32\libg_nano.a(lib_a-fstatr.o)
 .debug_frame   0x00000000000018cc       0x30 d:/mounriver/mounriver_studio/toolchain/risc-v embedded gcc/bin/../lib/gcc/riscv-none-embed/8.2.0/../../../../riscv-none-embed/lib/rv32imac/ilp32\libg_nano.a(lib_a-isattyr.o)
 .debug_frame   0x00000000000018fc       0x30 d:/mounriver/mounriver_studio/toolchain/risc-v embedded gcc/bin/../lib/gcc/riscv-none-embed/8.2.0/../../../../riscv-none-embed/lib/rv32imac/ilp32\libg_nano.a(lib_a-lseekr.o)
 .debug_frame   0x000000000000192c       0x30 d:/mounriver/mounriver_studio/toolchain/risc-v embedded gcc/bin/../lib/gcc/riscv-none-embed/8.2.0/../../../../riscv-none-embed/lib/rv32imac/ilp32\libg_nano.a(lib_a-malloc.o)
 .debug_frame   0x000000000000195c       0x20 d:/mounriver/mounriver_studio/toolchain/risc-v embedded gcc/bin/../lib/gcc/riscv-none-embed/8.2.0/../../../../riscv-none-embed/lib/rv32imac/ilp32\libg_nano.a(lib_a-memchr.o)
 .debug_frame   0x000000000000197c       0x30 d:/mounriver/mounriver_studio/toolchain/risc-v embedded gcc/bin/../lib/gcc/riscv-none-embed/8.2.0/../../../../riscv-none-embed/lib/rv32imac/ilp32\libg_nano.a(lib_a-mlock.o)
 .debug_frame   0x00000000000019ac       0x30 d:/mounriver/mounriver_studio/toolchain/risc-v embedded gcc/bin/../lib/gcc/riscv-none-embed/8.2.0/../../../../riscv-none-embed/lib/rv32imac/ilp32\libg_nano.a(lib_a-readr.o)
 .debug_frame   0x00000000000019dc       0x70 d:/mounriver/mounriver_studio/toolchain/risc-v embedded gcc/bin/../lib/gcc/riscv-none-embed/8.2.0/../../../../riscv-none-embed/lib/rv32imac/ilp32\libg_nano.a(lib_a-reent.o)
 .debug_frame   0x0000000000001a4c       0x44 d:/mounriver/mounriver_studio/toolchain/risc-v embedded gcc/bin/../lib/gcc/riscv-none-embed/8.2.0/rv32imac/ilp32\libgcc.a(adddf3.o)
 .debug_frame   0x0000000000001a90       0x50 d:/mounriver/mounriver_studio/toolchain/risc-v embedded gcc/bin/../lib/gcc/riscv-none-embed/8.2.0/rv32imac/ilp32\libgcc.a(divdf3.o)
 .debug_frame   0x0000000000001ae0       0x20 d:/mounriver/mounriver_studio/toolchain/risc-v embedded gcc/bin/../lib/gcc/riscv-none-embed/8.2.0/rv32imac/ilp32\libgcc.a(eqdf2.o)
 .debug_frame   0x0000000000001b00       0x20 d:/mounriver/mounriver_studio/toolchain/risc-v embedded gcc/bin/../lib/gcc/riscv-none-embed/8.2.0/rv32imac/ilp32\libgcc.a(gedf2.o)
 .debug_frame   0x0000000000001b20       0x20 d:/mounriver/mounriver_studio/toolchain/risc-v embedded gcc/bin/../lib/gcc/riscv-none-embed/8.2.0/rv32imac/ilp32\libgcc.a(ledf2.o)
 .debug_frame   0x0000000000001b40       0x54 d:/mounriver/mounriver_studio/toolchain/risc-v embedded gcc/bin/../lib/gcc/riscv-none-embed/8.2.0/rv32imac/ilp32\libgcc.a(muldf3.o)
 .debug_frame   0x0000000000001b94       0x44 d:/mounriver/mounriver_studio/toolchain/risc-v embedded gcc/bin/../lib/gcc/riscv-none-embed/8.2.0/rv32imac/ilp32\libgcc.a(subdf3.o)
 .debug_frame   0x0000000000001bd8       0x20 d:/mounriver/mounriver_studio/toolchain/risc-v embedded gcc/bin/../lib/gcc/riscv-none-embed/8.2.0/rv32imac/ilp32\libgcc.a(unorddf2.o)
 .debug_frame   0x0000000000001bf8       0x20 d:/mounriver/mounriver_studio/toolchain/risc-v embedded gcc/bin/../lib/gcc/riscv-none-embed/8.2.0/rv32imac/ilp32\libgcc.a(fixdfsi.o)
 .debug_frame   0x0000000000001c18       0x20 d:/mounriver/mounriver_studio/toolchain/risc-v embedded gcc/bin/../lib/gcc/riscv-none-embed/8.2.0/rv32imac/ilp32\libgcc.a(fixunsdfsi.o)
 .debug_frame   0x0000000000001c38       0x38 d:/mounriver/mounriver_studio/toolchain/risc-v embedded gcc/bin/../lib/gcc/riscv-none-embed/8.2.0/rv32imac/ilp32\libgcc.a(floatsidf.o)
 .debug_frame   0x0000000000001c70       0x38 d:/mounriver/mounriver_studio/toolchain/risc-v embedded gcc/bin/../lib/gcc/riscv-none-embed/8.2.0/rv32imac/ilp32\libgcc.a(floatunsidf.o)
 .debug_frame   0x0000000000001ca8       0x20 d:/mounriver/mounriver_studio/toolchain/risc-v embedded gcc/bin/../lib/gcc/riscv-none-embed/8.2.0/rv32imac/ilp32\libgcc.a(lesf2.o)
 .debug_frame   0x0000000000001cc8       0x20 d:/mounriver/mounriver_studio/toolchain/risc-v embedded gcc/bin/../lib/gcc/riscv-none-embed/8.2.0/rv32imac/ilp32\libgcc.a(unordsf2.o)
 .debug_frame   0x0000000000001ce8       0x20 d:/mounriver/mounriver_studio/toolchain/risc-v embedded gcc/bin/../lib/gcc/riscv-none-embed/8.2.0/rv32imac/ilp32\libgcc.a(truncdfsf2.o)
 .debug_frame   0x0000000000001d08       0x20 d:/mounriver/mounriver_studio/toolchain/risc-v embedded gcc/bin/../lib/gcc/riscv-none-embed/8.2.0/../../../../riscv-none-embed/lib/rv32imac/ilp32\libnosys.a(close.o)
 .debug_frame   0x0000000000001d28       0x20 d:/mounriver/mounriver_studio/toolchain/risc-v embedded gcc/bin/../lib/gcc/riscv-none-embed/8.2.0/../../../../riscv-none-embed/lib/rv32imac/ilp32\libnosys.a(fstat.o)
 .debug_frame   0x0000000000001d48       0x20 d:/mounriver/mounriver_studio/toolchain/risc-v embedded gcc/bin/../lib/gcc/riscv-none-embed/8.2.0/../../../../riscv-none-embed/lib/rv32imac/ilp32\libnosys.a(isatty.o)
 .debug_frame   0x0000000000001d68       0x20 d:/mounriver/mounriver_studio/toolchain/risc-v embedded gcc/bin/../lib/gcc/riscv-none-embed/8.2.0/../../../../riscv-none-embed/lib/rv32imac/ilp32\libnosys.a(lseek.o)
 .debug_frame   0x0000000000001d88       0x20 d:/mounriver/mounriver_studio/toolchain/risc-v embedded gcc/bin/../lib/gcc/riscv-none-embed/8.2.0/../../../../riscv-none-embed/lib/rv32imac/ilp32\libnosys.a(read.o)

.stab           0x0000000000000000       0x84
 .stab          0x0000000000000000       0x24 d:/mounriver/mounriver_studio/toolchain/risc-v embedded gcc/bin/../lib/gcc/riscv-none-embed/8.2.0/../../../../riscv-none-embed/lib/rv32imac/ilp32\libnosys.a(close.o)
 .stab          0x0000000000000024       0x18 d:/mounriver/mounriver_studio/toolchain/risc-v embedded gcc/bin/../lib/gcc/riscv-none-embed/8.2.0/../../../../riscv-none-embed/lib/rv32imac/ilp32\libnosys.a(fstat.o)
                                         0x24 (size before relaxing)
 .stab          0x000000000000003c       0x18 d:/mounriver/mounriver_studio/toolchain/risc-v embedded gcc/bin/../lib/gcc/riscv-none-embed/8.2.0/../../../../riscv-none-embed/lib/rv32imac/ilp32\libnosys.a(isatty.o)
                                         0x24 (size before relaxing)
 .stab          0x0000000000000054       0x18 d:/mounriver/mounriver_studio/toolchain/risc-v embedded gcc/bin/../lib/gcc/riscv-none-embed/8.2.0/../../../../riscv-none-embed/lib/rv32imac/ilp32\libnosys.a(lseek.o)
                                         0x24 (size before relaxing)
 .stab          0x000000000000006c       0x18 d:/mounriver/mounriver_studio/toolchain/risc-v embedded gcc/bin/../lib/gcc/riscv-none-embed/8.2.0/../../../../riscv-none-embed/lib/rv32imac/ilp32\libnosys.a(read.o)
                                         0x24 (size before relaxing)

.stabstr        0x0000000000000000      0x117
 .stabstr       0x0000000000000000      0x117 d:/mounriver/mounriver_studio/toolchain/risc-v embedded gcc/bin/../lib/gcc/riscv-none-embed/8.2.0/../../../../riscv-none-embed/lib/rv32imac/ilp32\libnosys.a(close.o)
